Archive member included to satisfy reference by file (symbol)

D:/Win7/devkitPro/libnds/lib\libnds9.a(keys.o)
                              main.o (scanKeys)
D:/Win7/devkitPro/libnds/lib\libnds9.a(keyboard.o)
                              main.o (keyboardDemoInit)
D:/Win7/devkitPro/libnds/lib\libnds9.a(decompress.o)
                              D:/Win7/devkitPro/libnds/lib\libnds9.a(keyboard.o) (decompress)
D:/Win7/devkitPro/libnds/lib\libnds9.a(console.o)
                              main.o (consoleDemoInit)
D:/Win7/devkitPro/libnds/lib\libnds9.a(touch.o)
                              main.o (touchRead)
D:/Win7/devkitPro/libnds/lib\libnds9.a(background.o)
                              D:/Win7/devkitPro/libnds/lib\libnds9.a(keyboard.o) (bgUpdate)
D:/Win7/devkitPro/libnds/lib\libnds9.a(securearea.o)
                              d:/win7/devkitpro/devkitarm/bin/../lib/gcc/arm-none-eabi/7.1.0/../../../../arm-none-eabi/lib/thumb/ds_arm9_crt0.o (__secure_area__)
D:/Win7/devkitPro/libnds/lib\libnds9.a(initSystem.o)
                              d:/win7/devkitpro/devkitarm/bin/../lib/gcc/arm-none-eabi/7.1.0/../../../../arm-none-eabi/lib/thumb/ds_arm9_crt0.o (initSystem)
D:/Win7/devkitPro/libnds/lib\libnds9.a(fifosystem.o)
                              D:/Win7/devkitPro/libnds/lib\libnds9.a(initSystem.o) (fifoSetValue32Handler)
D:/Win7/devkitPro/libnds/lib\libnds9.a(syscalls.o)
                              D:/Win7/devkitPro/libnds/lib\libnds9.a(decompress.o) (swiDecompressLZSSVram)
D:/Win7/devkitPro/libnds/lib\libnds9.a(libnds_exit.arm.o)
                              d:/win7/devkitpro/devkitarm/bin/../lib/gcc/arm-none-eabi/7.1.0/../../../../arm-none-eabi/lib/thumb/ds_arm9_crt0.o (__libnds_exit)
D:/Win7/devkitPro/libnds/lib\libnds9.a(interrupts.o)
                              D:/Win7/devkitPro/libnds/lib\libnds9.a(fifosystem.o) (irqSet)
D:/Win7/devkitPro/libnds/lib\libnds9.a(cpu_clock.o)
                              D:/Win7/devkitPro/libnds/lib\libnds9.a(initSystem.o) (setCpuClock)
D:/Win7/devkitPro/libnds/lib\libnds9.a(IntrWait.o)
                              main.o (swiWaitForVBlank)
D:/Win7/devkitPro/libnds/lib\libnds9.a(mpu_setup.o)
                              d:/win7/devkitpro/devkitarm/bin/../lib/gcc/arm-none-eabi/7.1.0/../../../../arm-none-eabi/lib/thumb/ds_arm9_crt0.o (__libnds_mpu_setup)
D:/Win7/devkitPro/libnds/lib\libnds9.a(swiSoftReset.o)
                              D:/Win7/devkitPro/libnds/lib\libnds9.a(fifosystem.o) (swiSoftReset)
D:/Win7/devkitPro/libnds/lib\libnds9.a(debugprint.o)
                              D:/Win7/devkitPro/libnds/lib\libnds9.a(console.o) (nocashWrite)
D:/Win7/devkitPro/libnds/lib\libnds9.a(biosCalls.o)
                              D:/Win7/devkitPro/libnds/lib\libnds9.a(decompress.o) (swiDecompressLZSSWram)
D:/Win7/devkitPro/libnds/lib\libnds9.a(interruptDispatcher.o)
                              D:/Win7/devkitPro/libnds/lib\libnds9.a(interrupts.o) (IntrMain)
D:/Win7/devkitPro/libnds/lib\libnds9.a(default_font.bin.o)
                              D:/Win7/devkitPro/libnds/lib\libnds9.a(console.o) (default_font_bin)
D:/Win7/devkitPro/libnds/lib\libnds9.a(keyboardGfx.o)
                              D:/Win7/devkitPro/libnds/lib\libnds9.a(keyboard.o) (keyboardGfxTiles)
D:/Win7/devkitPro/libnds/lib\libnds9.a(trig.o)
                              D:/Win7/devkitPro/libnds/lib\libnds9.a(background.o) (sinLerp)
D:/Win7/devkitPro/libnds/lib\libnds9.a(system.o)
                              D:/Win7/devkitPro/libnds/lib\libnds9.a(initSystem.o) (systemValueHandler)
D:/Win7/devkitPro/libnds/lib\libnds9.a(video.o)
                              D:/Win7/devkitPro/libnds/lib\libnds9.a(initSystem.o) (vramDefault)
D:/Win7/devkitPro/libnds/lib\libnds9.a(timeSupport.o)
                              D:/Win7/devkitPro/libnds/lib\libnds9.a(initSystem.o) (__libnds_gtod)
d:/win7/devkitpro/devkitarm/bin/../lib/gcc/arm-none-eabi/7.1.0/thumb\libgcc.a(_divsi3.o)
                              D:/Win7/devkitPro/libnds/lib\libnds9.a(keyboard.o) (__aeabi_idiv)
d:/win7/devkitpro/devkitarm/bin/../lib/gcc/arm-none-eabi/7.1.0/thumb\libgcc.a(_dvmd_tls.o)
                              d:/win7/devkitpro/devkitarm/bin/../lib/gcc/arm-none-eabi/7.1.0/thumb\libgcc.a(_divsi3.o) (__aeabi_idiv0)
d:/win7/devkitpro/devkitarm/bin/../lib/gcc/arm-none-eabi/7.1.0/../../../../arm-none-eabi/lib/thumb\libg.a(lib_a-bsearch.o)
                              D:/Win7/devkitPro/libnds/lib\libnds9.a(trig.o) (bsearch)
d:/win7/devkitpro/devkitarm/bin/../lib/gcc/arm-none-eabi/7.1.0/../../../../arm-none-eabi/lib/thumb\libg.a(lib_a-fclose.o)
                              main.o (fclose)
d:/win7/devkitpro/devkitarm/bin/../lib/gcc/arm-none-eabi/7.1.0/../../../../arm-none-eabi/lib/thumb\libg.a(lib_a-fflush.o)
                              d:/win7/devkitpro/devkitarm/bin/../lib/gcc/arm-none-eabi/7.1.0/../../../../arm-none-eabi/lib/thumb\libg.a(lib_a-fclose.o) (__sflush_r)
[...]
Memory Configuration

Name             Origin             Length             Attributes
ewram            0x02000000         0x00380000
dtcm             0x0b000000         0x00004000
vectors          0x01000000         0x00000100
itcm             0x01000100         0x00007f00
*default*        0x00000000         0xffffffff

Linker script and memory map

                0x02380000                __ewram_end = (ORIGIN (ewram) + LENGTH (ewram))
                0x02380000                __eheap_end = (ORIGIN (ewram) + LENGTH (ewram))
                0x0b004000                __dtcm_top = (ORIGIN (dtcm) + LENGTH (dtcm))
                0x0b003ff8                __irq_flags = (__dtcm_top - 0x8)
                0x0b003ffc                __irq_vector = (__dtcm_top - 0x4)
                0x0b003f00                __sp_svc = (__dtcm_top - 0x100)
                0x0b003e00                __sp_irq = (__sp_svc - 0x100)
                0x0b003d00                __sp_usr = (__sp_irq - 0x100)

.secure         0x02000000      0x800
 *(.secure)
 .secure        0x02000000      0x800 D:/Win7/devkitPro/libnds/lib\libnds9.a(securearea.o)
                0x02000000                __secure_area__

.crt0           0x02000800      0x300
                0x02000800                __text_start = .
 *(.crt0)
 .crt0          0x02000800      0x300 d:/win7/devkitpro/devkitarm/bin/../lib/gcc/arm-none-eabi/7.1.0/../../../../arm-none-eabi/lib/thumb/ds_arm9_crt0.o
                0x02000800                _start
                0x02000b00                . = ALIGN (0x4)

.plt
 *(.plt)

.init           0x02000b00        0xc
 *(SORT(.init))
 .init          0x02000b00        0x4 d:/win7/devkitpro/devkitarm/bin/../lib/gcc/arm-none-eabi/7.1.0/thumb/crti.o
                0x02000b00                _init
 .init          0x02000b04        0x8 d:/win7/devkitpro/devkitarm/bin/../lib/gcc/arm-none-eabi/7.1.0/thumb/crtn.o

.text           0x02000b10    0x209b0
 *(EXCLUDE_FILE(*.twl* *.vectors* *.itcm*) .text)
 .text          0x02000b10      0x11c main.o
                0x02000b10                OnKeyPressed(int)
                0x02000b24                clearCanvas()
                0x02000b40                drawPixel(int, int, unsigned short)
                0x02000b54                generateColor()
                0x02000b94                initBackground()
                0x02000bac                savePPMImage(char*)
                0x02000bf0                saveImage()
 .text          0x02000c2c      0x150 d:/win7/devkitpro/devkitarm/bin/../lib/gcc/arm-none-eabi/7.1.0/thumb\libgcc.a(_divsi3.o)
                0x02000c2c                __divsi3
                0x02000c2c                __aeabi_idiv
                0x02000d5c                __aeabi_idivmod
 .text          0x02000d7c        0x4 d:/win7/devkitpro/devkitarm/bin/../lib/gcc/arm-none-eabi/7.1.0/thumb\libgcc.a(_dvmd_tls.o)
                0x02000d7c                __aeabi_idiv0
                0x02000d7c                __aeabi_ldiv0
 .text          0x02000d80      0x224 d:/win7/devkitpro/devkitarm/bin/../lib/gcc/arm-none-eabi/7.1.0/../../../../arm-none-eabi/lib/thumb\libg.a(lib_a-strcmp.o)
                0x02000d80                strcmp
 .text          0x02000fa4      0x11c d:/win7/devkitpro/devkitarm/bin/../lib/gcc/arm-none-eabi/7.1.0/thumb\libgcc.a(_udivsi3.o)
                0x02000fa4                __aeabi_uidiv
                0x02000fa4                __udivsi3
                0x020010a0                __aeabi_uidivmod
 .text          0x020010c0      0x424 d:/win7/devkitpro/devkitarm/bin/../lib/gcc/arm-none-eabi/7.1.0/thumb\libgcc.a(_arm_addsubdf3.o)
                0x020010c0                __aeabi_drsub
                0x020010c8                __aeabi_dsub
                0x020010c8                __subdf3
                0x020010cc                __aeabi_dadd
                0x020010cc                __adddf3
                0x020013dc                __floatunsidf
                0x020013dc                __aeabi_ui2d
                0x02001400                __floatsidf
                0x02001400                __aeabi_i2d
                0x02001428                __aeabi_f2d
                0x02001428                __extendsfdf2
                0x02001470                __floatundidf
                0x02001470                __aeabi_ul2d
                0x02001484                __floatdidf
                0x02001484                __aeabi_l2d
 .text          0x020014e4      0x49c d:/win7/devkitpro/devkitarm/bin/../lib/gcc/arm-none-eabi/7.1.0/thumb\libgcc.a(_arm_muldivdf3.o)
                0x020014e4                __aeabi_dmul
                0x020014e4                __muldf3
                0x02001774                __divdf3
                0x02001774                __aeabi_ddiv
 .text          0x02001980      0x144 d:/win7/devkitpro/devkitarm/bin/../lib/gcc/arm-none-eabi/7.1.0/thumb\libgcc.a(_arm_cmpdf2.o)
                0x02001980                __gtdf2
                0x02001980                __gedf2
                0x02001988                __ltdf2
                0x02001988                __ledf2
                0x02001990                __nedf2
                0x02001990                __eqdf2
                0x02001990                __cmpdf2
                0x02001a18                __aeabi_cdrcmple
                0x02001a34                __aeabi_cdcmpeq
                0x02001a34                __aeabi_cdcmple
                0x02001a4c                __aeabi_dcmpeq
                0x02001a64                __aeabi_dcmplt
                0x02001a7c                __aeabi_dcmple
                0x02001a94                __aeabi_dcmpge
                0x02001aac                __aeabi_dcmpgt
 .text          0x02001ac4       0x38 d:/win7/devkitpro/devkitarm/bin/../lib/gcc/arm-none-eabi/7.1.0/thumb\libgcc.a(_arm_unorddf2.o)
                0x02001ac4                __unorddf2
                0x02001ac4                __aeabi_dcmpun
 .text          0x02001afc       0x5c d:/win7/devkitpro/devkitarm/bin/../lib/gcc/arm-none-eabi/7.1.0/thumb\libgcc.a(_arm_fixdfsi.o)
                0x02001afc                __aeabi_d2iz
                0x02001afc                __fixdfsi
 .text          0x02001b58       0x54 d:/win7/devkitpro/devkitarm/bin/../lib/gcc/arm-none-eabi/7.1.0/thumb\libgcc.a(_arm_fixunsdfsi.o)
                0x02001b58                __aeabi_d2uiz
                0x02001b58                __fixunsdfsi
 .text          0x02001bac       0xa0 d:/win7/devkitpro/devkitarm/bin/../lib/gcc/arm-none-eabi/7.1.0/thumb\libgcc.a(_arm_truncdfsf2.o)
                0x02001bac                __truncdfsf2
                0x02001bac                __aeabi_d2f
 .text          0x02001c4c       0x3c d:/win7/devkitpro/devkitarm/bin/../lib/gcc/arm-none-eabi/7.1.0/thumb\libgcc.a(_aeabi_uldivmod.o)
                0x02001c4c                __aeabi_uldivmod
 .text          0x02001c88       0x28 d:/win7/devkitpro/devkitarm/bin/../lib/gcc/arm-none-eabi/7.1.0/thumb\libgcc.a(_clzdi2.o)
                0x02001c88                __clzdi2
 .text          0x02001cb0       0x48 d:/win7/devkitpro/devkitarm/bin/../lib/gcc/arm-none-eabi/7.1.0/thumb\libgcc.a(_clzsi2.o)
                0x02001cb0                __clzsi2
 *(EXCLUDE_FILE(*.twl* *.vectors* *.itcm*) .stub)
 *(EXCLUDE_FILE(*.twl* *.vectors* *.itcm*) .text.*)
 .text.deregister_tm_clones
                0x02001cf8       0x2c d:/win7/devkitpro/devkitarm/bin/../lib/gcc/arm-none-eabi/7.1.0/thumb/crtbegin.o
 .text.register_tm_clones
                0x02001d24       0x34 d:/win7/devkitpro/devkitarm/bin/../lib/gcc/arm-none-eabi/7.1.0/thumb/crtbegin.o
 .text.__do_global_dtors_aux
                0x02001d58       0x30 d:/win7/devkitpro/devkitarm/bin/../lib/gcc/arm-none-eabi/7.1.0/thumb/crtbegin.o
 .text.frame_dummy
                0x02001d88       0x28 d:/win7/devkitpro/devkitarm/bin/../lib/gcc/arm-none-eabi/7.1.0/thumb/crtbegin.o
 .text.startup  0x02001db0       0xe0 main.o
                0x02001db0                main
 .text.scanKeys
                0x02001e90       0x8c D:/Win7/devkitPro/libnds/lib\libnds9.a(keys.o)
                0x02001e90                scanKeys
 .text.keysDown
                0x02001f1c       0x14 D:/Win7/devkitPro/libnds/lib\libnds9.a(keys.o)
                0x02001f1c                keysDown
 .text.keysCurrent
                0x02001f30       0x38 D:/Win7/devkitPro/libnds/lib\libnds9.a(keys.o)
                0x02001f30                keysCurrent
 .text.swapKeyGfx.part.2
                0x02001f68      0x138 D:/Win7/devkitPro/libnds/lib\libnds9.a(keyboard.o)
 .text.keyboardGetKey
                0x020020a0       0x4c D:/Win7/devkitPro/libnds/lib\libnds9.a(keyboard.o)
                0x020020a0                keyboardGetKey
 .text.keyboardShiftState
                0x020020ec       0x8c D:/Win7/devkitPro/libnds/lib\libnds9.a(keyboard.o)
                0x020020ec                keyboardShiftState
 .text.keyboardUpdate
                0x02002178      0x134 D:/Win7/devkitPro/libnds/lib\libnds9.a(keyboard.o)
                0x02002178                keyboardUpdate
 .text.keyboardInit
                0x020022ac      0x200 D:/Win7/devkitPro/libnds/lib\libnds9.a(keyboard.o)
                0x020022ac                keyboardInit
 .text.keyboardDemoInit
                0x020024ac       0x2c D:/Win7/devkitPro/libnds/lib\libnds9.a(keyboard.o)
                0x020024ac                keyboardDemoInit
 .text.keyboardShow
                0x020024d8       0xdc D:/Win7/devkitPro/libnds/lib\libnds9.a(keyboard.o)
                0x020024d8                keyboardShow
 .text.keyboardHide
                0x020025b4       0x90 D:/Win7/devkitPro/libnds/lib\libnds9.a(keyboard.o)
                0x020025b4                keyboardHide
 .text.keyboardRead
                0x02002644       0xc4 D:/Win7/devkitPro/libnds/lib\libnds9.a(keyboard.o)
                0x02002644                keyboardRead
 .text.getHeader
                0x02002708        0x4 D:/Win7/devkitPro/libnds/lib\libnds9.a(decompress.o)
 .text.readByte
                0x0200270c        0x4 D:/Win7/devkitPro/libnds/lib\libnds9.a(decompress.o)
 .text.decompress
                0x02002710       0x40 D:/Win7/devkitPro/libnds/lib\libnds9.a(decompress.o)
                0x02002710                decompress
 .text.newRow   0x02002750       0xbc D:/Win7/devkitPro/libnds/lib\libnds9.a(console.o)
 .text.consolePrintChar
                0x0200280c       0xec D:/Win7/devkitPro/libnds/lib\libnds9.a(console.o)
                0x0200280c                consolePrintChar
 .text.consoleCls
                0x020028f8       0xec D:/Win7/devkitPro/libnds/lib\libnds9.a(console.o)
 .text.consoleLoadFont
                0x020029e4      0x270 D:/Win7/devkitPro/libnds/lib\libnds9.a(console.o)
                0x020029e4                consoleLoadFont
 .text.consoleInit
                0x02002c54      0x15c D:/Win7/devkitPro/libnds/lib\libnds9.a(console.o)
                0x02002c54                consoleInit
 .text.consoleDemoInit
                0x02002db0       0x40 D:/Win7/devkitPro/libnds/lib\libnds9.a(console.o)
                0x02002db0                consoleDemoInit
 .text.con_write
                0x02002df0      0x288 D:/Win7/devkitPro/libnds/lib\libnds9.a(console.o)
                0x02002df0                con_write
 .text.consoleClear
                0x02003078       0x10 D:/Win7/devkitPro/libnds/lib\libnds9.a(console.o)
                0x02003078                consoleClear
 .text.touchRead
                0x02003088       0x24 D:/Win7/devkitPro/libnds/lib\libnds9.a(touch.o)
                0x02003088                touchRead
 .text.checkIfText.part.0
                0x020030ac       0x3c D:/Win7/devkitPro/libnds/lib\libnds9.a(background.o)
 .text.bgUpdate
                0x020030e8       0xec D:/Win7/devkitPro/libnds/lib\libnds9.a(background.o)
                0x020030e8                bgUpdate
 .text.bgInit_call
                0x020031d4       0xbc D:/Win7/devkitPro/libnds/lib\libnds9.a(background.o)
                0x020031d4                bgInit_call
 .text.bgInitSub_call
                0x02003290       0xc4 D:/Win7/devkitPro/libnds/lib\libnds9.a(background.o)
                0x02003290                bgInitSub_call
 .text.initSystem
                0x02003354      0x194 D:/Win7/devkitPro/libnds/lib\libnds9.a(initSystem.o)
                0x02003354                initSystem
 .text.__timeoutvbl
                0x020034e8       0x10 D:/Win7/devkitPro/libnds/lib\libnds9.a(fifosystem.o)
 .text.fifo_allocBlock.part.0
                0x020034f8       0x34 D:/Win7/devkitPro/libnds/lib\libnds9.a(fifosystem.o)
 .text.fifo_waitBlock
                0x0200352c       0x48 D:/Win7/devkitPro/libnds/lib\libnds9.a(fifosystem.o)
 .text.fifo_queueBlock
                0x02003574       0x44 D:/Win7/devkitPro/libnds/lib\libnds9.a(fifosystem.o)
 .text.fifoInternalSendInterrupt
                0x020035b8       0xac D:/Win7/devkitPro/libnds/lib\libnds9.a(fifosystem.o)
 .text.fifoInternalSend.part.3
                0x02003664       0xd4 D:/Win7/devkitPro/libnds/lib\libnds9.a(fifosystem.o)
 .text.fifoGetValue32.part.4
                0x02003738       0x74 D:/Win7/devkitPro/libnds/lib\libnds9.a(fifosystem.o)
 .text.fifoSetValue32Handler
                0x020037ac       0x74 D:/Win7/devkitPro/libnds/lib\libnds9.a(fifosystem.o)
                0x020037ac                fifoSetValue32Handler
 .text.fifoSendValue32
                0x02003820       0x4c D:/Win7/devkitPro/libnds/lib\libnds9.a(fifosystem.o)
                0x02003820                fifoSendValue32
 .text.fifoGetDatamsg
                0x0200386c      0x140 D:/Win7/devkitPro/libnds/lib\libnds9.a(fifosystem.o)
                0x0200386c                fifoGetDatamsg
 .text.fifoInternalRecvInterrupt
                0x020039ac      0x3a0 D:/Win7/devkitPro/libnds/lib\libnds9.a(fifosystem.o)
 .text.fifoSetDatamsgHandler
                0x02003d4c       0x9c D:/Win7/devkitPro/libnds/lib\libnds9.a(fifosystem.o)
                0x02003d4c                fifoSetDatamsgHandler
 .text.fifoInit
                0x02003de8      0x1cc D:/Win7/devkitPro/libnds/lib\libnds9.a(fifosystem.o)
                0x02003de8                fifoInit
 .text.swiDecompressLZSSVram
                0x02003fb4       0x1c D:/Win7/devkitPro/libnds/lib\libnds9.a(syscalls.o)
                0x02003fb4                swiDecompressLZSSVram
 .text.systemErrorExit
                0x02003fd0        0x4 D:/Win7/devkitPro/libnds/lib\libnds9.a(libnds_exit.arm.o)
                0x02003fd0                systemErrorExit
 *fill*         0x02003fd4        0x4 ff
 .text.__libnds_exit
                0x02003fd8       0x5c D:/Win7/devkitPro/libnds/lib\libnds9.a(libnds_exit.arm.o)
                0x02003fd8                __libnds_exit
 .text.irqDummy
                0x02004034        0x4 D:/Win7/devkitPro/libnds/lib\libnds9.a(interrupts.o)
                0x02004034                irqDummy
 .text.irqSet   0x02004038       0x6c D:/Win7/devkitPro/libnds/lib\libnds9.a(interrupts.o)
                0x02004038                irqSet
 .text.irqInit  0x020040a4       0x50 D:/Win7/devkitPro/libnds/lib\libnds9.a(interrupts.o)
                0x020040a4                irqInit
 .text.irqEnable
                0x020040f4       0x64 D:/Win7/devkitPro/libnds/lib\libnds9.a(interrupts.o)
                0x020040f4                irqEnable
 .text.irqDisable
                0x02004158       0x64 D:/Win7/devkitPro/libnds/lib\libnds9.a(interrupts.o)
                0x02004158                irqDisable
 .text.setCpuClock
                0x020041bc       0x50 D:/Win7/devkitPro/libnds/lib\libnds9.a(cpu_clock.o)
                0x020041bc                setCpuClock
 .text.swiWaitForVBlank
                0x0200420c        0x8 D:/Win7/devkitPro/libnds/lib\libnds9.a(IntrWait.o)
                0x0200420c                swiWaitForVBlank
 .text.swiIntrWait
                0x02004214       0x64 D:/Win7/devkitPro/libnds/lib\libnds9.a(IntrWait.o)
                0x02004214                swiIntrWait
 .text.__libnds_mpu_setup
                0x02004278      0x174 D:/Win7/devkitPro/libnds/lib\libnds9.a(mpu_setup.o)
                0x02004278                __libnds_mpu_setup
 .text.memUncached
                0x020043ec       0x20 D:/Win7/devkitPro/libnds/lib\libnds9.a(mpu_setup.o)
                0x020043ec                memUncached
 .text.swiSoftReset
                0x0200440c       0x2c D:/Win7/devkitPro/libnds/lib\libnds9.a(swiSoftReset.o)
                0x0200440c                swiSoftReset
 .text.swiDelay
                0x02004438        0x4 D:/Win7/devkitPro/libnds/lib\libnds9.a(biosCalls.o)
                0x02004438                swiDelay
 .text.swiDecompressLZSSWram
                0x0200443c        0x4 D:/Win7/devkitPro/libnds/lib\libnds9.a(biosCalls.o)
                0x0200443c                swiDecompressLZSSWram
 .text.swiDecompressLZSSVramNTR
                0x02004440        0x4 D:/Win7/devkitPro/libnds/lib\libnds9.a(biosCalls.o)
                0x02004440                swiDecompressLZSSVramNTR
 .text.swiDecompressLZSSVramTWL
                0x02004444        0x4 D:/Win7/devkitPro/libnds/lib\libnds9.a(biosCalls.o)
                0x02004444                swiDecompressLZSSVramTWL
 .text.swiDecompressHuffman
                0x02004448        0x4 D:/Win7/devkitPro/libnds/lib\libnds9.a(biosCalls.o)
                0x02004448                swiDecompressHuffman
 .text.swiDecompressRLEWram
                0x0200444c        0x4 D:/Win7/devkitPro/libnds/lib\libnds9.a(biosCalls.o)
                0x0200444c                swiDecompressRLEWram
 .text.swiDecompressRLEVram
                0x02004450        0x4 D:/Win7/devkitPro/libnds/lib\libnds9.a(biosCalls.o)
                0x02004450                swiDecompressRLEVram
 .text.sinLerp  0x02004454       0xa0 D:/Win7/devkitPro/libnds/lib\libnds9.a(trig.o)
                0x02004454                sinLerp
 .text.cosLerp  0x020044f4       0x14 D:/Win7/devkitPro/libnds/lib\libnds9.a(trig.o)
                0x020044f4                cosLerp
 .text.systemValueHandler
                0x02004508       0x48 D:/Win7/devkitPro/libnds/lib\libnds9.a(system.o)
                0x02004508                systemValueHandler
 .text.systemMsgHandler
                0x02004550       0x5c D:/Win7/devkitPro/libnds/lib\libnds9.a(system.o)
                0x02004550                systemMsgHandler
 .text.powerOn  0x020045ac       0x2c D:/Win7/devkitPro/libnds/lib\libnds9.a(system.o)
                0x020045ac                powerOn
 .text.vramDefault
                0x020045d8       0xd0 D:/Win7/devkitPro/libnds/lib\libnds9.a(video.o)
                0x020045d8                vramDefault
 .text.__libnds_gtod
                0x020046a8       0x24 D:/Win7/devkitPro/libnds/lib\libnds9.a(timeSupport.o)
                0x020046a8                __libnds_gtod
 .text._fclose_r
                0x020046cc       0xe0 d:/win7/devkitpro/devkitarm/bin/../lib/gcc/arm-none-eabi/7.1.0/../../../../arm-none-eabi/lib/thumb\libg.a(lib_a-fclose.o)
                0x020046cc                _fclose_r
 .text.fclose   0x020047ac       0x14 d:/win7/devkitpro/devkitarm/bin/../lib/gcc/arm-none-eabi/7.1.0/../../../../arm-none-eabi/lib/thumb\libg.a(lib_a-fclose.o)
                0x020047ac                fclose
 .text.__sflush_r
                0x020047c0      0x19c d:/win7/devkitpro/devkitarm/bin/../lib/gcc/arm-none-eabi/7.1.0/../../../../arm-none-eabi/lib/thumb\libg.a(lib_a-fflush.o)
                0x020047c0                __sflush_r
 .text._fflush_r
                0x0200495c       0x58 d:/win7/devkitpro/devkitarm/bin/../lib/gcc/arm-none-eabi/7.1.0/../../../../arm-none-eabi/lib/thumb\libg.a(lib_a-fflush.o)
                0x0200495c                _fflush_r
 .text.fflush   0x020049b4       0x2c d:/win7/devkitpro/devkitarm/bin/../lib/gcc/arm-none-eabi/7.1.0/../../../../arm-none-eabi/lib/thumb\libg.a(lib_a-fflush.o)
                0x020049b4                fflush
 .text._cleanup_r
                0x020049e0       0x14 d:/win7/devkitpro/devkitarm/bin/../lib/gcc/arm-none-eabi/7.1.0/../../../../arm-none-eabi/lib/thumb\libg.a(lib_a-findfp.o)
                0x020049e0                _cleanup_r
 .text.std.isra.0
                0x020049f4       0x54 d:/win7/devkitpro/devkitarm/bin/../lib/gcc/arm-none-eabi/7.1.0/../../../../arm-none-eabi/lib/thumb\libg.a(lib_a-findfp.o)
 .text.__sfmoreglue
                0x02004a48       0x34 d:/win7/devkitpro/devkitarm/bin/../lib/gcc/arm-none-eabi/7.1.0/../../../../arm-none-eabi/lib/thumb\libg.a(lib_a-findfp.o)
                0x02004a48                __sfmoreglue
 .text.__sinit  0x02004a7c       0x64 d:/win7/devkitpro/devkitarm/bin/../lib/gcc/arm-none-eabi/7.1.0/../../../../arm-none-eabi/lib/thumb\libg.a(lib_a-findfp.o)
                0x02004a7c                __sinit
 .text.__sfp    0x02004ae0       0xb0 d:/win7/devkitpro/devkitarm/bin/../lib/gcc/arm-none-eabi/7.1.0/../../../../arm-none-eabi/lib/thumb\libg.a(lib_a-findfp.o)
                0x02004ae0                __sfp
 .text.__sfp_lock_acquire
                0x02004b90       0x14 d:/win7/devkitpro/devkitarm/bin/../lib/gcc/arm-none-eabi/7.1.0/../../../../arm-none-eabi/lib/thumb\libg.a(lib_a-findfp.o)
                0x02004b90                __sfp_lock_acquire
 .text.__sfp_lock_release
                0x02004ba4       0x14 d:/win7/devkitpro/devkitarm/bin/../lib/gcc/arm-none-eabi/7.1.0/../../../../arm-none-eabi/lib/thumb\libg.a(lib_a-findfp.o)
                0x02004ba4                __sfp_lock_release
 .text._fopen_r
                0x02004bb8       0xb8 d:/win7/devkitpro/devkitarm/bin/../lib/gcc/arm-none-eabi/7.1.0/../../../../arm-none-eabi/lib/thumb\libg.a(lib_a-fopen.o)
                0x02004bb8                _fopen_r
 .text.fopen    0x02004c70       0x18 d:/win7/devkitpro/devkitarm/bin/../lib/gcc/arm-none-eabi/7.1.0/../../../../arm-none-eabi/lib/thumb\libg.a(lib_a-fopen.o)
                0x02004c70                fopen
 .text.fprintf  0x02004c88       0x28 d:/win7/devkitpro/devkitarm/bin/../lib/gcc/arm-none-eabi/7.1.0/../../../../arm-none-eabi/lib/thumb\libg.a(lib_a-fprintf.o)
                0x02004c88                fprintf
 .text.fputc    0x02004cb0       0x58 d:/win7/devkitpro/devkitarm/bin/../lib/gcc/arm-none-eabi/7.1.0/../../../../arm-none-eabi/lib/thumb\libg.a(lib_a-fputc.o)
                0x02004cb0                fputc
 .text._malloc_trim_r
                0x02004d08       0xa4 d:/win7/devkitpro/devkitarm/bin/../lib/gcc/arm-none-eabi/7.1.0/../../../../arm-none-eabi/lib/thumb\libg.a(lib_a-freer.o)
                0x02004d08                _malloc_trim_r
 .text._free_r  0x02004dac      0x1d8 d:/win7/devkitpro/devkitarm/bin/../lib/gcc/arm-none-eabi/7.1.0/../../../../arm-none-eabi/lib/thumb\libg.a(lib_a-freer.o)
                0x02004dac                _free_r
 .text._fseek_r
                0x02004f84       0x14 d:/win7/devkitpro/devkitarm/bin/../lib/gcc/arm-none-eabi/7.1.0/../../../../arm-none-eabi/lib/thumb\libg.a(lib_a-fseek.o)
                0x02004f84                _fseek_r
 .text._fseeko_r
                0x02004f98      0x428 d:/win7/devkitpro/devkitarm/bin/../lib/gcc/arm-none-eabi/7.1.0/../../../../arm-none-eabi/lib/thumb\libg.a(lib_a-fseeko.o)
                0x02004f98                _fseeko_r
 .text._fwalk   0x020053c0       0x4c d:/win7/devkitpro/devkitarm/bin/../lib/gcc/arm-none-eabi/7.1.0/../../../../arm-none-eabi/lib/thumb\libg.a(lib_a-fwalk.o)
                0x020053c0                _fwalk
 .text._fwalk_reent
                0x0200540c       0x54 d:/win7/devkitpro/devkitarm/bin/../lib/gcc/arm-none-eabi/7.1.0/../../../../arm-none-eabi/lib/thumb\libg.a(lib_a-fwalk.o)
                0x0200540c                _fwalk_reent
 .text.__libc_init_array
                0x02005460       0x54 d:/win7/devkitpro/devkitarm/bin/../lib/gcc/arm-none-eabi/7.1.0/../../../../arm-none-eabi/lib/thumb\libg.a(lib_a-init.o)
                0x02005460                __libc_init_array
 .text.iprintf  0x020054b4       0x24 d:/win7/devkitpro/devkitarm/bin/../lib/gcc/arm-none-eabi/7.1.0/../../../../arm-none-eabi/lib/thumb\libg.a(lib_a-iprintf.o)
                0x020054b4                iprintf
 .text.__swhatbuf_r
                0x020054d8       0x64 d:/win7/devkitpro/devkitarm/bin/../lib/gcc/arm-none-eabi/7.1.0/../../../../arm-none-eabi/lib/thumb\libg.a(lib_a-makebuf.o)
                0x020054d8                __swhatbuf_r
 .text.__smakebuf_r
                0x0200553c       0x98 d:/win7/devkitpro/devkitarm/bin/../lib/gcc/arm-none-eabi/7.1.0/../../../../arm-none-eabi/lib/thumb\libg.a(lib_a-makebuf.o)
                0x0200553c                __smakebuf_r
 .text._malloc_r
                0x020055d4      0x56c d:/win7/devkitpro/devkitarm/bin/../lib/gcc/arm-none-eabi/7.1.0/../../../../arm-none-eabi/lib/thumb\libg.a(lib_a-mallocr.o)
                0x020055d4                _malloc_r
 .text.memcpy   0x02005b40       0x8c d:/win7/devkitpro/devkitarm/bin/../lib/gcc/arm-none-eabi/7.1.0/../../../../arm-none-eabi/lib/thumb\libg.a(lib_a-memcpy-stub.o)
                0x02005b40                memcpy
 .text.memset   0x02005bcc       0xa4 d:/win7/devkitpro/devkitarm/bin/../lib/gcc/arm-none-eabi/7.1.0/../../../../arm-none-eabi/lib/thumb\libg.a(lib_a-memset.o)
                0x02005bcc                memset
 .text.__malloc_lock
                0x02005c70       0x14 d:/win7/devkitpro/devkitarm/bin/../lib/gcc/arm-none-eabi/7.1.0/../../../../arm-none-eabi/lib/thumb\libg.a(lib_a-mlock.o)
                0x02005c70                __malloc_lock
 .text.__malloc_unlock
                0x02005c84       0x14 d:/win7/devkitpro/devkitarm/bin/../lib/gcc/arm-none-eabi/7.1.0/../../../../arm-none-eabi/lib/thumb\libg.a(lib_a-mlock.o)
                0x02005c84                __malloc_unlock
 .text._putc_r  0x02005c98       0x7c d:/win7/devkitpro/devkitarm/bin/../lib/gcc/arm-none-eabi/7.1.0/../../../../arm-none-eabi/lib/thumb\libg.a(lib_a-putc.o)
                0x02005c98                _putc_r
 .text.rand     0x02005d14       0x34 d:/win7/devkitpro/devkitarm/bin/../lib/gcc/arm-none-eabi/7.1.0/../../../../arm-none-eabi/lib/thumb\libg.a(lib_a-rand.o)
                0x02005d14                rand
 .text.lflush   0x02005d48       0x20 d:/win7/devkitpro/devkitarm/bin/../lib/gcc/arm-none-eabi/7.1.0/../../../../arm-none-eabi/lib/thumb\libg.a(lib_a-refill.o)
 .text.__srefill_r
                0x02005d68      0x110 d:/win7/devkitpro/devkitarm/bin/../lib/gcc/arm-none-eabi/7.1.0/../../../../arm-none-eabi/lib/thumb\libg.a(lib_a-refill.o)
                0x02005d68                __srefill_r
 .text.scanf    0x02005e78       0x24 d:/win7/devkitpro/devkitarm/bin/../lib/gcc/arm-none-eabi/7.1.0/../../../../arm-none-eabi/lib/thumb\libg.a(lib_a-scanf.o)
                0x02005e78                scanf
 .text.setvbuf  0x02005e9c      0x194 d:/win7/devkitpro/devkitarm/bin/../lib/gcc/arm-none-eabi/7.1.0/../../../../arm-none-eabi/lib/thumb\libg.a(lib_a-setvbuf.o)
                0x02005e9c                setvbuf
 .text.siscanf  0x02006030       0x4c d:/win7/devkitpro/devkitarm/bin/../lib/gcc/arm-none-eabi/7.1.0/../../../../arm-none-eabi/lib/thumb\libg.a(lib_a-siscanf.o)
                0x02006030                siscanf
 .text.__sread  0x0200607c       0x34 d:/win7/devkitpro/devkitarm/bin/../lib/gcc/arm-none-eabi/7.1.0/../../../../arm-none-eabi/lib/thumb\libg.a(lib_a-stdio.o)
                0x0200607c                __sread
 .text.__seofread
                0x020060b0        0x4 d:/win7/devkitpro/devkitarm/bin/../lib/gcc/arm-none-eabi/7.1.0/../../../../arm-none-eabi/lib/thumb\libg.a(lib_a-stdio.o)
                0x020060b0                __seofread
 .text.__swrite
                0x020060b4       0x48 d:/win7/devkitpro/devkitarm/bin/../lib/gcc/arm-none-eabi/7.1.0/../../../../arm-none-eabi/lib/thumb\libg.a(lib_a-stdio.o)
                0x020060b4                __swrite
 .text.__sseek  0x020060fc       0x40 d:/win7/devkitpro/devkitarm/bin/../lib/gcc/arm-none-eabi/7.1.0/../../../../arm-none-eabi/lib/thumb\libg.a(lib_a-stdio.o)
                0x020060fc                __sseek
 .text.__sclose
                0x0200613c       0x10 d:/win7/devkitpro/devkitarm/bin/../lib/gcc/arm-none-eabi/7.1.0/../../../../arm-none-eabi/lib/thumb\libg.a(lib_a-stdio.o)
                0x0200613c                __sclose
 .text.strlen   0x0200614c       0x68 d:/win7/devkitpro/devkitarm/bin/../lib/gcc/arm-none-eabi/7.1.0/../../../../arm-none-eabi/lib/thumb\libg.a(lib_a-strlen-stub.o)
                0x0200614c                strlen
 .text._sungetc_r
                0x020061b4       0x88 d:/win7/devkitpro/devkitarm/bin/../lib/gcc/arm-none-eabi/7.1.0/../../../../arm-none-eabi/lib/thumb\libg.a(lib_a-svfiscanf.o)
                0x020061b4                _sungetc_r
 .text.__ssrefill_r
                0x0200623c       0x44 d:/win7/devkitpro/devkitarm/bin/../lib/gcc/arm-none-eabi/7.1.0/../../../../arm-none-eabi/lib/thumb\libg.a(lib_a-svfiscanf.o)
                0x0200623c                __ssrefill_r
 .text._sfread_r
                0x02006280       0x90 d:/win7/devkitpro/devkitarm/bin/../lib/gcc/arm-none-eabi/7.1.0/../../../../arm-none-eabi/lib/thumb\libg.a(lib_a-svfiscanf.o)
                0x02006280                _sfread_r
 .text.__ssvfiscanf_r
                0x02006310     0x1344 d:/win7/devkitpro/devkitarm/bin/../lib/gcc/arm-none-eabi/7.1.0/../../../../arm-none-eabi/lib/thumb\libg.a(lib_a-svfiscanf.o)
                0x02006310                __ssvfiscanf_r
 .text.__submore
                0x02007654       0x88 d:/win7/devkitpro/devkitarm/bin/../lib/gcc/arm-none-eabi/7.1.0/../../../../arm-none-eabi/lib/thumb\libg.a(lib_a-ungetc.o)
                0x02007654                __submore
 .text._ungetc_r
                0x020076dc      0x144 d:/win7/devkitpro/devkitarm/bin/../lib/gcc/arm-none-eabi/7.1.0/../../../../arm-none-eabi/lib/thumb\libg.a(lib_a-ungetc.o)
                0x020076dc                _ungetc_r
 .text.get_arg  0x02007820     0x3b24 d:/win7/devkitpro/devkitarm/bin/../lib/gcc/arm-none-eabi/7.1.0/../../../../arm-none-eabi/lib/thumb\libg.a(lib_a-vfiprintf.o)
 .text.__sprint_r.part.0
                0x0200b344       0x14 d:/win7/devkitpro/devkitarm/bin/../lib/gcc/arm-none-eabi/7.1.0/../../../../arm-none-eabi/lib/thumb\libg.a(lib_a-vfiprintf.o)
 .text.__sprint_r
                0x0200b358       0x18 d:/win7/devkitpro/devkitarm/bin/../lib/gcc/arm-none-eabi/7.1.0/../../../../arm-none-eabi/lib/thumb\libg.a(lib_a-vfiprintf.o)
                0x0200b358                __sprint_r
 .text._vfiprintf_r
                0x0200b370     0x1c48 d:/win7/devkitpro/devkitarm/bin/../lib/gcc/arm-none-eabi/7.1.0/../../../../arm-none-eabi/lib/thumb\libg.a(lib_a-vfiprintf.o)
                0x0200b370                _vfiprintf_r
 .text.__sbprintf
                0x0200cfb8       0x8c d:/win7/devkitpro/devkitarm/bin/../lib/gcc/arm-none-eabi/7.1.0/../../../../arm-none-eabi/lib/thumb\libg.a(lib_a-vfiprintf.o)
 .text.get_arg  0x0200d044     0x3b24 d:/win7/devkitpro/devkitarm/bin/../lib/gcc/arm-none-eabi/7.1.0/../../../../arm-none-eabi/lib/thumb\libg.a(lib_a-vfprintf.o)
 .text._vfprintf_r
                0x02010b68     0x2c48 d:/win7/devkitpro/devkitarm/bin/../lib/gcc/arm-none-eabi/7.1.0/../../../../arm-none-eabi/lib/thumb\libg.a(lib_a-vfprintf.o)
                0x02010b68                _vfprintf_r
 .text.__sbprintf
                0x020137b0       0x8c d:/win7/devkitpro/devkitarm/bin/../lib/gcc/arm-none-eabi/7.1.0/../../../../arm-none-eabi/lib/thumb\libg.a(lib_a-vfprintf.o)
 .text.__svfscanf_r
                0x0201383c     0x19a8 d:/win7/devkitpro/devkitarm/bin/../lib/gcc/arm-none-eabi/7.1.0/../../../../arm-none-eabi/lib/thumb\libg.a(lib_a-vfscanf.o)
                0x0201383c                __svfscanf_r
 .text._vfscanf_r
                0x020151e4       0x2c d:/win7/devkitpro/devkitarm/bin/../lib/gcc/arm-none-eabi/7.1.0/../../../../arm-none-eabi/lib/thumb\libg.a(lib_a-vfscanf.o)
                0x020151e4                _vfscanf_r
 .text.__swbuf_r
                0x02015210       0x94 d:/win7/devkitpro/devkitarm/bin/../lib/gcc/arm-none-eabi/7.1.0/../../../../arm-none-eabi/lib/thumb\libg.a(lib_a-wbuf.o)
                0x02015210                __swbuf_r
 .text._wcrtomb_r
                0x020152a4       0x84 d:/win7/devkitpro/devkitarm/bin/../lib/gcc/arm-none-eabi/7.1.0/../../../../arm-none-eabi/lib/thumb\libg.a(lib_a-wcrtomb.o)
                0x020152a4                _wcrtomb_r
 .text._wcsrtombs_r
                0x02015328       0x1c d:/win7/devkitpro/devkitarm/bin/../lib/gcc/arm-none-eabi/7.1.0/../../../../arm-none-eabi/lib/thumb\libg.a(lib_a-wcsrtombs.o)
                0x02015328                _wcsrtombs_r
 .text.__swsetup_r
                0x02015344       0xd8 d:/win7/devkitpro/devkitarm/bin/../lib/gcc/arm-none-eabi/7.1.0/../../../../arm-none-eabi/lib/thumb\libg.a(lib_a-wsetup.o)
                0x02015344                __swsetup_r
 .text.quorem   0x0201541c      0x15c d:/win7/devkitpro/devkitarm/bin/../lib/gcc/arm-none-eabi/7.1.0/../../../../arm-none-eabi/lib/thumb\libg.a(lib_a-dtoa.o)
 .text._dtoa_r  0x02015578      0xfc8 d:/win7/devkitpro/devkitarm/bin/../lib/gcc/arm-none-eabi/7.1.0/../../../../arm-none-eabi/lib/thumb\libg.a(lib_a-dtoa.o)
                0x02015578                _dtoa_r
 .text.__sflags
                0x02016540       0xa0 d:/win7/devkitpro/devkitarm/bin/../lib/gcc/arm-none-eabi/7.1.0/../../../../arm-none-eabi/lib/thumb\libg.a(lib_a-flags.o)
                0x02016540                __sflags
 .text._fread_r
                0x020165e0      0x1fc d:/win7/devkitpro/devkitarm/bin/../lib/gcc/arm-none-eabi/7.1.0/../../../../arm-none-eabi/lib/thumb\libg.a(lib_a-fread.o)
                0x020165e0                _fread_r
 .text.__sfvwrite_r
                0x020167dc      0x328 d:/win7/devkitpro/devkitarm/bin/../lib/gcc/arm-none-eabi/7.1.0/../../../../arm-none-eabi/lib/thumb\libg.a(lib_a-fvwrite.o)
                0x020167dc                __sfvwrite_r
 .text.iswspace
                0x02016b04       0x78 d:/win7/devkitpro/devkitarm/bin/../lib/gcc/arm-none-eabi/7.1.0/../../../../arm-none-eabi/lib/thumb\libg.a(lib_a-iswspace.o)
                0x02016b04                iswspace
 .text.__jp2uc  0x02016b7c      0x1a0 d:/win7/devkitpro/devkitarm/bin/../lib/gcc/arm-none-eabi/7.1.0/../../../../arm-none-eabi/lib/thumb\libg.a(lib_a-jp2uc.o)
 .text._jp2uc   0x02016d1c       0x8c d:/win7/devkitpro/devkitarm/bin/../lib/gcc/arm-none-eabi/7.1.0/../../../../arm-none-eabi/lib/thumb\libg.a(lib_a-jp2uc.o)
                0x02016d1c                _jp2uc
 .text.__localeconv_l
                0x02016da8        0x4 d:/win7/devkitpro/devkitarm/bin/../lib/gcc/arm-none-eabi/7.1.0/../../../../arm-none-eabi/lib/thumb\libg.a(lib_a-localeconv.o)
                0x02016da8                __localeconv_l
 .text._localeconv_r
                0x02016dac       0x1c d:/win7/devkitpro/devkitarm/bin/../lib/gcc/arm-none-eabi/7.1.0/../../../../arm-none-eabi/lib/thumb\libg.a(lib_a-localeconv.o)
                0x02016dac                _localeconv_r
 .text.__locale_mb_cur_max
                0x02016dc8       0x20 d:/win7/devkitpro/devkitarm/bin/../lib/gcc/arm-none-eabi/7.1.0/../../../../arm-none-eabi/lib/thumb\libg.a(lib_a-locale.o)
                0x02016dc8                __locale_mb_cur_max
 .text.__locale_ctype_ptr_l
                0x02016de8        0x8 d:/win7/devkitpro/devkitarm/bin/../lib/gcc/arm-none-eabi/7.1.0/../../../../arm-none-eabi/lib/thumb\libg.a(lib_a-locale.o)
                0x02016de8                __locale_ctype_ptr_l
 .text.__locale_ctype_ptr
                0x02016df0       0x1c d:/win7/devkitpro/devkitarm/bin/../lib/gcc/arm-none-eabi/7.1.0/../../../../arm-none-eabi/lib/thumb\libg.a(lib_a-locale.o)
                0x02016df0                __locale_ctype_ptr
 .text.malloc   0x02016e0c       0x14 d:/win7/devkitpro/devkitarm/bin/../lib/gcc/arm-none-eabi/7.1.0/../../../../arm-none-eabi/lib/thumb\libg.a(lib_a-malloc.o)
                0x02016e0c                malloc
 .text.free     0x02016e20       0x14 d:/win7/devkitpro/devkitarm/bin/../lib/gcc/arm-none-eabi/7.1.0/../../../../arm-none-eabi/lib/thumb\libg.a(lib_a-malloc.o)
                0x02016e20                free
 .text._mbrtowc_r
                0x02016e34       0x94 d:/win7/devkitpro/devkitarm/bin/../lib/gcc/arm-none-eabi/7.1.0/../../../../arm-none-eabi/lib/thumb\libg.a(lib_a-mbrtowc.o)
                0x02016e34                _mbrtowc_r
 .text.__utf8_mbtowc
                0x02016ec8      0x28c d:/win7/devkitpro/devkitarm/bin/../lib/gcc/arm-none-eabi/7.1.0/../../../../arm-none-eabi/lib/thumb\libg.a(lib_a-mbtowc_r.o)
                0x02016ec8                __utf8_mbtowc
 .text.memchr   0x02017154       0x84 d:/win7/devkitpro/devkitarm/bin/../lib/gcc/arm-none-eabi/7.1.0/../../../../arm-none-eabi/lib/thumb\libg.a(lib_a-memchr-stub.o)
                0x02017154                memchr
 .text.memmove  0x020171d8       0xa0 d:/win7/devkitpro/devkitarm/bin/../lib/gcc/arm-none-eabi/7.1.0/../../../../arm-none-eabi/lib/thumb\libg.a(lib_a-memmove.o)
                0x020171d8                memmove
 .text._Balloc  0x02017278       0x54 d:/win7/devkitpro/devkitarm/bin/../lib/gcc/arm-none-eabi/7.1.0/../../../../arm-none-eabi/lib/thumb\libg.a(lib_a-mprec.o)
                0x02017278                _Balloc
 .text._Bfree   0x020172cc       0x14 d:/win7/devkitpro/devkitarm/bin/../lib/gcc/arm-none-eabi/7.1.0/../../../../arm-none-eabi/lib/thumb\libg.a(lib_a-mprec.o)
                0x020172cc                _Bfree
 .text.__multadd
                0x020172e0       0x94 d:/win7/devkitpro/devkitarm/bin/../lib/gcc/arm-none-eabi/7.1.0/../../../../arm-none-eabi/lib/thumb\libg.a(lib_a-mprec.o)
                0x020172e0                __multadd
 .text.__s2b    0x02017374       0x98 d:/win7/devkitpro/devkitarm/bin/../lib/gcc/arm-none-eabi/7.1.0/../../../../arm-none-eabi/lib/thumb\libg.a(lib_a-mprec.o)
                0x02017374                __s2b
 .text.__hi0bits
                0x0201740c       0x38 d:/win7/devkitpro/devkitarm/bin/../lib/gcc/arm-none-eabi/7.1.0/../../../../arm-none-eabi/lib/thumb\libg.a(lib_a-mprec.o)
                0x0201740c                __hi0bits
 .text.__lo0bits
                0x02017444       0x5c d:/win7/devkitpro/devkitarm/bin/../lib/gcc/arm-none-eabi/7.1.0/../../../../arm-none-eabi/lib/thumb\libg.a(lib_a-mprec.o)
                0x02017444                __lo0bits
 .text.__i2b    0x020174a0       0x18 d:/win7/devkitpro/devkitarm/bin/../lib/gcc/arm-none-eabi/7.1.0/../../../../arm-none-eabi/lib/thumb\libg.a(lib_a-mprec.o)
                0x020174a0                __i2b
 .text.__multiply
                0x020174b8      0x188 d:/win7/devkitpro/devkitarm/bin/../lib/gcc/arm-none-eabi/7.1.0/../../../../arm-none-eabi/lib/thumb\libg.a(lib_a-mprec.o)
                0x020174b8                __multiply
 .text.__pow5mult
                0x02017640       0xc4 d:/win7/devkitpro/devkitarm/bin/../lib/gcc/arm-none-eabi/7.1.0/../../../../arm-none-eabi/lib/thumb\libg.a(lib_a-mprec.o)
                0x02017640                __pow5mult
 .text.__lshift
                0x02017704       0xc4 d:/win7/devkitpro/devkitarm/bin/../lib/gcc/arm-none-eabi/7.1.0/../../../../arm-none-eabi/lib/thumb\libg.a(lib_a-mprec.o)
                0x02017704                __lshift
 .text.__mcmp   0x020177c8       0x38 d:/win7/devkitpro/devkitarm/bin/../lib/gcc/arm-none-eabi/7.1.0/../../../../arm-none-eabi/lib/thumb\libg.a(lib_a-mprec.o)
                0x020177c8                __mcmp
 .text.__mdiff  0x02017800      0x128 d:/win7/devkitpro/devkitarm/bin/../lib/gcc/arm-none-eabi/7.1.0/../../../../arm-none-eabi/lib/thumb\libg.a(lib_a-mprec.o)
                0x02017800                __mdiff
 .text.__ulp    0x02017928       0x50 d:/win7/devkitpro/devkitarm/bin/../lib/gcc/arm-none-eabi/7.1.0/../../../../arm-none-eabi/lib/thumb\libg.a(lib_a-mprec.o)
                0x02017928                __ulp
 .text.__b2d    0x02017978       0xc0 d:/win7/devkitpro/devkitarm/bin/../lib/gcc/arm-none-eabi/7.1.0/../../../../arm-none-eabi/lib/thumb\libg.a(lib_a-mprec.o)
                0x02017978                __b2d
 .text.__d2b    0x02017a38       0xc0 d:/win7/devkitpro/devkitarm/bin/../lib/gcc/arm-none-eabi/7.1.0/../../../../arm-none-eabi/lib/thumb\libg.a(lib_a-mprec.o)
                0x02017a38                __d2b
 .text.__ratio  0x02017af8       0x78 d:/win7/devkitpro/devkitarm/bin/../lib/gcc/arm-none-eabi/7.1.0/../../../../arm-none-eabi/lib/thumb\libg.a(lib_a-mprec.o)
                0x02017af8                __ratio
 .text.__copybits
                0x02017b70       0x44 d:/win7/devkitpro/devkitarm/bin/../lib/gcc/arm-none-eabi/7.1.0/../../../../arm-none-eabi/lib/thumb\libg.a(lib_a-mprec.o)
                0x02017b70                __copybits
 .text.__any_on
                0x02017bb4       0x5c d:/win7/devkitpro/devkitarm/bin/../lib/gcc/arm-none-eabi/7.1.0/../../../../arm-none-eabi/lib/thumb\libg.a(lib_a-mprec.o)
                0x02017bb4                __any_on
 .text._realloc_r
                0x02017c10      0x3c4 d:/win7/devkitpro/devkitarm/bin/../lib/gcc/arm-none-eabi/7.1.0/../../../../arm-none-eabi/lib/thumb\libg.a(lib_a-reallocr.o)
                0x02017c10                _realloc_r
 .text.__sccl   0x02017fd4       0x7c d:/win7/devkitpro/devkitarm/bin/../lib/gcc/arm-none-eabi/7.1.0/../../../../arm-none-eabi/lib/thumb\libg.a(lib_a-sccl.o)
                0x02017fd4                __sccl
 .text.nanf     0x02018050        0x8 d:/win7/devkitpro/devkitarm/bin/../lib/gcc/arm-none-eabi/7.1.0/../../../../arm-none-eabi/lib/thumb\libg.a(lib_a-sf_nan.o)
                0x02018050                nanf
 .text.frexp    0x02018058       0x68 d:/win7/devkitpro/devkitarm/bin/../lib/gcc/arm-none-eabi/7.1.0/../../../../arm-none-eabi/lib/thumb\libg.a(lib_a-s_frexp.o)
                0x02018058                frexp
 .text.sprintf  0x020180c0       0x40 d:/win7/devkitpro/devkitarm/bin/../lib/gcc/arm-none-eabi/7.1.0/../../../../arm-none-eabi/lib/thumb\libg.a(lib_a-sprintf.o)
                0x020180c0                sprintf
 .text.stpncpy  0x02018100       0x98 d:/win7/devkitpro/devkitarm/bin/../lib/gcc/arm-none-eabi/7.1.0/../../../../arm-none-eabi/lib/thumb\libg.a(lib_a-stpncpy.o)
                0x02018100                stpncpy
 .text.strchr   0x02018198       0xd8 d:/win7/devkitpro/devkitarm/bin/../lib/gcc/arm-none-eabi/7.1.0/../../../../arm-none-eabi/lib/thumb\libg.a(lib_a-strchr.o)
                0x02018198                strchr
 .text.strncmp  0x02018270       0x94 d:/win7/devkitpro/devkitarm/bin/../lib/gcc/arm-none-eabi/7.1.0/../../../../arm-none-eabi/lib/thumb\libg.a(lib_a-strncmp.o)
                0x02018270                strncmp
 .text.strncpy  0x02018304       0x90 d:/win7/devkitpro/devkitarm/bin/../lib/gcc/arm-none-eabi/7.1.0/../../../../arm-none-eabi/lib/thumb\libg.a(lib_a-strncpy.o)
                0x02018304                strncpy
 .text.unlikely.sulp
                0x02018394       0x34 d:/win7/devkitpro/devkitarm/bin/../lib/gcc/arm-none-eabi/7.1.0/../../../../arm-none-eabi/lib/thumb\libg.a(lib_a-strtod.o)
 .text._strtod_l
                0x020183c8      0xe94 d:/win7/devkitpro/devkitarm/bin/../lib/gcc/arm-none-eabi/7.1.0/../../../../arm-none-eabi/lib/thumb\libg.a(lib_a-strtod.o)
                0x020183c8                _strtod_l
 .text._strtod_r
                0x0201925c       0x28 d:/win7/devkitpro/devkitarm/bin/../lib/gcc/arm-none-eabi/7.1.0/../../../../arm-none-eabi/lib/thumb\libg.a(lib_a-strtod.o)
                0x0201925c                _strtod_r
 .text._strtoll_l.isra.0
                0x02019284      0x1bc d:/win7/devkitpro/devkitarm/bin/../lib/gcc/arm-none-eabi/7.1.0/../../../../arm-none-eabi/lib/thumb\libg.a(lib_a-strtoll.o)
 .text._strtoll_r
                0x02019440       0x34 d:/win7/devkitpro/devkitarm/bin/../lib/gcc/arm-none-eabi/7.1.0/../../../../arm-none-eabi/lib/thumb\libg.a(lib_a-strtoll.o)
                0x02019440                _strtoll_r
 .text._strtol_l.isra.0
                0x02019474      0x140 d:/win7/devkitpro/devkitarm/bin/../lib/gcc/arm-none-eabi/7.1.0/../../../../arm-none-eabi/lib/thumb\libg.a(lib_a-strtol.o)
 .text._strtol_r
                0x020195b4       0x34 d:/win7/devkitpro/devkitarm/bin/../lib/gcc/arm-none-eabi/7.1.0/../../../../arm-none-eabi/lib/thumb\libg.a(lib_a-strtol.o)
                0x020195b4                _strtol_r
 .text._strtoull_l.isra.0
                0x020195e8      0x1c8 d:/win7/devkitpro/devkitarm/bin/../lib/gcc/arm-none-eabi/7.1.0/../../../../arm-none-eabi/lib/thumb\libg.a(lib_a-strtoull.o)
 .text._strtoull_r
                0x020197b0       0x34 d:/win7/devkitpro/devkitarm/bin/../lib/gcc/arm-none-eabi/7.1.0/../../../../arm-none-eabi/lib/thumb\libg.a(lib_a-strtoull.o)
                0x020197b0                _strtoull_r
 .text._strtoul_l.isra.0
                0x020197e4      0x14c d:/win7/devkitpro/devkitarm/bin/../lib/gcc/arm-none-eabi/7.1.0/../../../../arm-none-eabi/lib/thumb\libg.a(lib_a-strtoul.o)
 .text._strtoul_r
                0x02019930       0x34 d:/win7/devkitpro/devkitarm/bin/../lib/gcc/arm-none-eabi/7.1.0/../../../../arm-none-eabi/lib/thumb\libg.a(lib_a-strtoul.o)
                0x02019930                _strtoul_r
 .text.__ssprint_r
                0x02019964      0x11c d:/win7/devkitpro/devkitarm/bin/../lib/gcc/arm-none-eabi/7.1.0/../../../../arm-none-eabi/lib/thumb\libg.a(lib_a-svfiprintf.o)
                0x02019964                __ssprint_r
 .text.get_arg  0x02019a80     0x3b24 d:/win7/devkitpro/devkitarm/bin/../lib/gcc/arm-none-eabi/7.1.0/../../../../arm-none-eabi/lib/thumb\libg.a(lib_a-svfprintf.o)
 .text._svfprintf_r
                0x0201d5a4     0x2c38 d:/win7/devkitpro/devkitarm/bin/../lib/gcc/arm-none-eabi/7.1.0/../../../../arm-none-eabi/lib/thumb\libg.a(lib_a-svfprintf.o)
                0x0201d5a4                _svfprintf_r
 .text._wcsnrtombs_l
                0x020201dc      0x110 d:/win7/devkitpro/devkitarm/bin/../lib/gcc/arm-none-eabi/7.1.0/../../../../arm-none-eabi/lib/thumb\libg.a(lib_a-wcsnrtombs.o)
                0x020201dc                _wcsnrtombs_l
 .text._wcsnrtombs_r
                0x020202ec       0x40 d:/win7/devkitpro/devkitarm/bin/../lib/gcc/arm-none-eabi/7.1.0/../../../../arm-none-eabi/lib/thumb\libg.a(lib_a-wcsnrtombs.o)
                0x020202ec                _wcsnrtombs_r
 .text.__utf8_wctomb
                0x0202032c       0xbc d:/win7/devkitpro/devkitarm/bin/../lib/gcc/arm-none-eabi/7.1.0/../../../../arm-none-eabi/lib/thumb\libg.a(lib_a-wctomb_r.o)
                0x0202032c                __utf8_wctomb
 .text._calloc_r
                0x020203e8       0x60 d:/win7/devkitpro/devkitarm/bin/../lib/gcc/arm-none-eabi/7.1.0/../../../../arm-none-eabi/lib/thumb\libg.a(lib_a-callocr.o)
                0x020203e8                _calloc_r
 .text.rshift   0x02020448       0xac d:/win7/devkitpro/devkitarm/bin/../lib/gcc/arm-none-eabi/7.1.0/../../../../arm-none-eabi/lib/thumb\libg.a(lib_a-gdtoa-gethex.o)
 .text.__gethex
                0x020204f4      0x564 d:/win7/devkitpro/devkitarm/bin/../lib/gcc/arm-none-eabi/7.1.0/../../../../arm-none-eabi/lib/thumb\libg.a(lib_a-gdtoa-gethex.o)
                0x020204f4                __gethex
 .text.__match  0x02020a58       0x34 d:/win7/devkitpro/devkitarm/bin/../lib/gcc/arm-none-eabi/7.1.0/../../../../arm-none-eabi/lib/thumb\libg.a(lib_a-gdtoa-hexnan.o)
                0x02020a58                __match
 .text.__hexnan
                0x02020a8c      0x1b4 d:/win7/devkitpro/devkitarm/bin/../lib/gcc/arm-none-eabi/7.1.0/../../../../arm-none-eabi/lib/thumb\libg.a(lib_a-gdtoa-hexnan.o)
                0x02020a8c                __hexnan
 .text.null_write
                0x02020c40        0x4 d:/win7/devkitpro/devkitarm/bin/../lib/gcc/arm-none-eabi/7.1.0/../../../../arm-none-eabi/lib/thumb\libsysbase.a(iosupport.o)
 .text.FindDevice
                0x02020c44       0x94 d:/win7/devkitpro/devkitarm/bin/../lib/gcc/arm-none-eabi/7.1.0/../../../../arm-none-eabi/lib/thumb\libsysbase.a(iosupport.o)
                0x02020c44                FindDevice
 .text._close_r
                0x02020cd8       0x5c d:/win7/devkitpro/devkitarm/bin/../lib/gcc/arm-none-eabi/7.1.0/../../../../arm-none-eabi/lib/thumb\libsysbase.a(close.o)
                0x02020cd8                _close_r
 .text._fstat_r
                0x02020d34       0x4c d:/win7/devkitpro/devkitarm/bin/../lib/gcc/arm-none-eabi/7.1.0/../../../../arm-none-eabi/lib/thumb\libsysbase.a(fstat.o)
                0x02020d34                _fstat_r
 .text._isatty_r
                0x02020d80        0x4 d:/win7/devkitpro/devkitarm/bin/../lib/gcc/arm-none-eabi/7.1.0/../../../../arm-none-eabi/lib/thumb\libsysbase.a(isatty.o)
                0x02020d80                _isatty_r
 .text._lseek_r
                0x02020d84       0x5c d:/win7/devkitpro/devkitarm/bin/../lib/gcc/arm-none-eabi/7.1.0/../../../../arm-none-eabi/lib/thumb\libsysbase.a(lseek.o)
                0x02020d84                _lseek_r
 .text._open_r  0x02020de0       0x94 d:/win7/devkitpro/devkitarm/bin/../lib/gcc/arm-none-eabi/7.1.0/../../../../arm-none-eabi/lib/thumb\libsysbase.a(open.o)
                0x02020de0                _open_r
 .text._read_r  0x02020e74       0x50 d:/win7/devkitpro/devkitarm/bin/../lib/gcc/arm-none-eabi/7.1.0/../../../../arm-none-eabi/lib/thumb\libsysbase.a(read.o)
                0x02020e74                _read_r
 .text._sbrk_r  0x02020ec4       0x54 d:/win7/devkitpro/devkitarm/bin/../lib/gcc/arm-none-eabi/7.1.0/../../../../arm-none-eabi/lib/thumb\libsysbase.a(sbrk.o)
                0x02020ec4                _sbrk_r
 .text._write_r
                0x02020f18       0x50 d:/win7/devkitpro/devkitarm/bin/../lib/gcc/arm-none-eabi/7.1.0/../../../../arm-none-eabi/lib/thumb\libsysbase.a(write.o)
                0x02020f18                _write_r
 .text.build_argv
                0x02020f68       0x4c d:/win7/devkitpro/devkitarm/bin/../lib/gcc/arm-none-eabi/7.1.0/../../../../arm-none-eabi/lib/thumb\libsysbase.a(build_argv.o)
                0x02020f68                build_argv
 .text.__flockfile
                0x02020fb4       0x10 d:/win7/devkitpro/devkitarm/bin/../lib/gcc/arm-none-eabi/7.1.0/../../../../arm-none-eabi/lib/thumb\libsysbase.a(flock.o)
                0x02020fb4                __flockfile
 .text.__funlockfile
                0x02020fc4       0x10 d:/win7/devkitpro/devkitarm/bin/../lib/gcc/arm-none-eabi/7.1.0/../../../../arm-none-eabi/lib/thumb\libsysbase.a(flock.o)
                0x02020fc4                __funlockfile
 .text.__libc_lock_acquire
                0x02020fd4       0x1c d:/win7/devkitpro/devkitarm/bin/../lib/gcc/arm-none-eabi/7.1.0/../../../../arm-none-eabi/lib/thumb\libsysbase.a(syscall_support.o)
                0x02020fd4                __libc_lock_acquire
 .text.__libc_lock_release
                0x02020ff0       0x1c d:/win7/devkitpro/devkitarm/bin/../lib/gcc/arm-none-eabi/7.1.0/../../../../arm-none-eabi/lib/thumb\libsysbase.a(syscall_support.o)
                0x02020ff0                __libc_lock_release
 .text.__libc_lock_init_recursive
                0x0202100c       0x1c d:/win7/devkitpro/devkitarm/bin/../lib/gcc/arm-none-eabi/7.1.0/../../../../arm-none-eabi/lib/thumb\libsysbase.a(syscall_support.o)
                0x0202100c                __libc_lock_init_recursive
 .text.__libc_lock_acquire_recursive
                0x02021028       0x1c d:/win7/devkitpro/devkitarm/bin/../lib/gcc/arm-none-eabi/7.1.0/../../../../arm-none-eabi/lib/thumb\libsysbase.a(syscall_support.o)
                0x02021028                __libc_lock_acquire_recursive
 .text.__libc_lock_release_recursive
                0x02021044       0x1c d:/win7/devkitpro/devkitarm/bin/../lib/gcc/arm-none-eabi/7.1.0/../../../../arm-none-eabi/lib/thumb\libsysbase.a(syscall_support.o)
                0x02021044                __libc_lock_release_recursive
 .text.__libc_lock_close_recursive
                0x02021060       0x1c d:/win7/devkitpro/devkitarm/bin/../lib/gcc/arm-none-eabi/7.1.0/../../../../arm-none-eabi/lib/thumb\libsysbase.a(syscall_support.o)
                0x02021060                __libc_lock_close_recursive
 .text.__release_handle
                0x0202107c       0x6c d:/win7/devkitpro/devkitarm/bin/../lib/gcc/arm-none-eabi/7.1.0/../../../../arm-none-eabi/lib/thumb\libsysbase.a(handle_manager.o)
                0x0202107c                __release_handle
 .text.__alloc_handle
                0x020210e8       0x88 d:/win7/devkitpro/devkitarm/bin/../lib/gcc/arm-none-eabi/7.1.0/../../../../arm-none-eabi/lib/thumb\libsysbase.a(handle_manager.o)
                0x020210e8                __alloc_handle
 .text.__get_handle
                0x02021170       0x1c d:/win7/devkitpro/devkitarm/bin/../lib/gcc/arm-none-eabi/7.1.0/../../../../arm-none-eabi/lib/thumb\libsysbase.a(handle_manager.o)
                0x02021170                __get_handle
 .text.__getreent
                0x0202118c       0x28 d:/win7/devkitpro/devkitarm/bin/../lib/gcc/arm-none-eabi/7.1.0/../../../../arm-none-eabi/lib/thumb\libsysbase.a(getreent.o)
                0x0202118c                __getreent
 .text.__muldi3
                0x020211b4       0x60 d:/win7/devkitpro/devkitarm/bin/../lib/gcc/arm-none-eabi/7.1.0/thumb\libgcc.a(_muldi3.o)
                0x020211b4                __muldi3
                0x020211b4                __aeabi_lmul
 .text.__udivmoddi4
                0x02021214      0x188 d:/win7/devkitpro/devkitarm/bin/../lib/gcc/arm-none-eabi/7.1.0/thumb\libgcc.a(_udivmoddi4.o)
                0x02021214                __udivmoddi4
 .text.__errno  0x0202139c        0xc d:/win7/devkitpro/devkitarm/bin/../lib/gcc/arm-none-eabi/7.1.0/../../../../arm-none-eabi/lib/thumb\libg.a(lib_a-errno.o)
                0x0202139c                __errno
 .text.__errno.__stub
                0x020213a8      0x108 linker stubs
 *(EXCLUDE_FILE(*.twl*) .gnu.warning)
 *(EXCLUDE_FILE(*.twl*) .gnu.linkonce.t*)
 *(.glue_7)
 .glue_7        0x020214c0        0x0 linker stubs
 *(.glue_7t)
 .glue_7t       0x020214c0        0x0 linker stubs
                0x020214c0                . = ALIGN (0x4)

.vfp11_veneer   0x020214c0        0x0
 .vfp11_veneer  0x020214c0        0x0 linker stubs

.v4_bx          0x020214c0        0x0
 .v4_bx         0x020214c0        0x0 linker stubs

.iplt           0x020214c0        0x0
 .iplt          0x020214c0        0x0 d:/win7/devkitpro/devkitarm/bin/../lib/gcc/arm-none-eabi/7.1.0/../../../../arm-none-eabi/lib/thumb/ds_arm9_crt0.o

.fini           0x020214c0        0xc
 *(.fini)
 .fini          0x020214c0        0x4 d:/win7/devkitpro/devkitarm/bin/../lib/gcc/arm-none-eabi/7.1.0/thumb/crti.o
                0x020214c0                _fini
 .fini          0x020214c4        0x8 d:/win7/devkitpro/devkitarm/bin/../lib/gcc/arm-none-eabi/7.1.0/thumb/crtn.o
                0x020214cc                __text_end = .

.rodata         0x020214d0    0x187fc
 *(EXCLUDE_FILE(*.twl*) .rodata)
 .rodata        0x020214d0     0x2004 D:/Win7/devkitPro/libnds/lib\libnds9.a(default_font.bin.o)
                0x020214d0                default_font_bin
                0x020234d0                default_font_bin_size
                0x020234d0                default_font_bin_end
 .rodata        0x020234d4     0x2d0c D:/Win7/devkitPro/libnds/lib\libnds9.a(keyboardGfx.o)
                0x020234d4                keyboardGfxTiles
                0x020257c0                keyboardGfxMap
                0x020261c0                keyboardGfxPal
 *all.rodata*(*)
 *(EXCLUDE_FILE(*.twl*) .roda)
 *(EXCLUDE_FILE(*.twl*) .rodata.*)
 .rodata.str1.4
                0x020261e0       0x99 main.o
 *fill*         0x02026279        0x3 ff
 .rodata.std_in
                0x0202627c       0x68 D:/Win7/devkitPro/libnds/lib\libnds9.a(keyboard.o)
                0x0202627c                std_in
 .rodata.str1.4
                0x020262e4        0x6 D:/Win7/devkitPro/libnds/lib\libnds9.a(keyboard.o)
 *fill*         0x020262ea        0x2 ff
 .rodata.decompress
                0x020262ec       0x14 D:/Win7/devkitPro/libnds/lib\libnds9.a(decompress.o)
 .rodata.con_write
                0x02026300       0xd4 D:/Win7/devkitPro/libnds/lib\libnds9.a(console.o)
 .rodata.con_write.str1.4
                0x020263d4       0x30 D:/Win7/devkitPro/libnds/lib\libnds9.a(console.o)
 .rodata.consoleClear.str1.4
                0x02026404        0x5 D:/Win7/devkitPro/libnds/lib\libnds9.a(console.o)
 *fill*         0x02026409        0x3 ff
 .rodata.dotab_stdout
                0x0202640c       0x68 D:/Win7/devkitPro/libnds/lib\libnds9.a(console.o)
 .rodata.str1.4
                0x02026474       0x14 D:/Win7/devkitPro/libnds/lib\libnds9.a(console.o)
 .rodata.SIN_LUT
                0x02026488      0x102 D:/Win7/devkitPro/libnds/lib\libnds9.a(trig.o)
                0x02026488                SIN_LUT
 *fill*         0x0202658a        0x2 ff
 .rodata._global_impure_ptr
                0x0202658c        0x4 d:/win7/devkitpro/devkitarm/bin/../lib/gcc/arm-none-eabi/7.1.0/../../../../arm-none-eabi/lib/thumb\libg.a(lib_a-impure.o)
                0x0202658c                _global_impure_ptr
 .rodata.__ssvfiscanf_r
                0x02026590      0x324 d:/win7/devkitpro/devkitarm/bin/../lib/gcc/arm-none-eabi/7.1.0/../../../../arm-none-eabi/lib/thumb\libg.a(lib_a-svfiscanf.o)
 .rodata.basefix.6821
                0x020268b4       0x22 d:/win7/devkitpro/devkitarm/bin/../lib/gcc/arm-none-eabi/7.1.0/../../../../arm-none-eabi/lib/thumb\libg.a(lib_a-svfiscanf.o)
 *fill*         0x020268d6        0x2 ff
 .rodata.get_arg
                0x020268d8     0x4f8c d:/win7/devkitpro/devkitarm/bin/../lib/gcc/arm-none-eabi/7.1.0/../../../../arm-none-eabi/lib/thumb\libg.a(lib_a-vfiprintf.o)
 .rodata._vfiprintf_r
                0x0202b864      0x16c d:/win7/devkitpro/devkitarm/bin/../lib/gcc/arm-none-eabi/7.1.0/../../../../arm-none-eabi/lib/thumb\libg.a(lib_a-vfiprintf.o)
 .rodata._vfiprintf_r.str1.4
                0x0202b9d0       0x2f d:/win7/devkitpro/devkitarm/bin/../lib/gcc/arm-none-eabi/7.1.0/../../../../arm-none-eabi/lib/thumb\libg.a(lib_a-vfiprintf.o)
 *fill*         0x0202b9ff        0x1 ff
 .rodata.blanks.7270
                0x0202ba00       0x10 d:/win7/devkitpro/devkitarm/bin/../lib/gcc/arm-none-eabi/7.1.0/../../../../arm-none-eabi/lib/thumb\libg.a(lib_a-vfiprintf.o)
 .rodata.zeroes.7271
                0x0202ba10       0x10 d:/win7/devkitpro/devkitarm/bin/../lib/gcc/arm-none-eabi/7.1.0/../../../../arm-none-eabi/lib/thumb\libg.a(lib_a-vfiprintf.o)
 .rodata.get_arg
                0x0202ba20     0x4f8c d:/win7/devkitpro/devkitarm/bin/../lib/gcc/arm-none-eabi/7.1.0/../../../../arm-none-eabi/lib/thumb\libg.a(lib_a-vfprintf.o)
 .rodata._vfprintf_r
                0x020309ac      0x16c d:/win7/devkitpro/devkitarm/bin/../lib/gcc/arm-none-eabi/7.1.0/../../../../arm-none-eabi/lib/thumb\libg.a(lib_a-vfprintf.o)
 .rodata._vfprintf_r.str1.4
                0x02030b18       0x12 d:/win7/devkitpro/devkitarm/bin/../lib/gcc/arm-none-eabi/7.1.0/../../../../arm-none-eabi/lib/thumb\libg.a(lib_a-vfprintf.o)
                                 0x42 (size before relaxing)
 *fill*         0x02030b2a        0x2 ff
 .rodata.blanks.7302
                0x02030b2c       0x10 d:/win7/devkitpro/devkitarm/bin/../lib/gcc/arm-none-eabi/7.1.0/../../../../arm-none-eabi/lib/thumb\libg.a(lib_a-vfprintf.o)
 .rodata.zeroes.7303
                0x02030b3c       0x10 d:/win7/devkitpro/devkitarm/bin/../lib/gcc/arm-none-eabi/7.1.0/../../../../arm-none-eabi/lib/thumb\libg.a(lib_a-vfprintf.o)
 .rodata.__svfscanf_r
                0x02030b4c      0x460 d:/win7/devkitpro/devkitarm/bin/../lib/gcc/arm-none-eabi/7.1.0/../../../../arm-none-eabi/lib/thumb\libg.a(lib_a-vfscanf.o)
 .rodata.__svfscanf_r.str1.4
                0x02030fac        0x5 d:/win7/devkitpro/devkitarm/bin/../lib/gcc/arm-none-eabi/7.1.0/../../../../arm-none-eabi/lib/thumb\libg.a(lib_a-vfscanf.o)
 *fill*         0x02030fb1        0x3 ff
 .rodata.basefix.7347
                0x02030fb4       0x22 d:/win7/devkitpro/devkitarm/bin/../lib/gcc/arm-none-eabi/7.1.0/../../../../arm-none-eabi/lib/thumb\libg.a(lib_a-vfscanf.o)
 *fill*         0x02030fd6        0x2 ff
 .rodata._dtoa_r.str1.4
                0x02030fd8       0x10 d:/win7/devkitpro/devkitarm/bin/../lib/gcc/arm-none-eabi/7.1.0/../../../../arm-none-eabi/lib/thumb\libg.a(lib_a-dtoa.o)
                                 0x12 (size before relaxing)
 .rodata.__jp2uc
                0x02030fe8       0x20 d:/win7/devkitpro/devkitarm/bin/../lib/gcc/arm-none-eabi/7.1.0/../../../../arm-none-eabi/lib/thumb\libg.a(lib_a-jp2uc.o)
 .rodata._jp2uc.str1.4
                0x02031008       0x12 d:/win7/devkitpro/devkitarm/bin/../lib/gcc/arm-none-eabi/7.1.0/../../../../arm-none-eabi/lib/thumb\libg.a(lib_a-jp2uc.o)
 *fill*         0x0203101a        0x2 ff
 .rodata.a1     0x0203101c       0xbc d:/win7/devkitpro/devkitarm/bin/../lib/gcc/arm-none-eabi/7.1.0/../../../../arm-none-eabi/lib/thumb\libg.a(lib_a-jp2uc.o)
 .rodata.a2     0x020310d8       0xbc d:/win7/devkitpro/devkitarm/bin/../lib/gcc/arm-none-eabi/7.1.0/../../../../arm-none-eabi/lib/thumb\libg.a(lib_a-jp2uc.o)
 .rodata.a3     0x02031194       0x5b d:/win7/devkitpro/devkitarm/bin/../lib/gcc/arm-none-eabi/7.1.0/../../../../arm-none-eabi/lib/thumb\libg.a(lib_a-jp2uc.o)
 *fill*         0x020311ef        0x1 ff
 .rodata.a6     0x020311f0       0x70 d:/win7/devkitpro/devkitarm/bin/../lib/gcc/arm-none-eabi/7.1.0/../../../../arm-none-eabi/lib/thumb\libg.a(lib_a-jp2uc.o)
 .rodata.a7     0x02031260       0xa2 d:/win7/devkitpro/devkitarm/bin/../lib/gcc/arm-none-eabi/7.1.0/../../../../arm-none-eabi/lib/thumb\libg.a(lib_a-jp2uc.o)
 *fill*         0x02031302        0x2 ff
 .rodata.a8     0x02031304       0x40 d:/win7/devkitpro/devkitarm/bin/../lib/gcc/arm-none-eabi/7.1.0/../../../../arm-none-eabi/lib/thumb\libg.a(lib_a-jp2uc.o)
 .rodata.b02cf  0x02031344     0x172a d:/win7/devkitpro/devkitarm/bin/../lib/gcc/arm-none-eabi/7.1.0/../../../../arm-none-eabi/lib/thumb\libg.a(lib_a-jp2uc.o)
 *fill*         0x02032a6e        0x2 ff
 .rodata.d02f4  0x02032a70     0x1a7c d:/win7/devkitpro/devkitarm/bin/../lib/gcc/arm-none-eabi/7.1.0/../../../../arm-none-eabi/lib/thumb\libg.a(lib_a-jp2uc.o)
 .rodata.str1.4
                0x020344ec       0x48 d:/win7/devkitpro/devkitarm/bin/../lib/gcc/arm-none-eabi/7.1.0/../../../../arm-none-eabi/lib/thumb\libg.a(lib_a-locale.o)
                                 0x4c (size before relaxing)
 .rodata._mbrtowc_r.str1.4
                0x02034534        0x1 d:/win7/devkitpro/devkitarm/bin/../lib/gcc/arm-none-eabi/7.1.0/../../../../arm-none-eabi/lib/thumb\libg.a(lib_a-mbrtowc.o)
 *fill*         0x02034534        0x4 ff
 .rodata.__mprec_bigtens
                0x02034538       0x28 d:/win7/devkitpro/devkitarm/bin/../lib/gcc/arm-none-eabi/7.1.0/../../../../arm-none-eabi/lib/thumb\libg.a(lib_a-mprec.o)
                0x02034538                __mprec_bigtens
 .rodata.__mprec_tens
                0x02034560       0xc8 d:/win7/devkitpro/devkitarm/bin/../lib/gcc/arm-none-eabi/7.1.0/../../../../arm-none-eabi/lib/thumb\libg.a(lib_a-mprec.o)
                0x02034560                __mprec_tens
 .rodata.p05.6078
                0x02034628        0xc d:/win7/devkitpro/devkitarm/bin/../lib/gcc/arm-none-eabi/7.1.0/../../../../arm-none-eabi/lib/thumb\libg.a(lib_a-mprec.o)
 .rodata._strtod_l
                0x02034634       0xd0 d:/win7/devkitpro/devkitarm/bin/../lib/gcc/arm-none-eabi/7.1.0/../../../../arm-none-eabi/lib/thumb\libg.a(lib_a-strtod.o)
 .rodata._strtod_l.str1.4
                0x02034704        0xf d:/win7/devkitpro/devkitarm/bin/../lib/gcc/arm-none-eabi/7.1.0/../../../../arm-none-eabi/lib/thumb\libg.a(lib_a-strtod.o)
 *fill*         0x02034713        0x1 ff
 .rodata.fpi.6164
                0x02034714       0x14 d:/win7/devkitpro/devkitarm/bin/../lib/gcc/arm-none-eabi/7.1.0/../../../../arm-none-eabi/lib/thumb\libg.a(lib_a-strtod.o)
 .rodata.fpinan.6200
                0x02034728       0x14 d:/win7/devkitpro/devkitarm/bin/../lib/gcc/arm-none-eabi/7.1.0/../../../../arm-none-eabi/lib/thumb\libg.a(lib_a-strtod.o)
 *fill*         0x0203473c        0x4 ff
 .rodata.tinytens
                0x02034740       0x28 d:/win7/devkitpro/devkitarm/bin/../lib/gcc/arm-none-eabi/7.1.0/../../../../arm-none-eabi/lib/thumb\libg.a(lib_a-strtod.o)
 .rodata.__action_table
                0x02034768       0x6c d:/win7/devkitpro/devkitarm/bin/../lib/gcc/arm-none-eabi/7.1.0/../../../../arm-none-eabi/lib/thumb\libg.a(lib_a-svfiprintf.o)
                0x02034768                __action_table
 .rodata.__chclass
                0x020347d4      0x100 d:/win7/devkitpro/devkitarm/bin/../lib/gcc/arm-none-eabi/7.1.0/../../../../arm-none-eabi/lib/thumb\libg.a(lib_a-svfiprintf.o)
                0x020347d4                __chclass
 .rodata.__state_table
                0x020348d4       0x6c d:/win7/devkitpro/devkitarm/bin/../lib/gcc/arm-none-eabi/7.1.0/../../../../arm-none-eabi/lib/thumb\libg.a(lib_a-svfiprintf.o)
                0x020348d4                __state_table
 .rodata.get_arg
                0x02034940     0x4f8c d:/win7/devkitpro/devkitarm/bin/../lib/gcc/arm-none-eabi/7.1.0/../../../../arm-none-eabi/lib/thumb\libg.a(lib_a-svfprintf.o)
 .rodata._svfprintf_r
                0x020398cc      0x16c d:/win7/devkitpro/devkitarm/bin/../lib/gcc/arm-none-eabi/7.1.0/../../../../arm-none-eabi/lib/thumb\libg.a(lib_a-svfprintf.o)
 .rodata._svfprintf_r.str1.4
                0x02039a38       0x42 d:/win7/devkitpro/devkitarm/bin/../lib/gcc/arm-none-eabi/7.1.0/../../../../arm-none-eabi/lib/thumb\libg.a(lib_a-svfprintf.o)
 .rodata.blanks.7287
                0x02039a38       0x10 d:/win7/devkitpro/devkitarm/bin/../lib/gcc/arm-none-eabi/7.1.0/../../../../arm-none-eabi/lib/thumb\libg.a(lib_a-svfprintf.o)
 .rodata.zeroes.7288
                0x02039a48       0x10 d:/win7/devkitpro/devkitarm/bin/../lib/gcc/arm-none-eabi/7.1.0/../../../../arm-none-eabi/lib/thumb\libg.a(lib_a-svfprintf.o)
 .rodata._ctype_
                0x02039a58      0x101 d:/win7/devkitpro/devkitarm/bin/../lib/gcc/arm-none-eabi/7.1.0/../../../../arm-none-eabi/lib/thumb\libg.a(lib_a-ctype_.o)
                0x02039a58                _ctype_
 *fill*         0x02039b59        0x3 ff
 .rodata.__hexdig
                0x02039b5c      0x100 d:/win7/devkitpro/devkitarm/bin/../lib/gcc/arm-none-eabi/7.1.0/../../../../arm-none-eabi/lib/thumb\libg.a(lib_a-gdtoa-gethex.o)
                0x02039b5c                __hexdig
 .rodata.AddDevice.str1.4
                0x02039c5c        0x8 d:/win7/devkitpro/devkitarm/bin/../lib/gcc/arm-none-eabi/7.1.0/../../../../arm-none-eabi/lib/thumb\libsysbase.a(iosupport.o)
 .rodata.dotab_stdnull
                0x02039c64       0x68 d:/win7/devkitpro/devkitarm/bin/../lib/gcc/arm-none-eabi/7.1.0/../../../../arm-none-eabi/lib/thumb\libsysbase.a(iosupport.o)
                0x02039c64                dotab_stdnull
 *(EXCLUDE_FILE(*.twl*) .gnu.linkonce.r*)
                0x02039ccc                . = ALIGN (0x4)

.ARM.extab
 *(.ARM.extab* .gnu.linkonce.armextab.*)
                0x02039ccc                __exidx_start = .

ARM.exidx
 *(.ARM.exidx* .gnu.linkonce.armexidx.*)
                0x02039ccc                __exidx_end = .
                0x02039ccc                . = ALIGN (0x4)
                0x02039ccc                PROVIDE (__preinit_array_start, .)

.preinit_array
 *(.preinit_array)
                0x02039ccc                PROVIDE (__preinit_array_end, .)
                0x02039ccc                PROVIDE (__init_array_start, .)

.init_array     0x02039ccc        0x4
 *(SORT(.init_array.*))
 *(.init_array)
 .init_array    0x02039ccc        0x4 d:/win7/devkitpro/devkitarm/bin/../lib/gcc/arm-none-eabi/7.1.0/thumb/crtbegin.o
                0x02039cd0                PROVIDE (__init_array_end, .)
                [!provide]                PROVIDE (__fini_array_start, .)

.fini_array     0x02039cd0        0x4
 *(.fini_array)
 .fini_array    0x02039cd0        0x4 d:/win7/devkitpro/devkitarm/bin/../lib/gcc/arm-none-eabi/7.1.0/thumb/crtbegin.o
 *(SORT(.fini_array.*))
                [!provide]                PROVIDE (__fini_array_end, .)

.ctors          0x02039cd4        0x0
 *crtbegin.o(.ctors)
 *(EXCLUDE_FILE(*crtend.o) .ctors)
 *(SORT(.ctors.*))
 *(.ctors)
                0x02039cd4                . = ALIGN (0x4)

.dtors          0x02039cd4        0x0
 *crtbegin.o(.dtors)
 *(EXCLUDE_FILE(*crtend.o) .dtors)
 *(SORT(.dtors.*))
 *(.dtors)
                0x02039cd4                . = ALIGN (0x4)

.eh_frame       0x02039cd4        0x4
 *(.eh_frame)
 .eh_frame      0x02039cd4        0x0 d:/win7/devkitpro/devkitarm/bin/../lib/gcc/arm-none-eabi/7.1.0/thumb/crtbegin.o
 .eh_frame      0x02039cd4        0x4 d:/win7/devkitpro/devkitarm/bin/../lib/gcc/arm-none-eabi/7.1.0/thumb/crtend.o
                0x02039cd8                . = ALIGN (0x4)

.rel.dyn        0x02039cd8        0x0
 .rel.iplt      0x02039cd8        0x0 d:/win7/devkitpro/devkitarm/bin/../lib/gcc/arm-none-eabi/7.1.0/../../../../arm-none-eabi/lib/thumb/ds_arm9_crt0.o

.gcc_except_table
                0x02039cd8        0x0
 *(.gcc_except_table)
                0x02039cd8                . = ALIGN (0x4)

.jcr
 *(.jcr)

.got
 *(.got.plt)
 *(.got)
 *(.rel.got)

.ewram          0x02039cd8        0x0
                0x02039cd8                __ewram_start = ABSOLUTE (.)
 *(.ewram)
 *ewram.*(.text)
                0x02039cd8                . = ALIGN (0x4)

.data           0x02039cd8     0x210c
                0x02039cd8                __data_start = ABSOLUTE (.)
 *(EXCLUDE_FILE(*.twl*) .data)
 .data          0x02039cd8       0x28 D:/Win7/devkitPro/libnds/lib\libnds9.a(mpu_setup.o)
 *(EXCLUDE_FILE(*.twl*) .data.*)
 .data.count    0x02039d00        0x1 D:/Win7/devkitPro/libnds/lib\libnds9.a(keys.o)
 .data.delay    0x02039d01        0x1 D:/Win7/devkitPro/libnds/lib\libnds9.a(keys.o)
 .data.repeat   0x02039d02        0x1 D:/Win7/devkitPro/libnds/lib\libnds9.a(keys.o)
 *fill*         0x02039d03        0x1 ff
 .data.SimpleKbdLower
                0x02039d04      0x280 D:/Win7/devkitPro/libnds/lib\libnds9.a(keyboard.o)
                0x02039d04                SimpleKbdLower
 .data.SimpleKbdUpper
                0x02039f84      0x280 D:/Win7/devkitPro/libnds/lib\libnds9.a(keyboard.o)
                0x02039f84                SimpleKbdUpper
 .data.capsLock
                0x0203a204       0x14 D:/Win7/devkitPro/libnds/lib\libnds9.a(keyboard.o)
                0x0203a204                capsLock
 .data.curKeyboard
                0x0203a218        0x4 D:/Win7/devkitPro/libnds/lib\libnds9.a(keyboard.o)
                0x0203a218                curKeyboard
 .data.defaultKeyboard
                0x0203a21c       0x5c D:/Win7/devkitPro/libnds/lib\libnds9.a(keyboard.o)
                0x0203a21c                defaultKeyboard
 .data.lastKey  0x0203a278        0x4 D:/Win7/devkitPro/libnds/lib\libnds9.a(keyboard.o)
                0x0203a278                lastKey
 .data.lowerCase
                0x0203a27c       0x14 D:/Win7/devkitPro/libnds/lib\libnds9.a(keyboard.o)
                0x0203a27c                lowerCase
 .data.decomStream
                0x0203a290        0xc D:/Win7/devkitPro/libnds/lib\libnds9.a(decompress.o)
                0x0203a290                decomStream
 .data.currentConsole
                0x0203a29c        0x4 D:/Win7/devkitPro/libnds/lib\libnds9.a(console.o)
                0x0203a29c                currentConsole
 .data.defaultConsole
                0x0203a2a0       0x5c D:/Win7/devkitPro/libnds/lib\libnds9.a(console.o)
                0x0203a2a0                defaultConsole
 .data.firstConsoleInit.6490
                0x0203a2fc        0x1 D:/Win7/devkitPro/libnds/lib\libnds9.a(console.o)
 *fill*         0x0203a2fd        0x3 ff
 .data.bgControl
                0x0203a300       0x20 D:/Win7/devkitPro/libnds/lib\libnds9.a(background.o)
                0x0203a300                bgControl
 .data.bgScrollTable
                0x0203a320       0x20 D:/Win7/devkitPro/libnds/lib\libnds9.a(background.o)
                0x0203a320                bgScrollTable
 .data.bgTransform
                0x0203a340       0x20 D:/Win7/devkitPro/libnds/lib\libnds9.a(background.o)
                0x0203a340                bgTransform
 .data.fifo_buffer_free
                0x0203a360        0x4 D:/Win7/devkitPro/libnds/lib\libnds9.a(fifosystem.o)
                0x0203a360                fifo_buffer_free
 .data.fifo_freewords
                0x0203a364        0x4 D:/Win7/devkitPro/libnds/lib\libnds9.a(fifosystem.o)
                0x0203a364                fifo_freewords
 .data.fifo_receive_queue
                0x0203a368        0x4 D:/Win7/devkitPro/libnds/lib\libnds9.a(fifosystem.o)
                0x0203a368                fifo_receive_queue
 .data.fifo_send_queue
                0x0203a36c        0x4 D:/Win7/devkitPro/libnds/lib\libnds9.a(fifosystem.o)
                0x0203a36c                fifo_send_queue
 .data.__sfp_lock
                0x0203a370        0xc d:/win7/devkitpro/devkitarm/bin/../lib/gcc/arm-none-eabi/7.1.0/../../../../arm-none-eabi/lib/thumb\libg.a(lib_a-findfp.o)
 .data.__sinit_lock
                0x0203a37c        0xc d:/win7/devkitpro/devkitarm/bin/../lib/gcc/arm-none-eabi/7.1.0/../../../../arm-none-eabi/lib/thumb\libg.a(lib_a-findfp.o)
 .data._impure_ptr
                0x0203a388        0x4 d:/win7/devkitpro/devkitarm/bin/../lib/gcc/arm-none-eabi/7.1.0/../../../../arm-none-eabi/lib/thumb\libg.a(lib_a-impure.o)
                0x0203a388                _impure_ptr
 *fill*         0x0203a38c        0x4 ff
 .data.impure_data
                0x0203a390      0x460 d:/win7/devkitpro/devkitarm/bin/../lib/gcc/arm-none-eabi/7.1.0/../../../../arm-none-eabi/lib/thumb\libg.a(lib_a-impure.o)
 .data.__malloc_av_
                0x0203a7f0      0x408 d:/win7/devkitpro/devkitarm/bin/../lib/gcc/arm-none-eabi/7.1.0/../../../../arm-none-eabi/lib/thumb\libg.a(lib_a-mallocr.o)
                0x0203a7f0                __malloc_av_
 .data.__malloc_sbrk_base
                0x0203abf8        0x4 d:/win7/devkitpro/devkitarm/bin/../lib/gcc/arm-none-eabi/7.1.0/../../../../arm-none-eabi/lib/thumb\libg.a(lib_a-mallocr.o)
                0x0203abf8                __malloc_sbrk_base
 .data.__malloc_trim_threshold
                0x0203abfc        0x4 d:/win7/devkitpro/devkitarm/bin/../lib/gcc/arm-none-eabi/7.1.0/../../../../arm-none-eabi/lib/thumb\libg.a(lib_a-mallocr.o)
                0x0203abfc                __malloc_trim_threshold
 .data.__malloc_lock_object
                0x0203ac00        0xc d:/win7/devkitpro/devkitarm/bin/../lib/gcc/arm-none-eabi/7.1.0/../../../../arm-none-eabi/lib/thumb\libg.a(lib_a-mlock.o)
 .data.__global_locale
                0x0203ac0c      0x16c d:/win7/devkitpro/devkitarm/bin/../lib/gcc/arm-none-eabi/7.1.0/../../../../arm-none-eabi/lib/thumb\libg.a(lib_a-locale.o)
                0x0203ac0c                __global_locale
 .data.defaultDevice
                0x0203ad78        0x4 d:/win7/devkitpro/devkitarm/bin/../lib/gcc/arm-none-eabi/7.1.0/../../../../arm-none-eabi/lib/thumb\libsysbase.a(iosupport.o)
 .data.devoptab_list
                0x0203ad7c       0x40 d:/win7/devkitpro/devkitarm/bin/../lib/gcc/arm-none-eabi/7.1.0/../../../../arm-none-eabi/lib/thumb\libsysbase.a(iosupport.o)
                0x0203ad7c                devoptab_list
 .data.__hndl_lock
                0x0203adbc        0x4 d:/win7/devkitpro/devkitarm/bin/../lib/gcc/arm-none-eabi/7.1.0/../../../../arm-none-eabi/lib/thumb\libsysbase.a(handle_manager.o)
 .data.__stderr_handle
                0x0203adc0        0xc d:/win7/devkitpro/devkitarm/bin/../lib/gcc/arm-none-eabi/7.1.0/../../../../arm-none-eabi/lib/thumb\libsysbase.a(handle_manager.o)
 .data.__stdin_handle
                0x0203adcc        0xc d:/win7/devkitpro/devkitarm/bin/../lib/gcc/arm-none-eabi/7.1.0/../../../../arm-none-eabi/lib/thumb\libsysbase.a(handle_manager.o)
 .data.__stdout_handle
                0x0203add8        0xc d:/win7/devkitpro/devkitarm/bin/../lib/gcc/arm-none-eabi/7.1.0/../../../../arm-none-eabi/lib/thumb\libsysbase.a(handle_manager.o)
 .data.handles  0x0203ade4     0x1000 d:/win7/devkitpro/devkitarm/bin/../lib/gcc/arm-none-eabi/7.1.0/../../../../arm-none-eabi/lib/thumb\libsysbase.a(handle_manager.o)
 *(EXCLUDE_FILE(*.twl*) .gnu.linkonce.d*)
                0x0203bde4                . = ALIGN (0x4)
                0x0203bde4                __data_end = ABSOLUTE (.)
                0x0203bde4                __bss_vma = .

.igot.plt       0x0203bde4        0x0
 .igot.plt      0x0203bde4        0x0 d:/win7/devkitpro/devkitarm/bin/../lib/gcc/arm-none-eabi/7.1.0/../../../../arm-none-eabi/lib/thumb/ds_arm9_crt0.o

.tm_clone_table
                0x0203bde4        0x0
 .tm_clone_table
                0x0203bde4        0x0 d:/win7/devkitpro/devkitarm/bin/../lib/gcc/arm-none-eabi/7.1.0/thumb/crtbegin.o
 .tm_clone_table
                0x0203bde4        0x0 d:/win7/devkitpro/devkitarm/bin/../lib/gcc/arm-none-eabi/7.1.0/thumb/crtend.o

.dtcm           0x0b000000        0x0 load address 0x0203bde4
                0x0203bde4                __dtcm_lma = LOADADDR (.dtcm)
                0x0b000000                __dtcm_start = ABSOLUTE (.)
 *(.dtcm)
 *(.dtcm.*)
                0x0b000000                . = ALIGN (0x4)
                0x0b000000                __dtcm_end = ABSOLUTE (.)

.itcm           0x01000100      0x194 load address 0x0203bde4
                0x0203bde4                __itcm_lma = LOADADDR (.itcm)
                0x01000100                __itcm_start = ABSOLUTE (.)
 *(.itcm)
 .itcm          0x01000100       0xc8 D:/Win7/devkitPro/libnds/lib\libnds9.a(interrupts.o)
                0x01000100                irqTable
 .itcm          0x010001c8       0xcc D:/Win7/devkitPro/libnds/lib\libnds9.a(interruptDispatcher.o)
                0x010001c8                IntrMain
 *.itcm*(.text .stub .text.*)
                0x01000294                . = ALIGN (0x4)
                0x01000294                __itcm_end = ABSOLUTE (.)

.vectors        0x01000000        0x0 load address 0x0203bf78
                0x0203bf78                __vectors_lma = LOADADDR (.vectors)
                0x01000000                __vectors_start = ABSOLUTE (.)
 *(.vectors)
 *.vectors*(.text .stub .text.*)
                0x01000000                . = ALIGN (0x4)
                0x01000000                __vectors_end = ABSOLUTE (.)

.sbss           0x0b000000        0x0
                0x0b000000                __sbss_start = ABSOLUTE (.)
                0x0b000000                __sbss_start__ = ABSOLUTE (.)
 *(.sbss)
                0x0b000000                . = ALIGN (0x4)
                0x0b000000                __sbss_end = ABSOLUTE (.)

.bss            0x0203bde4      0xda8
                0x0203bde4                __bss_start = ABSOLUTE (.)
                0x0203bde4                __bss_start__ = ABSOLUTE (.)
 *(EXCLUDE_FILE(*.twl*) .dynbss)
 *(EXCLUDE_FILE(*.twl*) .gnu.linkonce.b*)
 *(EXCLUDE_FILE(*.twl*) .bss*)
 .bss.completed.6484
                0x0203bde4        0x1 d:/win7/devkitpro/devkitarm/bin/../lib/gcc/arm-none-eabi/7.1.0/thumb/crtbegin.o
 *fill*         0x0203bde5        0x3 
 .bss.object.6489
                0x0203bde8       0x18 d:/win7/devkitpro/devkitarm/bin/../lib/gcc/arm-none-eabi/7.1.0/thumb/crtbegin.o
 .bss.keys      0x0203be00        0x2 D:/Win7/devkitPro/libnds/lib\libnds9.a(keys.o)
 .bss.keysold   0x0203be02        0x2 D:/Win7/devkitPro/libnds/lib\libnds9.a(keys.o)
 .bss.keysrepeat
                0x0203be04        0x2 D:/Win7/devkitPro/libnds/lib\libnds9.a(keys.o)
 *fill*         0x0203be06        0x2 
 .bss.keyBufferLength
                0x0203be08        0x4 D:/Win7/devkitPro/libnds/lib\libnds9.a(keyboard.o)
                0x0203be08                keyBufferLength
 .bss.keyBufferOffset
                0x0203be0c        0x4 D:/Win7/devkitPro/libnds/lib\libnds9.a(keyboard.o)
                0x0203be0c                keyBufferOffset
 .bss.oldKeys.6837
                0x0203be10        0x4 D:/Win7/devkitPro/libnds/lib\libnds9.a(keyboard.o)
 .bss.pressed.6835
                0x0203be14        0x4 D:/Win7/devkitPro/libnds/lib\libnds9.a(keyboard.o)
 .bss.stdioRead
                0x0203be18        0x1 D:/Win7/devkitPro/libnds/lib\libnds9.a(keyboard.o)
                0x0203be18                stdioRead
 *fill*         0x0203be19        0x3 
 .bss.__timeout
                0x0203be1c        0x4 D:/Win7/devkitPro/libnds/lib\libnds9.a(fifosystem.o)
 .bss.processing
                0x0203be20        0x4 D:/Win7/devkitPro/libnds/lib\libnds9.a(fifosystem.o)
                0x0203be20                processing
 .bss.SDcallback
                0x0203be24        0x4 D:/Win7/devkitPro/libnds/lib\libnds9.a(system.o)
 .bss.__malloc_current_mallinfo
                0x0203be28       0x28 d:/win7/devkitpro/devkitarm/bin/../lib/gcc/arm-none-eabi/7.1.0/../../../../arm-none-eabi/lib/thumb\libg.a(lib_a-mallocr.o)
                0x0203be28                __malloc_current_mallinfo
 .bss.__malloc_max_sbrked_mem
                0x0203be50        0x4 d:/win7/devkitpro/devkitarm/bin/../lib/gcc/arm-none-eabi/7.1.0/../../../../arm-none-eabi/lib/thumb\libg.a(lib_a-mallocr.o)
                0x0203be50                __malloc_max_sbrked_mem
 .bss.__malloc_max_total_mem
                0x0203be54        0x4 d:/win7/devkitpro/devkitarm/bin/../lib/gcc/arm-none-eabi/7.1.0/../../../../arm-none-eabi/lib/thumb\libg.a(lib_a-mallocr.o)
                0x0203be54                __malloc_max_total_mem
 .bss.__malloc_top_pad
                0x0203be58        0x4 d:/win7/devkitpro/devkitarm/bin/../lib/gcc/arm-none-eabi/7.1.0/../../../../arm-none-eabi/lib/thumb\libg.a(lib_a-mallocr.o)
                0x0203be58                __malloc_top_pad
 .bss.heap_start.5814
                0x0203be5c        0x4 d:/win7/devkitpro/devkitarm/bin/../lib/gcc/arm-none-eabi/7.1.0/../../../../arm-none-eabi/lib/thumb\libsysbase.a(sbrk.o)
 .bss.fake_heap_end
                0x0203be60        0x4 d:/win7/devkitpro/devkitarm/bin/../lib/gcc/arm-none-eabi/7.1.0/../../../../arm-none-eabi/lib/thumb\libsysbase.a(malloc_vars.o)
                0x0203be60                fake_heap_end
 .bss.fake_heap_start
                0x0203be64        0x4 d:/win7/devkitpro/devkitarm/bin/../lib/gcc/arm-none-eabi/7.1.0/../../../../arm-none-eabi/lib/thumb\libsysbase.a(malloc_vars.o)
                0x0203be64                fake_heap_start
 .bss.__syscalls
                0x0203be68       0x38 d:/win7/devkitpro/devkitarm/bin/../lib/gcc/arm-none-eabi/7.1.0/../../../../arm-none-eabi/lib/thumb\libsysbase.a(syscall_support.o)
                0x0203be68                __syscalls
 *(EXCLUDE_FILE(*.twl*) COMMON)
 COMMON         0x0203bea0      0x100 D:/Win7/devkitPro/libnds/lib\libnds9.a(keyboard.o)
                0x0203bea0                keyBuffer
 COMMON         0x0203bfa0       0x5c D:/Win7/devkitPro/libnds/lib\libnds9.a(console.o)
                0x0203bfa0                currentCopy
 COMMON         0x0203bffc      0x148 D:/Win7/devkitPro/libnds/lib\libnds9.a(background.o)
                0x0203bffc                bgState
                0x0203c13c                bgIsTextLut
 COMMON         0x0203c144        0x1 D:/Win7/devkitPro/libnds/lib\libnds9.a(initSystem.o)
                0x0203c144                __dsimode
 *fill*         0x0203c145        0x3 
 COMMON         0x0203c148      0xa40 D:/Win7/devkitPro/libnds/lib\libnds9.a(fifosystem.o)
                0x0203c148                fifo_datamsg_data
                0x0203c188                fifo_buffer
                0x0203c988                fifo_value32_func
                0x0203c9c8                fifo_address_func
                0x0203ca08                fifo_value32_data
                0x0203ca48                fifo_value32_queue
                0x0203ca88                fifo_data_queue
                0x0203cac8                fifo_address_data
                0x0203cb08                fifo_datamsg_func
                0x0203cb48                fifo_address_queue
 COMMON         0x0203cb88        0x4 D:/Win7/devkitPro/libnds/lib\libnds9.a(timeSupport.o)
                0x0203cb88                punixTime
                0x0203cb8c                . = ALIGN (0x4)
                0x0203cb8c                __bss_end__ = ABSOLUTE (.)
                0x0203cb8c                __end__ = ABSOLUTE (.)

.twl            0x0203cb8c        0x0 load address 0x02400000
                0x02400000                __arm9i_lma__ = LOADADDR (.twl)
                0x0203cb8c                __arm9i_start__ = ABSOLUTE (.)
 *(.twl)
 *.twl*(.text .stub .text.* .gnu.linkonce.t.*)
 *.twl*(.rodata)
 *.twl*(.roda)
 *.twl*(.rodata.*)
 *.twl*(.data)
 *.twl*(.data.*)
 *.twl*(.gnu.linkonce.d*)
                0x0203cb8c                __arm9i_end__ = ABSOLUTE (.)

.twl_bss        0x0203cb8c        0x0
                0x0203cb8c                __twl_bss_start__ = ABSOLUTE (.)
 *(.twl_bss)
 *.twl*(.dynbss)
 *.twl*(.gnu.linkonce.b*)
 *.twl*(.bss*)
 *.twl*(COMMON)
                0x0203cb8c                . = ALIGN (0x4)
                0x0203cb8c                __twl_bss_end__ = ABSOLUTE (.)
                0x0203cb8c                __twl_end__ = ABSOLUTE (.)

.stab
 *(.stab)

.stabstr
 *(.stabstr)

.stab.excl
 *(.stab.excl)

.stab.exclstr
 *(.stab.exclstr)

.stab.index
 *(.stab.index)

.stab.indexstr
 *(.stab.indexstr)

.comment        0x00000000       0x44
 *(.comment)
 .comment       0x00000000       0x22 d:/win7/devkitpro/devkitarm/bin/../lib/gcc/arm-none-eabi/7.1.0/thumb/crtbegin.o
                                 0x23 (size before relaxing)
 .comment       0x00000022       0x23 main.o
 .comment       0x00000022       0x22 D:/Win7/devkitPro/libnds/lib\libnds9.a(keys.o)
                                 0x23 (size before relaxing)
 .comment       0x00000044       0x23 D:/Win7/devkitPro/libnds/lib\libnds9.a(keyboard.o)
 .comment       0x00000044       0x23 D:/Win7/devkitPro/libnds/lib\libnds9.a(decompress.o)
 .comment       0x00000044       0x23 D:/Win7/devkitPro/libnds/lib\libnds9.a(console.o)
 .comment       0x00000044       0x23 D:/Win7/devkitPro/libnds/lib\libnds9.a(touch.o)
 .comment       0x00000044       0x23 D:/Win7/devkitPro/libnds/lib\libnds9.a(background.o)
 .comment       0x00000044       0x23 D:/Win7/devkitPro/libnds/lib\libnds9.a(securearea.o)
 .comment       0x00000044       0x23 D:/Win7/devkitPro/libnds/lib\libnds9.a(initSystem.o)
 .comment       0x00000044       0x23 D:/Win7/devkitPro/libnds/lib\libnds9.a(fifosystem.o)
 .comment       0x00000044       0x23 D:/Win7/devkitPro/libnds/lib\libnds9.a(syscalls.o)
 .comment       0x00000044       0x23 D:/Win7/devkitPro/libnds/lib\libnds9.a(libnds_exit.arm.o)
 .comment       0x00000044       0x23 D:/Win7/devkitPro/libnds/lib\libnds9.a(interrupts.o)
 .comment       0x00000044       0x23 D:/Win7/devkitPro/libnds/lib\libnds9.a(trig.o)
 .comment       0x00000044       0x23 D:/Win7/devkitPro/libnds/lib\libnds9.a(system.o)
 .comment       0x00000044       0x23 D:/Win7/devkitPro/libnds/lib\libnds9.a(video.o)
 .comment       0x00000044       0x23 D:/Win7/devkitPro/libnds/lib\libnds9.a(timeSupport.o)
 .comment       0x00000044       0x23 d:/win7/devkitpro/devkitarm/bin/../lib/gcc/arm-none-eabi/7.1.0/../../../../arm-none-eabi/lib/thumb\libg.a(lib_a-fclose.o)
 .comment       0x00000044       0x23 d:/win7/devkitpro/devkitarm/bin/../lib/gcc/arm-none-eabi/7.1.0/../../../../arm-none-eabi/lib/thumb\libg.a(lib_a-fflush.o)
 .comment       0x00000044       0x23 d:/win7/devkitpro/devkitarm/bin/../lib/gcc/arm-none-eabi/7.1.0/../../../../arm-none-eabi/lib/thumb\libg.a(lib_a-findfp.o)
 .comment       0x00000044       0x23 d:/win7/devkitpro/devkitarm/bin/../lib/gcc/arm-none-eabi/7.1.0/../../../../arm-none-eabi/lib/thumb\libg.a(lib_a-fopen.o)
 .comment       0x00000044       0x23 d:/win7/devkitpro/devkitarm/bin/../lib/gcc/arm-none-eabi/7.1.0/../../../../arm-none-eabi/lib/thumb\libg.a(lib_a-fprintf.o)
 .comment       0x00000044       0x23 d:/win7/devkitpro/devkitarm/bin/../lib/gcc/arm-none-eabi/7.1.0/../../../../arm-none-eabi/lib/thumb\libg.a(lib_a-fputc.o)
 .comment       0x00000044       0x23 d:/win7/devkitpro/devkitarm/bin/../lib/gcc/arm-none-eabi/7.1.0/../../../../arm-none-eabi/lib/thumb\libg.a(lib_a-freer.o)
 .comment       0x00000044       0x23 d:/win7/devkitpro/devkitarm/bin/../lib/gcc/arm-none-eabi/7.1.0/../../../../arm-none-eabi/lib/thumb\libg.a(lib_a-fseek.o)
 .comment       0x00000044       0x23 d:/win7/devkitpro/devkitarm/bin/../lib/gcc/arm-none-eabi/7.1.0/../../../../arm-none-eabi/lib/thumb\libg.a(lib_a-fseeko.o)
 .comment       0x00000044       0x23 d:/win7/devkitpro/devkitarm/bin/../lib/gcc/arm-none-eabi/7.1.0/../../../../arm-none-eabi/lib/thumb\libg.a(lib_a-fwalk.o)
 .comment       0x00000044       0x23 d:/win7/devkitpro/devkitarm/bin/../lib/gcc/arm-none-eabi/7.1.0/../../../../arm-none-eabi/lib/thumb\libg.a(lib_a-impure.o)
 .comment       0x00000044       0x23 d:/win7/devkitpro/devkitarm/bin/../lib/gcc/arm-none-eabi/7.1.0/../../../../arm-none-eabi/lib/thumb\libg.a(lib_a-init.o)
 .comment       0x00000044       0x23 d:/win7/devkitpro/devkitarm/bin/../lib/gcc/arm-none-eabi/7.1.0/../../../../arm-none-eabi/lib/thumb\libg.a(lib_a-iprintf.o)
 .comment       0x00000044       0x23 d:/win7/devkitpro/devkitarm/bin/../lib/gcc/arm-none-eabi/7.1.0/../../../../arm-none-eabi/lib/thumb\libg.a(lib_a-makebuf.o)
 .comment       0x00000044       0x23 d:/win7/devkitpro/devkitarm/bin/../lib/gcc/arm-none-eabi/7.1.0/../../../../arm-none-eabi/lib/thumb\libg.a(lib_a-mallocr.o)
 .comment       0x00000044       0x23 d:/win7/devkitpro/devkitarm/bin/../lib/gcc/arm-none-eabi/7.1.0/../../../../arm-none-eabi/lib/thumb\libg.a(lib_a-memcpy-stub.o)
 .comment       0x00000044       0x23 d:/win7/devkitpro/devkitarm/bin/../lib/gcc/arm-none-eabi/7.1.0/../../../../arm-none-eabi/lib/thumb\libg.a(lib_a-memset.o)
 .comment       0x00000044       0x23 d:/win7/devkitpro/devkitarm/bin/../lib/gcc/arm-none-eabi/7.1.0/../../../../arm-none-eabi/lib/thumb\libg.a(lib_a-mlock.o)
 .comment       0x00000044       0x23 d:/win7/devkitpro/devkitarm/bin/../lib/gcc/arm-none-eabi/7.1.0/../../../../arm-none-eabi/lib/thumb\libg.a(lib_a-putc.o)
 .comment       0x00000044       0x23 d:/win7/devkitpro/devkitarm/bin/../lib/gcc/arm-none-eabi/7.1.0/../../../../arm-none-eabi/lib/thumb\libg.a(lib_a-rand.o)
 .comment       0x00000044       0x23 d:/win7/devkitpro/devkitarm/bin/../lib/gcc/arm-none-eabi/7.1.0/../../../../arm-none-eabi/lib/thumb\libg.a(lib_a-refill.o)
 .comment       0x00000044       0x23 d:/win7/devkitpro/devkitarm/bin/../lib/gcc/arm-none-eabi/7.1.0/../../../../arm-none-eabi/lib/thumb\libg.a(lib_a-scanf.o)
 .comment       0x00000044       0x23 d:/win7/devkitpro/devkitarm/bin/../lib/gcc/arm-none-eabi/7.1.0/../../../../arm-none-eabi/lib/thumb\libg.a(lib_a-setvbuf.o)
 .comment       0x00000044       0x23 d:/win7/devkitpro/devkitarm/bin/../lib/gcc/arm-none-eabi/7.1.0/../../../../arm-none-eabi/lib/thumb\libg.a(lib_a-siscanf.o)
 .comment       0x00000044       0x23 d:/win7/devkitpro/devkitarm/bin/../lib/gcc/arm-none-eabi/7.1.0/../../../../arm-none-eabi/lib/thumb\libg.a(lib_a-stdio.o)
 .comment       0x00000044       0x23 d:/win7/devkitpro/devkitarm/bin/../lib/gcc/arm-none-eabi/7.1.0/../../../../arm-none-eabi/lib/thumb\libg.a(lib_a-strlen-stub.o)
 .comment       0x00000044       0x23 d:/win7/devkitpro/devkitarm/bin/../lib/gcc/arm-none-eabi/7.1.0/../../../../arm-none-eabi/lib/thumb\libg.a(lib_a-svfiscanf.o)
 .comment       0x00000044       0x23 d:/win7/devkitpro/devkitarm/bin/../lib/gcc/arm-none-eabi/7.1.0/../../../../arm-none-eabi/lib/thumb\libg.a(lib_a-ungetc.o)
 .comment       0x00000044       0x23 d:/win7/devkitpro/devkitarm/bin/../lib/gcc/arm-none-eabi/7.1.0/../../../../arm-none-eabi/lib/thumb\libg.a(lib_a-vfiprintf.o)
 .comment       0x00000044       0x23 d:/win7/devkitpro/devkitarm/bin/../lib/gcc/arm-none-eabi/7.1.0/../../../../arm-none-eabi/lib/thumb\libg.a(lib_a-vfprintf.o)
 .comment       0x00000044       0x23 d:/win7/devkitpro/devkitarm/bin/../lib/gcc/arm-none-eabi/7.1.0/../../../../arm-none-eabi/lib/thumb\libg.a(lib_a-vfscanf.o)
 .comment       0x00000044       0x23 d:/win7/devkitpro/devkitarm/bin/../lib/gcc/arm-none-eabi/7.1.0/../../../../arm-none-eabi/lib/thumb\libg.a(lib_a-wbuf.o)
 .comment       0x00000044       0x23 d:/win7/devkitpro/devkitarm/bin/../lib/gcc/arm-none-eabi/7.1.0/../../../../arm-none-eabi/lib/thumb\libg.a(lib_a-wcrtomb.o)
 .comment       0x00000044       0x23 d:/win7/devkitpro/devkitarm/bin/../lib/gcc/arm-none-eabi/7.1.0/../../../../arm-none-eabi/lib/thumb\libg.a(lib_a-wcsrtombs.o)
 .comment       0x00000044       0x23 d:/win7/devkitpro/devkitarm/bin/../lib/gcc/arm-none-eabi/7.1.0/../../../../arm-none-eabi/lib/thumb\libg.a(lib_a-wsetup.o)
 .comment       0x00000044       0x23 d:/win7/devkitpro/devkitarm/bin/../lib/gcc/arm-none-eabi/7.1.0/../../../../arm-none-eabi/lib/thumb\libg.a(lib_a-dtoa.o)
 .comment       0x00000044       0x23 d:/win7/devkitpro/devkitarm/bin/../lib/gcc/arm-none-eabi/7.1.0/../../../../arm-none-eabi/lib/thumb\libg.a(lib_a-flags.o)
 .comment       0x00000044       0x23 d:/win7/devkitpro/devkitarm/bin/../lib/gcc/arm-none-eabi/7.1.0/../../../../arm-none-eabi/lib/thumb\libg.a(lib_a-fread.o)
 .comment       0x00000044       0x23 d:/win7/devkitpro/devkitarm/bin/../lib/gcc/arm-none-eabi/7.1.0/../../../../arm-none-eabi/lib/thumb\libg.a(lib_a-fvwrite.o)
 .comment       0x00000044       0x23 d:/win7/devkitpro/devkitarm/bin/../lib/gcc/arm-none-eabi/7.1.0/../../../../arm-none-eabi/lib/thumb\libg.a(lib_a-iswspace.o)
 .comment       0x00000044       0x23 d:/win7/devkitpro/devkitarm/bin/../lib/gcc/arm-none-eabi/7.1.0/../../../../arm-none-eabi/lib/thumb\libg.a(lib_a-jp2uc.o)
 .comment       0x00000044       0x23 d:/win7/devkitpro/devkitarm/bin/../lib/gcc/arm-none-eabi/7.1.0/../../../../arm-none-eabi/lib/thumb\libg.a(lib_a-localeconv.o)
 .comment       0x00000044       0x23 d:/win7/devkitpro/devkitarm/bin/../lib/gcc/arm-none-eabi/7.1.0/../../../../arm-none-eabi/lib/thumb\libg.a(lib_a-locale.o)
 .comment       0x00000044       0x23 d:/win7/devkitpro/devkitarm/bin/../lib/gcc/arm-none-eabi/7.1.0/../../../../arm-none-eabi/lib/thumb\libg.a(lib_a-malloc.o)
 .comment       0x00000044       0x23 d:/win7/devkitpro/devkitarm/bin/../lib/gcc/arm-none-eabi/7.1.0/../../../../arm-none-eabi/lib/thumb\libg.a(lib_a-mbrtowc.o)
 .comment       0x00000044       0x23 d:/win7/devkitpro/devkitarm/bin/../lib/gcc/arm-none-eabi/7.1.0/../../../../arm-none-eabi/lib/thumb\libg.a(lib_a-mbtowc_r.o)
 .comment       0x00000044       0x23 d:/win7/devkitpro/devkitarm/bin/../lib/gcc/arm-none-eabi/7.1.0/../../../../arm-none-eabi/lib/thumb\libg.a(lib_a-memchr-stub.o)
 .comment       0x00000044       0x23 d:/win7/devkitpro/devkitarm/bin/../lib/gcc/arm-none-eabi/7.1.0/../../../../arm-none-eabi/lib/thumb\libg.a(lib_a-memmove.o)