Archive member included to satisfy reference by file (symbol)

D:/Win7/devkitPro/libnds/lib\libnds9.a(keys.o)
                              main.o (scanKeys)
D:/Win7/devkitPro/libnds/lib\libnds9.a(sound.o)
                              main.o (soundEnable)
D:/Win7/devkitPro/libnds/lib\libnds9.a(console.o)
                              console.o (consoleDemoInit)
D:/Win7/devkitPro/libnds/lib\libnds9.a(background.o)
                              D:/Win7/devkitPro/libnds/lib\libnds9.a(console.o) (bgState)
D:/Win7/devkitPro/libnds/lib\libnds9.a(securearea.o)
                              d:/win7/devkitpro/devkitarm/bin/../lib/gcc/arm-none-eabi/7.1.0/../../../../arm-none-eabi/lib/thumb/ds_arm9_crt0.o (__secure_area__)
D:/Win7/devkitPro/libnds/lib\libnds9.a(initSystem.o)
                              d:/win7/devkitpro/devkitarm/bin/../lib/gcc/arm-none-eabi/7.1.0/../../../../arm-none-eabi/lib/thumb/ds_arm9_crt0.o (initSystem)
D:/Win7/devkitPro/libnds/lib\libnds9.a(fifosystem.o)
                              D:/Win7/devkitPro/libnds/lib\libnds9.a(initSystem.o) (fifoSetValue32Handler)
D:/Win7/devkitPro/libnds/lib\libnds9.a(libnds_exit.arm.o)
                              d:/win7/devkitpro/devkitarm/bin/../lib/gcc/arm-none-eabi/7.1.0/../../../../arm-none-eabi/lib/thumb/ds_arm9_crt0.o (__libnds_exit)
D:/Win7/devkitPro/libnds/lib\libnds9.a(interrupts.o)
                              D:/Win7/devkitPro/libnds/lib\libnds9.a(fifosystem.o) (irqSet)
D:/Win7/devkitPro/libnds/lib\libnds9.a(timers.o)
                              main.o (timerStart)
D:/Win7/devkitPro/libnds/lib\libnds9.a(cpu_clock.o)
                              D:/Win7/devkitPro/libnds/lib\libnds9.a(initSystem.o) (setCpuClock)
D:/Win7/devkitPro/libnds/lib\libnds9.a(IntrWait.o)
                              main.o (swiWaitForVBlank)
D:/Win7/devkitPro/libnds/lib\libnds9.a(mpu_setup.o)
                              d:/win7/devkitpro/devkitarm/bin/../lib/gcc/arm-none-eabi/7.1.0/../../../../arm-none-eabi/lib/thumb/ds_arm9_crt0.o (__libnds_mpu_setup)
D:/Win7/devkitPro/libnds/lib\libnds9.a(swiSoftReset.o)
                              D:/Win7/devkitPro/libnds/lib\libnds9.a(fifosystem.o) (swiSoftReset)
D:/Win7/devkitPro/libnds/lib\libnds9.a(debugprint.o)
                              D:/Win7/devkitPro/libnds/lib\libnds9.a(console.o) (nocashWrite)
D:/Win7/devkitPro/libnds/lib\libnds9.a(interruptDispatcher.o)
                              D:/Win7/devkitPro/libnds/lib\libnds9.a(interrupts.o) (IntrMain)
D:/Win7/devkitPro/libnds/lib\libnds9.a(default_font.bin.o)
                              D:/Win7/devkitPro/libnds/lib\libnds9.a(console.o) (default_font_bin)
D:/Win7/devkitPro/libnds/lib\libnds9.a(trig.o)
                              D:/Win7/devkitPro/libnds/lib\libnds9.a(background.o) (sinLerp)
D:/Win7/devkitPro/libnds/lib\libnds9.a(system.o)
                              D:/Win7/devkitPro/libnds/lib\libnds9.a(initSystem.o) (systemValueHandler)
D:/Win7/devkitPro/libnds/lib\libnds9.a(video.o)
                              D:/Win7/devkitPro/libnds/lib\libnds9.a(initSystem.o) (vramDefault)
D:/Win7/devkitPro/libnds/lib\libnds9.a(timeSupport.o)
                              D:/Win7/devkitPro/libnds/lib\libnds9.a(initSystem.o) (__libnds_gtod)
D:/Win7/devkitPro/libnds/lib\libnds9.a(biosCalls.o)
                              D:/Win7/devkitPro/libnds/lib\libnds9.a(system.o) (swiDelay)
d:/win7/devkitpro/devkitarm/bin/../lib/gcc/arm-none-eabi/7.1.0/../../../../arm-none-eabi/lib/thumb\libm.a(lib_a-w_sqrt.o)
                              main.o (sqrt)
d:/win7/devkitpro/devkitarm/bin/../lib/gcc/arm-none-eabi/7.1.0/../../../../arm-none-eabi/lib/thumb\libm.a(lib_a-e_sqrt.o)
                              d:/win7/devkitpro/devkitarm/bin/../lib/gcc/arm-none-eabi/7.1.0/../../../../arm-none-eabi/lib/thumb\libm.a(lib_a-w_sqrt.o) (__ieee754_sqrt)
d:/win7/devkitpro/devkitarm/bin/../lib/gcc/arm-none-eabi/7.1.0/../../../../arm-none-eabi/lib/thumb\libm.a(lib_a-s_lib_ver.o)
                              d:/win7/devkitpro/devkitarm/bin/../lib/gcc/arm-none-eabi/7.1.0/../../../../arm-none-eabi/lib/thumb\libm.a(lib_a-w_sqrt.o) (__fdlib_version)
d:/win7/devkitpro/devkitarm/bin/../lib/gcc/arm-none-eabi/7.1.0/../../../../arm-none-eabi/lib/thumb\libm.a(lib_a-s_matherr.o)
                              d:/win7/devkitpro/devkitarm/bin/../lib/gcc/arm-none-eabi/7.1.0/../../../../arm-none-eabi/lib/thumb\libm.a(lib_a-w_sqrt.o) (matherr)
d:/win7/devkitpro/devkitarm/bin/../lib/gcc/arm-none-eabi/7.1.0/thumb\libgcc.a(_divsi3.o)
                              main.o (__aeabi_idiv)
d:/win7/devkitpro/devkitarm/bin/../lib/gcc/arm-none-eabi/7.1.0/thumb\libgcc.a(_dvmd_tls.o)
                              d:/win7/devkitpro/devkitarm/bin/../lib/gcc/arm-none-eabi/7.1.0/thumb\libgcc.a(_divsi3.o) (__aeabi_idiv0)
d:/win7/devkitpro/devkitarm/bin/../lib/gcc/arm-none-eabi/7.1.0/thumb\libgcc.a(_arm_addsubdf3.o)
[...]
Memory Configuration

Name             Origin             Length             Attributes
ewram            0x02000000         0x00380000
dtcm             0x0b000000         0x00004000
vectors          0x01000000         0x00000100
itcm             0x01000100         0x00007f00
*default*        0x00000000         0xffffffff

Linker script and memory map

                0x02380000                __ewram_end = (ORIGIN (ewram) + LENGTH (ewram))
                0x02380000                __eheap_end = (ORIGIN (ewram) + LENGTH (ewram))
                0x0b004000                __dtcm_top = (ORIGIN (dtcm) + LENGTH (dtcm))
                0x0b003ff8                __irq_flags = (__dtcm_top - 0x8)
                0x0b003ffc                __irq_vector = (__dtcm_top - 0x4)
                0x0b003f00                __sp_svc = (__dtcm_top - 0x100)
                0x0b003e00                __sp_irq = (__sp_svc - 0x100)
                0x0b003d00                __sp_usr = (__sp_irq - 0x100)

.secure         0x02000000      0x800
 *(.secure)
 .secure        0x02000000      0x800 D:/Win7/devkitPro/libnds/lib\libnds9.a(securearea.o)
                0x02000000                __secure_area__

.crt0           0x02000800      0x300
                0x02000800                __text_start = .
 *(.crt0)
 .crt0          0x02000800      0x300 d:/win7/devkitpro/devkitarm/bin/../lib/gcc/arm-none-eabi/7.1.0/../../../../arm-none-eabi/lib/thumb/ds_arm9_crt0.o
                0x02000800                _start
                0x02000b00                . = ALIGN (0x4)

.plt
 *(.plt)

.init           0x02000b00        0xc
 *(SORT(.init))
 .init          0x02000b00        0x4 d:/win7/devkitpro/devkitarm/bin/../lib/gcc/arm-none-eabi/7.1.0/thumb/crti.o
                0x02000b00                _init
 .init          0x02000b04        0x8 d:/win7/devkitpro/devkitarm/bin/../lib/gcc/arm-none-eabi/7.1.0/thumb/crtn.o

.text           0x02000b10     0xf7b8
 *(EXCLUDE_FILE(*.twl* *.vectors* *.itcm*) .text)
 .text          0x02000b10     0x1544 main.o
                0x02000c0c                initFast
                0x02000c34                initSounds
                0x02000cb0                readKeys
                0x02000d08                waitForA
                0x02000d24                init
                0x02000dc8                checkForGameOver
                0x02000e14                setupGraphics
                0x02001170                updateGraphics
                0x02001250                refreshLifes
                0x0200126c                restoreLifes
                0x020012a4                initSpriteObjects
                0x020012f0                initGame
                0x020012fc                getBulletWidth
                0x02001314                getBulletHeight
                0x02001320                removeBullets
                0x02001338                killBulletById
                0x02001358                player_moveL
                0x0200136c                player_moveR
                0x02001388                player_fire
                0x020013a8                initPlayer
                0x020013d8                checkCollisionWithPlayer
                0x02001490                checkCollisionWithBullets
                0x020015ac                killPlayer
                0x020015f8                centerPlayer
                0x02001604                initMystery
                0x02001624                updateMystery
                0x0200168c                updateInvaders
                0x020017c8                updateInvaderBullets
                0x02001830                checkCollisionWithInvaders
                0x02001b34                checkCollisionWithMystery
                0x02001b50                getInvaderWidth
                0x02001b64                getInvaderHeight
                0x02001b7c                addPointsByType
                0x02001bb8                killMystery
                0x02001bd4                killInvaderById
                0x02001c40                updatePlayerBullet
                0x02001d08                updateBullets
                0x02001d14                refreshInvaders
                0x02001d54                startTimers
                0x02001db8                refreshTimersFreq
                0x02001dcc                stopTimers
                0x02001df0                soundsStop
                0x02001e30                gameOver
                0x02001e58                goodGameOver
                0x02001e6c                refreshMap
                0x02001ec4                waitForRefreshGame
                0x02001f5c                checkForRefresh
                0x02001f74                inverseMysteryFreq
                0x02001fb4                soundsCallback
 .text          0x02002054       0xd0 console.o
                0x02002054                initConsole
                0x0200205c                setColor
                0x0200206c                setText
                0x0200207c                clearConsole
                0x0200208c                clearLine
                0x0200209c                printMessage
                0x020020dc                printScoreMessage
                0x02002100                printWholeMessage
 .text          0x02002124      0xcf0 screens.o
                0x02002124                refreshGameScreen
                0x02002160                displayTitleScreen
                0x0200219c                changeTitleScreenVelocity
                0x020021cc                animateTitleScreen
                0x0200238c                displayActionScreen
                0x020023cc                changeActionScreenVelocity
                0x020023fc                animateActionScreen
                0x020024d8                displayGameScreen
                0x02002518                displayEndScreen
                0x02002558                changeEndScreenVelocity
                0x02002588                animateEndScreen
                0x02002668                endAnimation
                0x02002678                initTitleScreen
                0x02002928                initActionScreen
                0x02002a78                initGameScreen
                0x02002bc0                initEndScreen
                0x02002d20                refreshGameScreenStatus
                0x02002d78                refreshEndScreenStatus
                0x02002dcc                addScore
                0x02002de0                finalScore
                0x02002df8                getHiScore
 .text          0x02002e14      0x150 d:/win7/devkitpro/devkitarm/bin/../lib/gcc/arm-none-eabi/7.1.0/thumb\libgcc.a(_divsi3.o)
                0x02002e14                __divsi3
                0x02002e14                __aeabi_idiv
                0x02002f44                __aeabi_idivmod
 .text          0x02002f64        0x4 d:/win7/devkitpro/devkitarm/bin/../lib/gcc/arm-none-eabi/7.1.0/thumb\libgcc.a(_dvmd_tls.o)
                0x02002f64                __aeabi_idiv0
                0x02002f64                __aeabi_ldiv0
 .text          0x02002f68      0x424 d:/win7/devkitpro/devkitarm/bin/../lib/gcc/arm-none-eabi/7.1.0/thumb\libgcc.a(_arm_addsubdf3.o)
                0x02002f68                __aeabi_drsub
                0x02002f70                __aeabi_dsub
                0x02002f70                __subdf3
                0x02002f74                __aeabi_dadd
                0x02002f74                __adddf3
                0x02003284                __floatunsidf
                0x02003284                __aeabi_ui2d
                0x020032a8                __floatsidf
                0x020032a8                __aeabi_i2d
                0x020032d0                __aeabi_f2d
                0x020032d0                __extendsfdf2
                0x02003318                __floatundidf
                0x02003318                __aeabi_ul2d
                0x0200332c                __floatdidf
                0x0200332c                __aeabi_l2d
 .text          0x0200338c      0x49c d:/win7/devkitpro/devkitarm/bin/../lib/gcc/arm-none-eabi/7.1.0/thumb\libgcc.a(_arm_muldivdf3.o)
                0x0200338c                __aeabi_dmul
                0x0200338c                __muldf3
                0x0200361c                __divdf3
                0x0200361c                __aeabi_ddiv
 .text          0x02003828      0x144 d:/win7/devkitpro/devkitarm/bin/../lib/gcc/arm-none-eabi/7.1.0/thumb\libgcc.a(_arm_cmpdf2.o)
                0x02003828                __gtdf2
                0x02003828                __gedf2
                0x02003830                __ltdf2
                0x02003830                __ledf2
                0x02003838                __nedf2
                0x02003838                __eqdf2
                0x02003838                __cmpdf2
                0x020038c0                __aeabi_cdrcmple
                0x020038dc                __aeabi_cdcmpeq
                0x020038dc                __aeabi_cdcmple
                0x020038f4                __aeabi_dcmpeq
                0x0200390c                __aeabi_dcmplt
                0x02003924                __aeabi_dcmple
                0x0200393c                __aeabi_dcmpge
                0x02003954                __aeabi_dcmpgt
 .text          0x0200396c       0x38 d:/win7/devkitpro/devkitarm/bin/../lib/gcc/arm-none-eabi/7.1.0/thumb\libgcc.a(_arm_unorddf2.o)
                0x0200396c                __unorddf2
                0x0200396c                __aeabi_dcmpun
 .text          0x020039a4       0x5c d:/win7/devkitpro/devkitarm/bin/../lib/gcc/arm-none-eabi/7.1.0/thumb\libgcc.a(_arm_fixdfsi.o)
                0x020039a4                __aeabi_d2iz
                0x020039a4                __fixdfsi
 .text          0x02003a00      0x224 d:/win7/devkitpro/devkitarm/bin/../lib/gcc/arm-none-eabi/7.1.0/../../../../arm-none-eabi/lib/thumb\libg.a(lib_a-strcmp.o)
                0x02003a00                strcmp
 .text          0x02003c24      0x11c d:/win7/devkitpro/devkitarm/bin/../lib/gcc/arm-none-eabi/7.1.0/thumb\libgcc.a(_udivsi3.o)
                0x02003c24                __aeabi_uidiv
                0x02003c24                __udivsi3
                0x02003d20                __aeabi_uidivmod
 .text          0x02003d40       0x3c d:/win7/devkitpro/devkitarm/bin/../lib/gcc/arm-none-eabi/7.1.0/thumb\libgcc.a(_aeabi_uldivmod.o)
                0x02003d40                __aeabi_uldivmod
 .text          0x02003d7c       0x28 d:/win7/devkitpro/devkitarm/bin/../lib/gcc/arm-none-eabi/7.1.0/thumb\libgcc.a(_clzdi2.o)
                0x02003d7c                __clzdi2
 .text          0x02003da4       0x48 d:/win7/devkitpro/devkitarm/bin/../lib/gcc/arm-none-eabi/7.1.0/thumb\libgcc.a(_clzsi2.o)
                0x02003da4                __clzsi2
 *(EXCLUDE_FILE(*.twl* *.vectors* *.itcm*) .stub)
 *(EXCLUDE_FILE(*.twl* *.vectors* *.itcm*) .text.*)
 .text.deregister_tm_clones
                0x02003dec       0x2c d:/win7/devkitpro/devkitarm/bin/../lib/gcc/arm-none-eabi/7.1.0/thumb/crtbegin.o
 .text.register_tm_clones
                0x02003e18       0x34 d:/win7/devkitpro/devkitarm/bin/../lib/gcc/arm-none-eabi/7.1.0/thumb/crtbegin.o
 .text.__do_global_dtors_aux
                0x02003e4c       0x30 d:/win7/devkitpro/devkitarm/bin/../lib/gcc/arm-none-eabi/7.1.0/thumb/crtbegin.o
 .text.frame_dummy
                0x02003e7c       0x28 d:/win7/devkitpro/devkitarm/bin/../lib/gcc/arm-none-eabi/7.1.0/thumb/crtbegin.o
 .text.startup  0x02003ea4       0x58 main.o
                0x02003ea4                main
 .text.scanKeys
                0x02003efc       0x8c D:/Win7/devkitPro/libnds/lib\libnds9.a(keys.o)
                0x02003efc                scanKeys
 .text.keysHeld
                0x02003f88        0xc D:/Win7/devkitPro/libnds/lib\libnds9.a(keys.o)
                0x02003f88                keysHeld
 .text.soundEnable
                0x02003f94       0x10 D:/Win7/devkitPro/libnds/lib\libnds9.a(sound.o)
                0x02003f94                soundEnable
 .text.soundPlayPSG
                0x02003fa4       0x34 D:/Win7/devkitPro/libnds/lib\libnds9.a(sound.o)
                0x02003fa4                soundPlayPSG
 .text.soundPlayNoise
                0x02003fd8       0x34 D:/Win7/devkitPro/libnds/lib\libnds9.a(sound.o)
                0x02003fd8                soundPlayNoise
 .text.soundPause
                0x0200400c       0x14 D:/Win7/devkitPro/libnds/lib\libnds9.a(sound.o)
                0x0200400c                soundPause
 .text.soundResume
                0x02004020       0x14 D:/Win7/devkitPro/libnds/lib\libnds9.a(sound.o)
                0x02004020                soundResume
 .text.soundSetFreq
                0x02004034       0x18 D:/Win7/devkitPro/libnds/lib\libnds9.a(sound.o)
                0x02004034                soundSetFreq
 .text.newRow   0x0200404c       0xbc D:/Win7/devkitPro/libnds/lib\libnds9.a(console.o)
 .text.consolePrintChar
                0x02004108       0xec D:/Win7/devkitPro/libnds/lib\libnds9.a(console.o)
                0x02004108                consolePrintChar
 .text.consoleCls
                0x020041f4       0xec D:/Win7/devkitPro/libnds/lib\libnds9.a(console.o)
 .text.consoleLoadFont
                0x020042e0      0x270 D:/Win7/devkitPro/libnds/lib\libnds9.a(console.o)
                0x020042e0                consoleLoadFont
 .text.consoleInit
                0x02004550      0x15c D:/Win7/devkitPro/libnds/lib\libnds9.a(console.o)
                0x02004550                consoleInit
 .text.consoleDemoInit
                0x020046ac       0x40 D:/Win7/devkitPro/libnds/lib\libnds9.a(console.o)
                0x020046ac                consoleDemoInit
 .text.con_write
                0x020046ec      0x288 D:/Win7/devkitPro/libnds/lib\libnds9.a(console.o)
                0x020046ec                con_write
 .text.checkIfText.part.0
                0x02004974       0x3c D:/Win7/devkitPro/libnds/lib\libnds9.a(background.o)
 .text.bgUpdate
                0x020049b0       0xec D:/Win7/devkitPro/libnds/lib\libnds9.a(background.o)
                0x020049b0                bgUpdate
 .text.bgInit_call
                0x02004a9c       0xbc D:/Win7/devkitPro/libnds/lib\libnds9.a(background.o)
                0x02004a9c                bgInit_call
 .text.bgInitSub_call
                0x02004b58       0xc4 D:/Win7/devkitPro/libnds/lib\libnds9.a(background.o)
                0x02004b58                bgInitSub_call
 .text.initSystem
                0x02004c1c      0x194 D:/Win7/devkitPro/libnds/lib\libnds9.a(initSystem.o)
                0x02004c1c                initSystem
 .text.__timeoutvbl
                0x02004db0       0x10 D:/Win7/devkitPro/libnds/lib\libnds9.a(fifosystem.o)
 .text.fifo_allocBlock.part.0
                0x02004dc0       0x34 D:/Win7/devkitPro/libnds/lib\libnds9.a(fifosystem.o)
 .text.fifo_waitBlock
                0x02004df4       0x48 D:/Win7/devkitPro/libnds/lib\libnds9.a(fifosystem.o)
 .text.fifo_queueBlock
                0x02004e3c       0x44 D:/Win7/devkitPro/libnds/lib\libnds9.a(fifosystem.o)
 .text.fifoInternalSendInterrupt
                0x02004e80       0xac D:/Win7/devkitPro/libnds/lib\libnds9.a(fifosystem.o)
 .text.fifoInternalSend.part.3
                0x02004f2c       0xd4 D:/Win7/devkitPro/libnds/lib\libnds9.a(fifosystem.o)
 .text.fifoGetValue32.part.4
                0x02005000       0x74 D:/Win7/devkitPro/libnds/lib\libnds9.a(fifosystem.o)
 .text.fifoSetValue32Handler
                0x02005074       0x74 D:/Win7/devkitPro/libnds/lib\libnds9.a(fifosystem.o)
                0x02005074                fifoSetValue32Handler
 .text.fifoSendValue32
                0x020050e8       0x4c D:/Win7/devkitPro/libnds/lib\libnds9.a(fifosystem.o)
                0x020050e8                fifoSendValue32
 .text.fifoSendDatamsg
                0x02005134       0x90 D:/Win7/devkitPro/libnds/lib\libnds9.a(fifosystem.o)
                0x02005134                fifoSendDatamsg
 .text.fifoGetValue32
                0x020051c4       0x14 D:/Win7/devkitPro/libnds/lib\libnds9.a(fifosystem.o)
                0x020051c4                fifoGetValue32
 .text.fifoGetDatamsg
                0x020051d8      0x140 D:/Win7/devkitPro/libnds/lib\libnds9.a(fifosystem.o)
                0x020051d8                fifoGetDatamsg
 .text.fifoInternalRecvInterrupt
                0x02005318      0x3a0 D:/Win7/devkitPro/libnds/lib\libnds9.a(fifosystem.o)
 .text.fifoSetDatamsgHandler
                0x020056b8       0x9c D:/Win7/devkitPro/libnds/lib\libnds9.a(fifosystem.o)
                0x020056b8                fifoSetDatamsgHandler
 .text.fifoCheckValue32
                0x02005754       0x24 D:/Win7/devkitPro/libnds/lib\libnds9.a(fifosystem.o)
                0x02005754                fifoCheckValue32
 .text.fifoInit
                0x02005778      0x1cc D:/Win7/devkitPro/libnds/lib\libnds9.a(fifosystem.o)
                0x02005778                fifoInit
 .text.systemErrorExit
                0x02005944        0x4 D:/Win7/devkitPro/libnds/lib\libnds9.a(libnds_exit.arm.o)
                0x02005944                systemErrorExit
 .text.__libnds_exit
                0x02005948       0x5c D:/Win7/devkitPro/libnds/lib\libnds9.a(libnds_exit.arm.o)
                0x02005948                __libnds_exit
 .text.irqDummy
                0x020059a4        0x4 D:/Win7/devkitPro/libnds/lib\libnds9.a(interrupts.o)
                0x020059a4                irqDummy
 .text.irqSet   0x020059a8       0x6c D:/Win7/devkitPro/libnds/lib\libnds9.a(interrupts.o)
                0x020059a8                irqSet
 .text.irqInit  0x02005a14       0x50 D:/Win7/devkitPro/libnds/lib\libnds9.a(interrupts.o)
                0x02005a14                irqInit
 .text.irqEnable
                0x02005a64       0x64 D:/Win7/devkitPro/libnds/lib\libnds9.a(interrupts.o)
                0x02005a64                irqEnable
 .text.irqDisable
                0x02005ac8       0x64 D:/Win7/devkitPro/libnds/lib\libnds9.a(interrupts.o)
                0x02005ac8                irqDisable
 .text.timerStart
                0x02005b2c       0x44 D:/Win7/devkitPro/libnds/lib\libnds9.a(timers.o)
                0x02005b2c                timerStart
 .text.timerStop
                0x02005b70       0x3c D:/Win7/devkitPro/libnds/lib\libnds9.a(timers.o)
                0x02005b70                timerStop
 .text.setCpuClock
                0x02005bac       0x50 D:/Win7/devkitPro/libnds/lib\libnds9.a(cpu_clock.o)
                0x02005bac                setCpuClock
 .text.swiWaitForVBlank
                0x02005bfc        0x8 D:/Win7/devkitPro/libnds/lib\libnds9.a(IntrWait.o)
                0x02005bfc                swiWaitForVBlank
 .text.swiIntrWait
                0x02005c04       0x64 D:/Win7/devkitPro/libnds/lib\libnds9.a(IntrWait.o)
                0x02005c04                swiIntrWait
 .text.__libnds_mpu_setup
                0x02005c68      0x174 D:/Win7/devkitPro/libnds/lib\libnds9.a(mpu_setup.o)
                0x02005c68                __libnds_mpu_setup
 .text.memUncached
                0x02005ddc       0x20 D:/Win7/devkitPro/libnds/lib\libnds9.a(mpu_setup.o)
                0x02005ddc                memUncached
 .text.swiSoftReset
                0x02005dfc       0x2c D:/Win7/devkitPro/libnds/lib\libnds9.a(swiSoftReset.o)
                0x02005dfc                swiSoftReset
 .text.sinLerp  0x02005e28       0xa0 D:/Win7/devkitPro/libnds/lib\libnds9.a(trig.o)
                0x02005e28                sinLerp
 .text.cosLerp  0x02005ec8       0x14 D:/Win7/devkitPro/libnds/lib\libnds9.a(trig.o)
                0x02005ec8                cosLerp
 .text.systemValueHandler
                0x02005edc       0x48 D:/Win7/devkitPro/libnds/lib\libnds9.a(system.o)
                0x02005edc                systemValueHandler
 .text.systemMsgHandler
                0x02005f24       0x5c D:/Win7/devkitPro/libnds/lib\libnds9.a(system.o)
                0x02005f24                systemMsgHandler
 .text.powerOn  0x02005f80       0x2c D:/Win7/devkitPro/libnds/lib\libnds9.a(system.o)
                0x02005f80                powerOn
 .text.vramDefault
                0x02005fac       0xd0 D:/Win7/devkitPro/libnds/lib\libnds9.a(video.o)
                0x02005fac                vramDefault
 .text.__libnds_gtod
                0x0200607c       0x24 D:/Win7/devkitPro/libnds/lib\libnds9.a(timeSupport.o)
                0x0200607c                __libnds_gtod
 .text.swiDelay
                0x020060a0        0x4 D:/Win7/devkitPro/libnds/lib\libnds9.a(biosCalls.o)
                0x020060a0                swiDelay
 .text.sqrt     0x020060a4       0xcc d:/win7/devkitpro/devkitarm/bin/../lib/gcc/arm-none-eabi/7.1.0/../../../../arm-none-eabi/lib/thumb\libm.a(lib_a-w_sqrt.o)
                0x020060a4                sqrt
 .text.__ieee754_sqrt
                0x02006170      0x190 d:/win7/devkitpro/devkitarm/bin/../lib/gcc/arm-none-eabi/7.1.0/../../../../arm-none-eabi/lib/thumb\libm.a(lib_a-e_sqrt.o)
                0x02006170                __ieee754_sqrt
 .text.matherr  0x02006300        0x4 d:/win7/devkitpro/devkitarm/bin/../lib/gcc/arm-none-eabi/7.1.0/../../../../arm-none-eabi/lib/thumb\libm.a(lib_a-s_matherr.o)
                0x02006300                matherr
 .text.__errno  0x02006304        0xc d:/win7/devkitpro/devkitarm/bin/../lib/gcc/arm-none-eabi/7.1.0/../../../../arm-none-eabi/lib/thumb\libg.a(lib_a-errno.o)
                0x02006304                __errno
 .text.__libc_init_array
                0x02006310       0x54 d:/win7/devkitpro/devkitarm/bin/../lib/gcc/arm-none-eabi/7.1.0/../../../../arm-none-eabi/lib/thumb\libg.a(lib_a-init.o)
                0x02006310                __libc_init_array
 .text.iprintf  0x02006364       0x24 d:/win7/devkitpro/devkitarm/bin/../lib/gcc/arm-none-eabi/7.1.0/../../../../arm-none-eabi/lib/thumb\libg.a(lib_a-iprintf.o)
                0x02006364                iprintf
 .text.memcpy   0x02006388       0x8c d:/win7/devkitpro/devkitarm/bin/../lib/gcc/arm-none-eabi/7.1.0/../../../../arm-none-eabi/lib/thumb\libg.a(lib_a-memcpy-stub.o)
                0x02006388                memcpy
 .text.memset   0x02006414       0xa4 d:/win7/devkitpro/devkitarm/bin/../lib/gcc/arm-none-eabi/7.1.0/../../../../arm-none-eabi/lib/thumb\libg.a(lib_a-memset.o)
                0x02006414                memset
 .text.rand     0x020064b8       0x34 d:/win7/devkitpro/devkitarm/bin/../lib/gcc/arm-none-eabi/7.1.0/../../../../arm-none-eabi/lib/thumb\libg.a(lib_a-rand.o)
                0x020064b8                rand
 .text.setvbuf  0x020064ec      0x194 d:/win7/devkitpro/devkitarm/bin/../lib/gcc/arm-none-eabi/7.1.0/../../../../arm-none-eabi/lib/thumb\libg.a(lib_a-setvbuf.o)
                0x020064ec                setvbuf
 .text.siscanf  0x02006680       0x4c d:/win7/devkitpro/devkitarm/bin/../lib/gcc/arm-none-eabi/7.1.0/../../../../arm-none-eabi/lib/thumb\libg.a(lib_a-siscanf.o)
                0x02006680                siscanf
 .text.__sread  0x020066cc       0x34 d:/win7/devkitpro/devkitarm/bin/../lib/gcc/arm-none-eabi/7.1.0/../../../../arm-none-eabi/lib/thumb\libg.a(lib_a-stdio.o)
                0x020066cc                __sread
 .text.__seofread
                0x02006700        0x4 d:/win7/devkitpro/devkitarm/bin/../lib/gcc/arm-none-eabi/7.1.0/../../../../arm-none-eabi/lib/thumb\libg.a(lib_a-stdio.o)
                0x02006700                __seofread
 .text.__swrite
                0x02006704       0x48 d:/win7/devkitpro/devkitarm/bin/../lib/gcc/arm-none-eabi/7.1.0/../../../../arm-none-eabi/lib/thumb\libg.a(lib_a-stdio.o)
                0x02006704                __swrite
 .text.__sseek  0x0200674c       0x40 d:/win7/devkitpro/devkitarm/bin/../lib/gcc/arm-none-eabi/7.1.0/../../../../arm-none-eabi/lib/thumb\libg.a(lib_a-stdio.o)
                0x0200674c                __sseek
 .text.__sclose
                0x0200678c       0x10 d:/win7/devkitpro/devkitarm/bin/../lib/gcc/arm-none-eabi/7.1.0/../../../../arm-none-eabi/lib/thumb\libg.a(lib_a-stdio.o)
                0x0200678c                __sclose
 .text.strcpy   0x0200679c       0x10 d:/win7/devkitpro/devkitarm/bin/../lib/gcc/arm-none-eabi/7.1.0/../../../../arm-none-eabi/lib/thumb\libg.a(lib_a-strcpy.o)
                0x0200679c                strcpy
 .text.strlen   0x020067ac       0x68 d:/win7/devkitpro/devkitarm/bin/../lib/gcc/arm-none-eabi/7.1.0/../../../../arm-none-eabi/lib/thumb\libg.a(lib_a-strlen-stub.o)
                0x020067ac                strlen
 .text._sungetc_r
                0x02006814       0x88 d:/win7/devkitpro/devkitarm/bin/../lib/gcc/arm-none-eabi/7.1.0/../../../../arm-none-eabi/lib/thumb\libg.a(lib_a-svfiscanf.o)
                0x02006814                _sungetc_r
 .text.__ssrefill_r
                0x0200689c       0x44 d:/win7/devkitpro/devkitarm/bin/../lib/gcc/arm-none-eabi/7.1.0/../../../../arm-none-eabi/lib/thumb\libg.a(lib_a-svfiscanf.o)
                0x0200689c                __ssrefill_r
 .text._sfread_r
                0x020068e0       0x90 d:/win7/devkitpro/devkitarm/bin/../lib/gcc/arm-none-eabi/7.1.0/../../../../arm-none-eabi/lib/thumb\libg.a(lib_a-svfiscanf.o)
                0x020068e0                _sfread_r
 .text.__ssvfiscanf_r
                0x02006970     0x1344 d:/win7/devkitpro/devkitarm/bin/../lib/gcc/arm-none-eabi/7.1.0/../../../../arm-none-eabi/lib/thumb\libg.a(lib_a-svfiscanf.o)
                0x02006970                __ssvfiscanf_r
 .text.__submore
                0x02007cb4       0x88 d:/win7/devkitpro/devkitarm/bin/../lib/gcc/arm-none-eabi/7.1.0/../../../../arm-none-eabi/lib/thumb\libg.a(lib_a-ungetc.o)
                0x02007cb4                __submore
 .text.get_arg  0x02007d3c     0x3b24 d:/win7/devkitpro/devkitarm/bin/../lib/gcc/arm-none-eabi/7.1.0/../../../../arm-none-eabi/lib/thumb\libg.a(lib_a-vfiprintf.o)
 .text.__sprint_r.part.0
                0x0200b860       0x14 d:/win7/devkitpro/devkitarm/bin/../lib/gcc/arm-none-eabi/7.1.0/../../../../arm-none-eabi/lib/thumb\libg.a(lib_a-vfiprintf.o)
 .text._vfiprintf_r
                0x0200b874     0x1c48 d:/win7/devkitpro/devkitarm/bin/../lib/gcc/arm-none-eabi/7.1.0/../../../../arm-none-eabi/lib/thumb\libg.a(lib_a-vfiprintf.o)
                0x0200b874                _vfiprintf_r
 .text.__sbprintf
                0x0200d4bc       0x8c d:/win7/devkitpro/devkitarm/bin/../lib/gcc/arm-none-eabi/7.1.0/../../../../arm-none-eabi/lib/thumb\libg.a(lib_a-vfiprintf.o)
 .text._wcrtomb_r
                0x0200d548       0x84 d:/win7/devkitpro/devkitarm/bin/../lib/gcc/arm-none-eabi/7.1.0/../../../../arm-none-eabi/lib/thumb\libg.a(lib_a-wcrtomb.o)
                0x0200d548                _wcrtomb_r
 .text._wcsrtombs_r
                0x0200d5cc       0x1c d:/win7/devkitpro/devkitarm/bin/../lib/gcc/arm-none-eabi/7.1.0/../../../../arm-none-eabi/lib/thumb\libg.a(lib_a-wcsrtombs.o)
                0x0200d5cc                _wcsrtombs_r
 .text.__swsetup_r
                0x0200d5e8       0xd8 d:/win7/devkitpro/devkitarm/bin/../lib/gcc/arm-none-eabi/7.1.0/../../../../arm-none-eabi/lib/thumb\libg.a(lib_a-wsetup.o)
                0x0200d5e8                __swsetup_r
 .text.__sflush_r
                0x0200d6c0      0x19c d:/win7/devkitpro/devkitarm/bin/../lib/gcc/arm-none-eabi/7.1.0/../../../../arm-none-eabi/lib/thumb\libg.a(lib_a-fflush.o)
                0x0200d6c0                __sflush_r
 .text._fflush_r
                0x0200d85c       0x58 d:/win7/devkitpro/devkitarm/bin/../lib/gcc/arm-none-eabi/7.1.0/../../../../arm-none-eabi/lib/thumb\libg.a(lib_a-fflush.o)
                0x0200d85c                _fflush_r
 .text._cleanup_r
                0x0200d8b4       0x14 d:/win7/devkitpro/devkitarm/bin/../lib/gcc/arm-none-eabi/7.1.0/../../../../arm-none-eabi/lib/thumb\libg.a(lib_a-findfp.o)
                0x0200d8b4                _cleanup_r
 .text.std.isra.0
                0x0200d8c8       0x54 d:/win7/devkitpro/devkitarm/bin/../lib/gcc/arm-none-eabi/7.1.0/../../../../arm-none-eabi/lib/thumb\libg.a(lib_a-findfp.o)
 .text.__sinit  0x0200d91c       0x64 d:/win7/devkitpro/devkitarm/bin/../lib/gcc/arm-none-eabi/7.1.0/../../../../arm-none-eabi/lib/thumb\libg.a(lib_a-findfp.o)
                0x0200d91c                __sinit
 .text.__sfp_lock_acquire
                0x0200d980       0x14 d:/win7/devkitpro/devkitarm/bin/../lib/gcc/arm-none-eabi/7.1.0/../../../../arm-none-eabi/lib/thumb\libg.a(lib_a-findfp.o)
                0x0200d980                __sfp_lock_acquire
 .text.__sfp_lock_release
                0x0200d994       0x14 d:/win7/devkitpro/devkitarm/bin/../lib/gcc/arm-none-eabi/7.1.0/../../../../arm-none-eabi/lib/thumb\libg.a(lib_a-findfp.o)
                0x0200d994                __sfp_lock_release
 .text._malloc_trim_r
                0x0200d9a8       0xa4 d:/win7/devkitpro/devkitarm/bin/../lib/gcc/arm-none-eabi/7.1.0/../../../../arm-none-eabi/lib/thumb\libg.a(lib_a-freer.o)
                0x0200d9a8                _malloc_trim_r
 .text._free_r  0x0200da4c      0x1d8 d:/win7/devkitpro/devkitarm/bin/../lib/gcc/arm-none-eabi/7.1.0/../../../../arm-none-eabi/lib/thumb\libg.a(lib_a-freer.o)
                0x0200da4c                _free_r
 .text.__sfvwrite_r
                0x0200dc24      0x328 d:/win7/devkitpro/devkitarm/bin/../lib/gcc/arm-none-eabi/7.1.0/../../../../arm-none-eabi/lib/thumb\libg.a(lib_a-fvwrite.o)
                0x0200dc24                __sfvwrite_r
 .text._fwalk_reent
                0x0200df4c       0x54 d:/win7/devkitpro/devkitarm/bin/../lib/gcc/arm-none-eabi/7.1.0/../../../../arm-none-eabi/lib/thumb\libg.a(lib_a-fwalk.o)
                0x0200df4c                _fwalk_reent
 .text.iswspace
                0x0200dfa0       0x78 d:/win7/devkitpro/devkitarm/bin/../lib/gcc/arm-none-eabi/7.1.0/../../../../arm-none-eabi/lib/thumb\libg.a(lib_a-iswspace.o)
                0x0200dfa0                iswspace
 .text.__jp2uc  0x0200e018      0x1a0 d:/win7/devkitpro/devkitarm/bin/../lib/gcc/arm-none-eabi/7.1.0/../../../../arm-none-eabi/lib/thumb\libg.a(lib_a-jp2uc.o)
 .text._jp2uc   0x0200e1b8       0x8c d:/win7/devkitpro/devkitarm/bin/../lib/gcc/arm-none-eabi/7.1.0/../../../../arm-none-eabi/lib/thumb\libg.a(lib_a-jp2uc.o)
                0x0200e1b8                _jp2uc
 .text._localeconv_r
                0x0200e244       0x1c d:/win7/devkitpro/devkitarm/bin/../lib/gcc/arm-none-eabi/7.1.0/../../../../arm-none-eabi/lib/thumb\libg.a(lib_a-localeconv.o)
                0x0200e244                _localeconv_r
 .text.__locale_mb_cur_max
                0x0200e260       0x20 d:/win7/devkitpro/devkitarm/bin/../lib/gcc/arm-none-eabi/7.1.0/../../../../arm-none-eabi/lib/thumb\libg.a(lib_a-locale.o)
                0x0200e260                __locale_mb_cur_max
 .text.__locale_ctype_ptr_l
                0x0200e280        0x8 d:/win7/devkitpro/devkitarm/bin/../lib/gcc/arm-none-eabi/7.1.0/../../../../arm-none-eabi/lib/thumb\libg.a(lib_a-locale.o)
                0x0200e280                __locale_ctype_ptr_l
 .text.__locale_ctype_ptr
                0x0200e288       0x1c d:/win7/devkitpro/devkitarm/bin/../lib/gcc/arm-none-eabi/7.1.0/../../../../arm-none-eabi/lib/thumb\libg.a(lib_a-locale.o)
                0x0200e288                __locale_ctype_ptr
 .text.__swhatbuf_r
                0x0200e2a4       0x64 d:/win7/devkitpro/devkitarm/bin/../lib/gcc/arm-none-eabi/7.1.0/../../../../arm-none-eabi/lib/thumb\libg.a(lib_a-makebuf.o)
                0x0200e2a4                __swhatbuf_r
 .text.__smakebuf_r
                0x0200e308       0x98 d:/win7/devkitpro/devkitarm/bin/../lib/gcc/arm-none-eabi/7.1.0/../../../../arm-none-eabi/lib/thumb\libg.a(lib_a-makebuf.o)
                0x0200e308                __smakebuf_r
 .text.malloc   0x0200e3a0       0x14 d:/win7/devkitpro/devkitarm/bin/../lib/gcc/arm-none-eabi/7.1.0/../../../../arm-none-eabi/lib/thumb\libg.a(lib_a-malloc.o)
                0x0200e3a0                malloc
 .text.free     0x0200e3b4       0x14 d:/win7/devkitpro/devkitarm/bin/../lib/gcc/arm-none-eabi/7.1.0/../../../../arm-none-eabi/lib/thumb\libg.a(lib_a-malloc.o)
                0x0200e3b4                free
 .text._malloc_r
                0x0200e3c8      0x56c d:/win7/devkitpro/devkitarm/bin/../lib/gcc/arm-none-eabi/7.1.0/../../../../arm-none-eabi/lib/thumb\libg.a(lib_a-mallocr.o)
                0x0200e3c8                _malloc_r
 .text._mbrtowc_r
                0x0200e934       0x94 d:/win7/devkitpro/devkitarm/bin/../lib/gcc/arm-none-eabi/7.1.0/../../../../arm-none-eabi/lib/thumb\libg.a(lib_a-mbrtowc.o)
                0x0200e934                _mbrtowc_r
 .text.__utf8_mbtowc
                0x0200e9c8      0x28c d:/win7/devkitpro/devkitarm/bin/../lib/gcc/arm-none-eabi/7.1.0/../../../../arm-none-eabi/lib/thumb\libg.a(lib_a-mbtowc_r.o)
                0x0200e9c8                __utf8_mbtowc
 .text.memchr   0x0200ec54       0x84 d:/win7/devkitpro/devkitarm/bin/../lib/gcc/arm-none-eabi/7.1.0/../../../../arm-none-eabi/lib/thumb\libg.a(lib_a-memchr-stub.o)
                0x0200ec54                memchr
 .text.memmove  0x0200ecd8       0xa0 d:/win7/devkitpro/devkitarm/bin/../lib/gcc/arm-none-eabi/7.1.0/../../../../arm-none-eabi/lib/thumb\libg.a(lib_a-memmove.o)
                0x0200ecd8                memmove
 .text.__malloc_lock
                0x0200ed78       0x14 d:/win7/devkitpro/devkitarm/bin/../lib/gcc/arm-none-eabi/7.1.0/../../../../arm-none-eabi/lib/thumb\libg.a(lib_a-mlock.o)
                0x0200ed78                __malloc_lock
 .text.__malloc_unlock
                0x0200ed8c       0x14 d:/win7/devkitpro/devkitarm/bin/../lib/gcc/arm-none-eabi/7.1.0/../../../../arm-none-eabi/lib/thumb\libg.a(lib_a-mlock.o)
                0x0200ed8c                __malloc_unlock
 .text._realloc_r
                0x0200eda0      0x3c4 d:/win7/devkitpro/devkitarm/bin/../lib/gcc/arm-none-eabi/7.1.0/../../../../arm-none-eabi/lib/thumb\libg.a(lib_a-reallocr.o)
                0x0200eda0                _realloc_r
 .text.__sccl   0x0200f164       0x7c d:/win7/devkitpro/devkitarm/bin/../lib/gcc/arm-none-eabi/7.1.0/../../../../arm-none-eabi/lib/thumb\libg.a(lib_a-sccl.o)
                0x0200f164                __sccl
 .text.strncpy  0x0200f1e0       0x90 d:/win7/devkitpro/devkitarm/bin/../lib/gcc/arm-none-eabi/7.1.0/../../../../arm-none-eabi/lib/thumb\libg.a(lib_a-strncpy.o)
                0x0200f1e0                strncpy
 .text._strtoll_l.isra.0
                0x0200f270      0x1bc d:/win7/devkitpro/devkitarm/bin/../lib/gcc/arm-none-eabi/7.1.0/../../../../arm-none-eabi/lib/thumb\libg.a(lib_a-strtoll.o)
 .text._strtoll_r
                0x0200f42c       0x34 d:/win7/devkitpro/devkitarm/bin/../lib/gcc/arm-none-eabi/7.1.0/../../../../arm-none-eabi/lib/thumb\libg.a(lib_a-strtoll.o)
                0x0200f42c                _strtoll_r
 .text._strtol_l.isra.0
                0x0200f460      0x140 d:/win7/devkitpro/devkitarm/bin/../lib/gcc/arm-none-eabi/7.1.0/../../../../arm-none-eabi/lib/thumb\libg.a(lib_a-strtol.o)
 .text._strtol_r
                0x0200f5a0       0x34 d:/win7/devkitpro/devkitarm/bin/../lib/gcc/arm-none-eabi/7.1.0/../../../../arm-none-eabi/lib/thumb\libg.a(lib_a-strtol.o)
                0x0200f5a0                _strtol_r
 .text._strtoull_l.isra.0
                0x0200f5d4      0x1c8 d:/win7/devkitpro/devkitarm/bin/../lib/gcc/arm-none-eabi/7.1.0/../../../../arm-none-eabi/lib/thumb\libg.a(lib_a-strtoull.o)
 .text._strtoull_r
                0x0200f79c       0x34 d:/win7/devkitpro/devkitarm/bin/../lib/gcc/arm-none-eabi/7.1.0/../../../../arm-none-eabi/lib/thumb\libg.a(lib_a-strtoull.o)
                0x0200f79c                _strtoull_r
 .text._strtoul_l.isra.0
                0x0200f7d0      0x14c d:/win7/devkitpro/devkitarm/bin/../lib/gcc/arm-none-eabi/7.1.0/../../../../arm-none-eabi/lib/thumb\libg.a(lib_a-strtoul.o)
 .text._strtoul_r
                0x0200f91c       0x34 d:/win7/devkitpro/devkitarm/bin/../lib/gcc/arm-none-eabi/7.1.0/../../../../arm-none-eabi/lib/thumb\libg.a(lib_a-strtoul.o)
                0x0200f91c                _strtoul_r
 .text._wcsnrtombs_l
                0x0200f950      0x110 d:/win7/devkitpro/devkitarm/bin/../lib/gcc/arm-none-eabi/7.1.0/../../../../arm-none-eabi/lib/thumb\libg.a(lib_a-wcsnrtombs.o)
                0x0200f950                _wcsnrtombs_l
 .text._wcsnrtombs_r
                0x0200fa60       0x40 d:/win7/devkitpro/devkitarm/bin/../lib/gcc/arm-none-eabi/7.1.0/../../../../arm-none-eabi/lib/thumb\libg.a(lib_a-wcsnrtombs.o)
                0x0200fa60                _wcsnrtombs_r
 .text.__utf8_wctomb
                0x0200faa0       0xbc d:/win7/devkitpro/devkitarm/bin/../lib/gcc/arm-none-eabi/7.1.0/../../../../arm-none-eabi/lib/thumb\libg.a(lib_a-wctomb_r.o)
                0x0200faa0                __utf8_wctomb
 .text._fclose_r
                0x0200fb5c       0xe0 d:/win7/devkitpro/devkitarm/bin/../lib/gcc/arm-none-eabi/7.1.0/../../../../arm-none-eabi/lib/thumb\libg.a(lib_a-fclose.o)
                0x0200fb5c                _fclose_r
 .text.null_write
                0x0200fc3c        0x4 d:/win7/devkitpro/devkitarm/bin/../lib/gcc/arm-none-eabi/7.1.0/../../../../arm-none-eabi/lib/thumb\libsysbase.a(iosupport.o)
 .text._close_r
                0x0200fc40       0x5c d:/win7/devkitpro/devkitarm/bin/../lib/gcc/arm-none-eabi/7.1.0/../../../../arm-none-eabi/lib/thumb\libsysbase.a(close.o)
                0x0200fc40                _close_r
 .text._fstat_r
                0x0200fc9c       0x4c d:/win7/devkitpro/devkitarm/bin/../lib/gcc/arm-none-eabi/7.1.0/../../../../arm-none-eabi/lib/thumb\libsysbase.a(fstat.o)
                0x0200fc9c                _fstat_r
 .text._isatty_r
                0x0200fce8        0x4 d:/win7/devkitpro/devkitarm/bin/../lib/gcc/arm-none-eabi/7.1.0/../../../../arm-none-eabi/lib/thumb\libsysbase.a(isatty.o)
                0x0200fce8                _isatty_r
 .text._lseek_r
                0x0200fcec       0x5c d:/win7/devkitpro/devkitarm/bin/../lib/gcc/arm-none-eabi/7.1.0/../../../../arm-none-eabi/lib/thumb\libsysbase.a(lseek.o)
                0x0200fcec                _lseek_r
 .text._read_r  0x0200fd48       0x50 d:/win7/devkitpro/devkitarm/bin/../lib/gcc/arm-none-eabi/7.1.0/../../../../arm-none-eabi/lib/thumb\libsysbase.a(read.o)
                0x0200fd48                _read_r
 .text._sbrk_r  0x0200fd98       0x54 d:/win7/devkitpro/devkitarm/bin/../lib/gcc/arm-none-eabi/7.1.0/../../../../arm-none-eabi/lib/thumb\libsysbase.a(sbrk.o)
                0x0200fd98                _sbrk_r
 .text._write_r
                0x0200fdec       0x50 d:/win7/devkitpro/devkitarm/bin/../lib/gcc/arm-none-eabi/7.1.0/../../../../arm-none-eabi/lib/thumb\libsysbase.a(write.o)
                0x0200fdec                _write_r
 .text.build_argv
                0x0200fe3c       0x4c d:/win7/devkitpro/devkitarm/bin/../lib/gcc/arm-none-eabi/7.1.0/../../../../arm-none-eabi/lib/thumb\libsysbase.a(build_argv.o)
                0x0200fe3c                build_argv
 .text.__flockfile
                0x0200fe88       0x10 d:/win7/devkitpro/devkitarm/bin/../lib/gcc/arm-none-eabi/7.1.0/../../../../arm-none-eabi/lib/thumb\libsysbase.a(flock.o)
                0x0200fe88                __flockfile
 .text.__funlockfile
                0x0200fe98       0x10 d:/win7/devkitpro/devkitarm/bin/../lib/gcc/arm-none-eabi/7.1.0/../../../../arm-none-eabi/lib/thumb\libsysbase.a(flock.o)
                0x0200fe98                __funlockfile
 .text.__libc_lock_acquire
                0x0200fea8       0x1c d:/win7/devkitpro/devkitarm/bin/../lib/gcc/arm-none-eabi/7.1.0/../../../../arm-none-eabi/lib/thumb\libsysbase.a(syscall_support.o)
                0x0200fea8                __libc_lock_acquire
 .text.__libc_lock_release
                0x0200fec4       0x1c d:/win7/devkitpro/devkitarm/bin/../lib/gcc/arm-none-eabi/7.1.0/../../../../arm-none-eabi/lib/thumb\libsysbase.a(syscall_support.o)
                0x0200fec4                __libc_lock_release
 .text.__libc_lock_init_recursive
                0x0200fee0       0x1c d:/win7/devkitpro/devkitarm/bin/../lib/gcc/arm-none-eabi/7.1.0/../../../../arm-none-eabi/lib/thumb\libsysbase.a(syscall_support.o)
                0x0200fee0                __libc_lock_init_recursive
 .text.__libc_lock_acquire_recursive
                0x0200fefc       0x1c d:/win7/devkitpro/devkitarm/bin/../lib/gcc/arm-none-eabi/7.1.0/../../../../arm-none-eabi/lib/thumb\libsysbase.a(syscall_support.o)
                0x0200fefc                __libc_lock_acquire_recursive
 .text.__libc_lock_release_recursive
                0x0200ff18       0x1c d:/win7/devkitpro/devkitarm/bin/../lib/gcc/arm-none-eabi/7.1.0/../../../../arm-none-eabi/lib/thumb\libsysbase.a(syscall_support.o)
                0x0200ff18                __libc_lock_release_recursive
 .text.__libc_lock_close_recursive
                0x0200ff34       0x1c d:/win7/devkitpro/devkitarm/bin/../lib/gcc/arm-none-eabi/7.1.0/../../../../arm-none-eabi/lib/thumb\libsysbase.a(syscall_support.o)
                0x0200ff34                __libc_lock_close_recursive
 .text.__release_handle
                0x0200ff50       0x6c d:/win7/devkitpro/devkitarm/bin/../lib/gcc/arm-none-eabi/7.1.0/../../../../arm-none-eabi/lib/thumb\libsysbase.a(handle_manager.o)
                0x0200ff50                __release_handle
 .text.__get_handle
                0x0200ffbc       0x1c d:/win7/devkitpro/devkitarm/bin/../lib/gcc/arm-none-eabi/7.1.0/../../../../arm-none-eabi/lib/thumb\libsysbase.a(handle_manager.o)
                0x0200ffbc                __get_handle
 .text.__getreent
                0x0200ffd8       0x28 d:/win7/devkitpro/devkitarm/bin/../lib/gcc/arm-none-eabi/7.1.0/../../../../arm-none-eabi/lib/thumb\libsysbase.a(getreent.o)
                0x0200ffd8                __getreent
 .text.__muldi3
                0x02010000       0x60 d:/win7/devkitpro/devkitarm/bin/../lib/gcc/arm-none-eabi/7.1.0/thumb\libgcc.a(_muldi3.o)
                0x02010000                __muldi3
                0x02010000                __aeabi_lmul
 .text.__udivmoddi4
                0x02010060      0x188 d:/win7/devkitpro/devkitarm/bin/../lib/gcc/arm-none-eabi/7.1.0/thumb\libgcc.a(_udivmoddi4.o)
                0x02010060                __udivmoddi4
 .text.__udivmoddi4.__stub
                0x020101e8       0xd0 linker stubs
 *(EXCLUDE_FILE(*.twl*) .gnu.warning)
 *(EXCLUDE_FILE(*.twl*) .gnu.linkonce.t*)
 *(.glue_7)
 .glue_7        0x020102c8        0x0 linker stubs
 *(.glue_7t)
 .glue_7t       0x020102c8        0x0 linker stubs
                0x020102c8                . = ALIGN (0x4)

.vfp11_veneer   0x020102c8        0x0
 .vfp11_veneer  0x020102c8        0x0 linker stubs

.v4_bx          0x020102c8        0x0
 .v4_bx         0x020102c8        0x0 linker stubs

.iplt           0x020102c8        0x0
 .iplt          0x020102c8        0x0 d:/win7/devkitpro/devkitarm/bin/../lib/gcc/arm-none-eabi/7.1.0/../../../../arm-none-eabi/lib/thumb/ds_arm9_crt0.o

.fini           0x020102c8        0xc
 *(.fini)
 .fini          0x020102c8        0x4 d:/win7/devkitpro/devkitarm/bin/../lib/gcc/arm-none-eabi/7.1.0/thumb/crti.o
                0x020102c8                _fini
 .fini          0x020102cc        0x8 d:/win7/devkitpro/devkitarm/bin/../lib/gcc/arm-none-eabi/7.1.0/thumb/crtn.o
                0x020102d4                __text_end = .

.rodata         0x020102d4     0xb548
 *(EXCLUDE_FILE(*.twl*) .rodata)
 .rodata        0x020102d4       0x40 gfx_fire2.o
                0x020102d4                gfx_fire2Tiles
                0x020102f4                gfx_fire2Pal
 .rodata        0x02010314       0x40 gfx_fire3.o
                0x02010314                gfx_fire3Tiles
                0x02010334                gfx_fire3Pal
 .rodata        0x02010354       0xa0 gfx_invader2.o
                0x02010354                gfx_invader2Tiles
                0x020103d4                gfx_invader2Pal
 .rodata        0x020103f4       0xa0 gfx_ship.o
                0x020103f4                gfx_shipTiles
                0x02010474                gfx_shipPal
 .rodata        0x02010494       0x40 gfx_fire1.o
                0x02010494                gfx_fire1Tiles
                0x020104b4                gfx_fire1Pal
 .rodata        0x020104d4       0xa0 gfx_invader1.o
                0x020104d4                gfx_invader1Tiles
                0x02010554                gfx_invader1Pal
 .rodata        0x02010574       0xa0 gfx_mystery.o
                0x02010574                gfx_mysteryTiles
                0x020105f4                gfx_mysteryPal
 .rodata        0x02010614       0xa0 gfx_invader3.o
                0x02010614                gfx_invader3Tiles
                0x02010694                gfx_invader3Pal
 .rodata        0x020106b4       0x2c main.o
 .rodata        0x020106e0       0x4c screens.o
 .rodata        0x0201072c     0x2004 D:/Win7/devkitPro/libnds/lib\libnds9.a(default_font.bin.o)
                0x0201072c                default_font_bin
                0x0201272c                default_font_bin_size
                0x0201272c                default_font_bin_end
 *all.rodata*(*)
 *(EXCLUDE_FILE(*.twl*) .roda)
 *(EXCLUDE_FILE(*.twl*) .rodata.*)
 .rodata.str1.4
                0x02012730       0x43 console.o
 *fill*         0x02012773        0x1 ff
 .rodata.str1.4
                0x02012774       0xf1 screens.o
 *fill*         0x02012865        0x3 ff
 .rodata.con_write
                0x02012868       0xd4 D:/Win7/devkitPro/libnds/lib\libnds9.a(console.o)
 .rodata.con_write.str1.4
                0x0201293c       0x30 D:/Win7/devkitPro/libnds/lib\libnds9.a(console.o)
 .rodata.dotab_stdout
                0x0201296c       0x68 D:/Win7/devkitPro/libnds/lib\libnds9.a(console.o)
 .rodata.str1.4
                0x020129d4       0x14 D:/Win7/devkitPro/libnds/lib\libnds9.a(console.o)
 .rodata.SIN_LUT
                0x020129e8      0x102 D:/Win7/devkitPro/libnds/lib\libnds9.a(trig.o)
                0x020129e8                SIN_LUT
 *fill*         0x02012aea        0x2 ff
 .rodata.sqrt.str1.4
                0x02012aec        0x5 d:/win7/devkitpro/devkitarm/bin/../lib/gcc/arm-none-eabi/7.1.0/../../../../arm-none-eabi/lib/thumb\libm.a(lib_a-w_sqrt.o)
 *fill*         0x02012af1        0x3 ff
 .rodata.__ssvfiscanf_r
                0x02012af4      0x324 d:/win7/devkitpro/devkitarm/bin/../lib/gcc/arm-none-eabi/7.1.0/../../../../arm-none-eabi/lib/thumb\libg.a(lib_a-svfiscanf.o)
 .rodata.basefix.6821
                0x02012e18       0x22 d:/win7/devkitpro/devkitarm/bin/../lib/gcc/arm-none-eabi/7.1.0/../../../../arm-none-eabi/lib/thumb\libg.a(lib_a-svfiscanf.o)
 *fill*         0x02012e3a        0x2 ff
 .rodata.get_arg
                0x02012e3c     0x4f8c d:/win7/devkitpro/devkitarm/bin/../lib/gcc/arm-none-eabi/7.1.0/../../../../arm-none-eabi/lib/thumb\libg.a(lib_a-vfiprintf.o)
 .rodata._vfiprintf_r
                0x02017dc8      0x16c d:/win7/devkitpro/devkitarm/bin/../lib/gcc/arm-none-eabi/7.1.0/../../../../arm-none-eabi/lib/thumb\libg.a(lib_a-vfiprintf.o)
 .rodata._vfiprintf_r.str1.4
                0x02017f34       0x2f d:/win7/devkitpro/devkitarm/bin/../lib/gcc/arm-none-eabi/7.1.0/../../../../arm-none-eabi/lib/thumb\libg.a(lib_a-vfiprintf.o)
 *fill*         0x02017f63        0x1 ff
 .rodata.blanks.7270
                0x02017f64       0x10 d:/win7/devkitpro/devkitarm/bin/../lib/gcc/arm-none-eabi/7.1.0/../../../../arm-none-eabi/lib/thumb\libg.a(lib_a-vfiprintf.o)
 .rodata.zeroes.7271
                0x02017f74       0x10 d:/win7/devkitpro/devkitarm/bin/../lib/gcc/arm-none-eabi/7.1.0/../../../../arm-none-eabi/lib/thumb\libg.a(lib_a-vfiprintf.o)
 .rodata.__jp2uc
                0x02017f84       0x20 d:/win7/devkitpro/devkitarm/bin/../lib/gcc/arm-none-eabi/7.1.0/../../../../arm-none-eabi/lib/thumb\libg.a(lib_a-jp2uc.o)
 .rodata._jp2uc.str1.4
                0x02017fa4       0x12 d:/win7/devkitpro/devkitarm/bin/../lib/gcc/arm-none-eabi/7.1.0/../../../../arm-none-eabi/lib/thumb\libg.a(lib_a-jp2uc.o)
 *fill*         0x02017fb6        0x2 ff
 .rodata.a1     0x02017fb8       0xbc d:/win7/devkitpro/devkitarm/bin/../lib/gcc/arm-none-eabi/7.1.0/../../../../arm-none-eabi/lib/thumb\libg.a(lib_a-jp2uc.o)
 .rodata.a2     0x02018074       0xbc d:/win7/devkitpro/devkitarm/bin/../lib/gcc/arm-none-eabi/7.1.0/../../../../arm-none-eabi/lib/thumb\libg.a(lib_a-jp2uc.o)
 .rodata.a3     0x02018130       0x5b d:/win7/devkitpro/devkitarm/bin/../lib/gcc/arm-none-eabi/7.1.0/../../../../arm-none-eabi/lib/thumb\libg.a(lib_a-jp2uc.o)
 *fill*         0x0201818b        0x1 ff
 .rodata.a6     0x0201818c       0x70 d:/win7/devkitpro/devkitarm/bin/../lib/gcc/arm-none-eabi/7.1.0/../../../../arm-none-eabi/lib/thumb\libg.a(lib_a-jp2uc.o)
 .rodata.a7     0x020181fc       0xa2 d:/win7/devkitpro/devkitarm/bin/../lib/gcc/arm-none-eabi/7.1.0/../../../../arm-none-eabi/lib/thumb\libg.a(lib_a-jp2uc.o)
 *fill*         0x0201829e        0x2 ff
 .rodata.a8     0x020182a0       0x40 d:/win7/devkitpro/devkitarm/bin/../lib/gcc/arm-none-eabi/7.1.0/../../../../arm-none-eabi/lib/thumb\libg.a(lib_a-jp2uc.o)
 .rodata.b02cf  0x020182e0     0x172a d:/win7/devkitpro/devkitarm/bin/../lib/gcc/arm-none-eabi/7.1.0/../../../../arm-none-eabi/lib/thumb\libg.a(lib_a-jp2uc.o)
 *fill*         0x02019a0a        0x2 ff
 .rodata.d02f4  0x02019a0c     0x1a7c d:/win7/devkitpro/devkitarm/bin/../lib/gcc/arm-none-eabi/7.1.0/../../../../arm-none-eabi/lib/thumb\libg.a(lib_a-jp2uc.o)
 .rodata.str1.4
                0x0201b488       0x48 d:/win7/devkitpro/devkitarm/bin/../lib/gcc/arm-none-eabi/7.1.0/../../../../arm-none-eabi/lib/thumb\libg.a(lib_a-locale.o)
                                 0x4c (size before relaxing)
 .rodata._mbrtowc_r.str1.4
                0x0201b4d0        0x1 d:/win7/devkitpro/devkitarm/bin/../lib/gcc/arm-none-eabi/7.1.0/../../../../arm-none-eabi/lib/thumb\libg.a(lib_a-mbrtowc.o)
 .rodata.__action_table
                0x0201b4d0       0x6c d:/win7/devkitpro/devkitarm/bin/../lib/gcc/arm-none-eabi/7.1.0/../../../../arm-none-eabi/lib/thumb\libg.a(lib_a-svfiprintf.o)
                0x0201b4d0                __action_table
 .rodata.__chclass
                0x0201b53c      0x100 d:/win7/devkitpro/devkitarm/bin/../lib/gcc/arm-none-eabi/7.1.0/../../../../arm-none-eabi/lib/thumb\libg.a(lib_a-svfiprintf.o)
                0x0201b53c                __chclass
 .rodata.__state_table
                0x0201b63c       0x6c d:/win7/devkitpro/devkitarm/bin/../lib/gcc/arm-none-eabi/7.1.0/../../../../arm-none-eabi/lib/thumb\libg.a(lib_a-svfiprintf.o)
                0x0201b63c                __state_table
 .rodata._ctype_
                0x0201b6a8      0x101 d:/win7/devkitpro/devkitarm/bin/../lib/gcc/arm-none-eabi/7.1.0/../../../../arm-none-eabi/lib/thumb\libg.a(lib_a-ctype_.o)
                0x0201b6a8                _ctype_
 *fill*         0x0201b7a9        0x3 ff
 .rodata.AddDevice.str1.4
                0x0201b7ac        0x8 d:/win7/devkitpro/devkitarm/bin/../lib/gcc/arm-none-eabi/7.1.0/../../../../arm-none-eabi/lib/thumb\libsysbase.a(iosupport.o)
 .rodata.dotab_stdnull
                0x0201b7b4       0x68 d:/win7/devkitpro/devkitarm/bin/../lib/gcc/arm-none-eabi/7.1.0/../../../../arm-none-eabi/lib/thumb\libsysbase.a(iosupport.o)
                0x0201b7b4                dotab_stdnull
 *(EXCLUDE_FILE(*.twl*) .gnu.linkonce.r*)
                0x0201b81c                . = ALIGN (0x4)

.ARM.extab
 *(.ARM.extab* .gnu.linkonce.armextab.*)
                0x0201b81c                __exidx_start = .

ARM.exidx
 *(.ARM.exidx* .gnu.linkonce.armexidx.*)
                0x0201b81c                __exidx_end = .
                0x0201b81c                . = ALIGN (0x4)
                0x0201b81c                PROVIDE (__preinit_array_start, .)

.preinit_array
 *(.preinit_array)
                0x0201b81c                PROVIDE (__preinit_array_end, .)
                0x0201b81c                PROVIDE (__init_array_start, .)

.init_array     0x0201b81c        0x4
 *(SORT(.init_array.*))
 *(.init_array)
 .init_array    0x0201b81c        0x4 d:/win7/devkitpro/devkitarm/bin/../lib/gcc/arm-none-eabi/7.1.0/thumb/crtbegin.o
                0x0201b820                PROVIDE (__init_array_end, .)
                [!provide]                PROVIDE (__fini_array_start, .)

.fini_array     0x0201b820        0x4
 *(.fini_array)
 .fini_array    0x0201b820        0x4 d:/win7/devkitpro/devkitarm/bin/../lib/gcc/arm-none-eabi/7.1.0/thumb/crtbegin.o
 *(SORT(.fini_array.*))
                [!provide]                PROVIDE (__fini_array_end, .)

.ctors          0x0201b824        0x0
 *crtbegin.o(.ctors)
 *(EXCLUDE_FILE(*crtend.o) .ctors)
 *(SORT(.ctors.*))
 *(.ctors)
                0x0201b824                . = ALIGN (0x4)

.dtors          0x0201b824        0x0
 *crtbegin.o(.dtors)
 *(EXCLUDE_FILE(*crtend.o) .dtors)
 *(SORT(.dtors.*))
 *(.dtors)
                0x0201b824                . = ALIGN (0x4)

.eh_frame       0x0201b824        0x4
 *(.eh_frame)
 .eh_frame      0x0201b824        0x0 d:/win7/devkitpro/devkitarm/bin/../lib/gcc/arm-none-eabi/7.1.0/thumb/crtbegin.o
 .eh_frame      0x0201b824        0x4 d:/win7/devkitpro/devkitarm/bin/../lib/gcc/arm-none-eabi/7.1.0/thumb/crtend.o
                0x0201b828                . = ALIGN (0x4)

.rel.dyn        0x0201b828        0x0
 .rel.iplt      0x0201b828        0x0 d:/win7/devkitpro/devkitarm/bin/../lib/gcc/arm-none-eabi/7.1.0/../../../../arm-none-eabi/lib/thumb/ds_arm9_crt0.o

.gcc_except_table
                0x0201b828        0x0
 *(.gcc_except_table)
                0x0201b828                . = ALIGN (0x4)

.jcr
 *(.jcr)

.got
 *(.got.plt)
 *(.got)
 *(.rel.got)

.ewram          0x0201b828        0x0
                0x0201b828                __ewram_start = ABSOLUTE (.)
 *(.ewram)
 *ewram.*(.text)
                0x0201b828                . = ALIGN (0x4)

.data           0x0201b828     0x22e8
                0x0201b828                __data_start = ABSOLUTE (.)
 *(EXCLUDE_FILE(*.twl*) .data)
 .data          0x0201b828      0x774 main.o
                0x0201b828                bullets
                0x0201b888                invaderFreq
                0x0201b88c                bulletFreq
                0x0201b890                mysteryNoiseFreq
                0x0201b894                mysterySoundFreq
                0x0201b898                explosionNoiseFreq
                0x0201b89c                explosionFreq
                0x0201b8a0                invadersDirection
                0x0201b8a4                invaderTimer_id
                0x0201b8a8                invaderTimer_vel
                0x0201b8ac                bulletTimer_vel
                0x0201b8b0                bulletTimer_id
                0x0201b8b4                soundsTimer_vel
                0x0201b8b8                soundsTimer_id
                0x0201b8bc                invaders
 .data          0x0201bf9c       0x28 D:/Win7/devkitPro/libnds/lib\libnds9.a(mpu_setup.o)
 *(EXCLUDE_FILE(*.twl*) .data.*)
 .data.count    0x0201bfc4        0x1 D:/Win7/devkitPro/libnds/lib\libnds9.a(keys.o)
 .data.delay    0x0201bfc5        0x1 D:/Win7/devkitPro/libnds/lib\libnds9.a(keys.o)
 .data.repeat   0x0201bfc6        0x1 D:/Win7/devkitPro/libnds/lib\libnds9.a(keys.o)
 *fill*         0x0201bfc7        0x1 ff
 .data.currentConsole
                0x0201bfc8        0x4 D:/Win7/devkitPro/libnds/lib\libnds9.a(console.o)
                0x0201bfc8                currentConsole
 .data.defaultConsole
                0x0201bfcc       0x5c D:/Win7/devkitPro/libnds/lib\libnds9.a(console.o)
                0x0201bfcc                defaultConsole
 .data.firstConsoleInit.6490
                0x0201c028        0x1 D:/Win7/devkitPro/libnds/lib\libnds9.a(console.o)
 *fill*         0x0201c029        0x3 ff
 .data.bgControl
                0x0201c02c       0x20 D:/Win7/devkitPro/libnds/lib\libnds9.a(background.o)
                0x0201c02c                bgControl
 .data.bgScrollTable
                0x0201c04c       0x20 D:/Win7/devkitPro/libnds/lib\libnds9.a(background.o)
                0x0201c04c                bgScrollTable
 .data.bgTransform
                0x0201c06c       0x20 D:/Win7/devkitPro/libnds/lib\libnds9.a(background.o)
                0x0201c06c                bgTransform
 .data.fifo_buffer_free
                0x0201c08c        0x4 D:/Win7/devkitPro/libnds/lib\libnds9.a(fifosystem.o)
                0x0201c08c                fifo_buffer_free
 .data.fifo_freewords
                0x0201c090        0x4 D:/Win7/devkitPro/libnds/lib\libnds9.a(fifosystem.o)
                0x0201c090                fifo_freewords
 .data.fifo_receive_queue
                0x0201c094        0x4 D:/Win7/devkitPro/libnds/lib\libnds9.a(fifosystem.o)
                0x0201c094                fifo_receive_queue
 .data.fifo_send_queue
                0x0201c098        0x4 D:/Win7/devkitPro/libnds/lib\libnds9.a(fifosystem.o)
                0x0201c098                fifo_send_queue
 .data.__fdlib_version
                0x0201c09c        0x1 d:/win7/devkitpro/devkitarm/bin/../lib/gcc/arm-none-eabi/7.1.0/../../../../arm-none-eabi/lib/thumb\libm.a(lib_a-s_lib_ver.o)
                0x0201c09c                __fdlib_version
 *fill*         0x0201c09d        0x3 ff
 .data.__sfp_lock
                0x0201c0a0        0xc d:/win7/devkitpro/devkitarm/bin/../lib/gcc/arm-none-eabi/7.1.0/../../../../arm-none-eabi/lib/thumb\libg.a(lib_a-findfp.o)
 .data.__sinit_lock
                0x0201c0ac        0xc d:/win7/devkitpro/devkitarm/bin/../lib/gcc/arm-none-eabi/7.1.0/../../../../arm-none-eabi/lib/thumb\libg.a(lib_a-findfp.o)
 .data._impure_ptr
                0x0201c0b8        0x4 d:/win7/devkitpro/devkitarm/bin/../lib/gcc/arm-none-eabi/7.1.0/../../../../arm-none-eabi/lib/thumb\libg.a(lib_a-impure.o)
                0x0201c0b8                _impure_ptr
 *fill*         0x0201c0bc        0x4 ff
 .data.impure_data
                0x0201c0c0      0x460 d:/win7/devkitpro/devkitarm/bin/../lib/gcc/arm-none-eabi/7.1.0/../../../../arm-none-eabi/lib/thumb\libg.a(lib_a-impure.o)
 .data.__global_locale
                0x0201c520      0x16c d:/win7/devkitpro/devkitarm/bin/../lib/gcc/arm-none-eabi/7.1.0/../../../../arm-none-eabi/lib/thumb\libg.a(lib_a-locale.o)
                0x0201c520                __global_locale
 .data.__malloc_av_
                0x0201c68c      0x408 d:/win7/devkitpro/devkitarm/bin/../lib/gcc/arm-none-eabi/7.1.0/../../../../arm-none-eabi/lib/thumb\libg.a(lib_a-mallocr.o)
                0x0201c68c                __malloc_av_
 .data.__malloc_sbrk_base
                0x0201ca94        0x4 d:/win7/devkitpro/devkitarm/bin/../lib/gcc/arm-none-eabi/7.1.0/../../../../arm-none-eabi/lib/thumb\libg.a(lib_a-mallocr.o)
                0x0201ca94                __malloc_sbrk_base
 .data.__malloc_trim_threshold
                0x0201ca98        0x4 d:/win7/devkitpro/devkitarm/bin/../lib/gcc/arm-none-eabi/7.1.0/../../../../arm-none-eabi/lib/thumb\libg.a(lib_a-mallocr.o)
                0x0201ca98                __malloc_trim_threshold
 .data.__malloc_lock_object
                0x0201ca9c        0xc d:/win7/devkitpro/devkitarm/bin/../lib/gcc/arm-none-eabi/7.1.0/../../../../arm-none-eabi/lib/thumb\libg.a(lib_a-mlock.o)
 .data.devoptab_list
                0x0201caa8       0x40 d:/win7/devkitpro/devkitarm/bin/../lib/gcc/arm-none-eabi/7.1.0/../../../../arm-none-eabi/lib/thumb\libsysbase.a(iosupport.o)
                0x0201caa8                devoptab_list
 .data.__hndl_lock
                0x0201cae8        0x4 d:/win7/devkitpro/devkitarm/bin/../lib/gcc/arm-none-eabi/7.1.0/../../../../arm-none-eabi/lib/thumb\libsysbase.a(handle_manager.o)
 .data.__stderr_handle
                0x0201caec        0xc d:/win7/devkitpro/devkitarm/bin/../lib/gcc/arm-none-eabi/7.1.0/../../../../arm-none-eabi/lib/thumb\libsysbase.a(handle_manager.o)
 .data.__stdin_handle
                0x0201caf8        0xc d:/win7/devkitpro/devkitarm/bin/../lib/gcc/arm-none-eabi/7.1.0/../../../../arm-none-eabi/lib/thumb\libsysbase.a(handle_manager.o)
 .data.__stdout_handle
                0x0201cb04        0xc d:/win7/devkitpro/devkitarm/bin/../lib/gcc/arm-none-eabi/7.1.0/../../../../arm-none-eabi/lib/thumb\libsysbase.a(handle_manager.o)
 .data.handles  0x0201cb10     0x1000 d:/win7/devkitpro/devkitarm/bin/../lib/gcc/arm-none-eabi/7.1.0/../../../../arm-none-eabi/lib/thumb\libsysbase.a(handle_manager.o)
 *(EXCLUDE_FILE(*.twl*) .gnu.linkonce.d*)
                0x0201db10                . = ALIGN (0x4)
                0x0201db10                __data_end = ABSOLUTE (.)
                0x0201db10                __bss_vma = .

.igot.plt       0x0201db10        0x0
 .igot.plt      0x0201db10        0x0 d:/win7/devkitpro/devkitarm/bin/../lib/gcc/arm-none-eabi/7.1.0/../../../../arm-none-eabi/lib/thumb/ds_arm9_crt0.o

.tm_clone_table
                0x0201db10        0x0
 .tm_clone_table
                0x0201db10        0x0 d:/win7/devkitpro/devkitarm/bin/../lib/gcc/arm-none-eabi/7.1.0/thumb/crtbegin.o
 .tm_clone_table
                0x0201db10        0x0 d:/win7/devkitpro/devkitarm/bin/../lib/gcc/arm-none-eabi/7.1.0/thumb/crtend.o

.dtcm           0x0b000000        0x0 load address 0x0201db10
                0x0201db10                __dtcm_lma = LOADADDR (.dtcm)
                0x0b000000                __dtcm_start = ABSOLUTE (.)
 *(.dtcm)
 *(.dtcm.*)
                0x0b000000                . = ALIGN (0x4)
                0x0b000000                __dtcm_end = ABSOLUTE (.)

.itcm           0x01000100      0x194 load address 0x0201db10
                0x0201db10                __itcm_lma = LOADADDR (.itcm)
                0x01000100                __itcm_start = ABSOLUTE (.)
 *(.itcm)
 .itcm          0x01000100       0xc8 D:/Win7/devkitPro/libnds/lib\libnds9.a(interrupts.o)
                0x01000100                irqTable
 .itcm          0x010001c8       0xcc D:/Win7/devkitPro/libnds/lib\libnds9.a(interruptDispatcher.o)
                0x010001c8                IntrMain
 *.itcm*(.text .stub .text.*)
                0x01000294                . = ALIGN (0x4)
                0x01000294                __itcm_end = ABSOLUTE (.)

.vectors        0x01000000        0x0 load address 0x0201dca4
                0x0201dca4                __vectors_lma = LOADADDR (.vectors)
                0x01000000                __vectors_start = ABSOLUTE (.)
 *(.vectors)
 *.vectors*(.text .stub .text.*)
                0x01000000                . = ALIGN (0x4)
                0x01000000                __vectors_end = ABSOLUTE (.)

.sbss           0x0b000000        0x0
                0x0b000000                __sbss_start = ABSOLUTE (.)
                0x0b000000                __sbss_start__ = ABSOLUTE (.)
 *(.sbss)
                0x0b000000                . = ALIGN (0x4)
                0x0b000000                __sbss_end = ABSOLUTE (.)

.bss            0x0201db10     0x1050
                0x0201db10                __bss_start = ABSOLUTE (.)
                0x0201db10                __bss_start__ = ABSOLUTE (.)
 *(EXCLUDE_FILE(*.twl*) .dynbss)
 *(EXCLUDE_FILE(*.twl*) .gnu.linkonce.b*)
 *(EXCLUDE_FILE(*.twl*) .bss*)
 .bss.completed.6484
                0x0201db10        0x1 d:/win7/devkitpro/devkitarm/bin/../lib/gcc/arm-none-eabi/7.1.0/thumb/crtbegin.o
 *fill*         0x0201db11        0x3 
 .bss.object.6489
                0x0201db14       0x18 d:/win7/devkitpro/devkitarm/bin/../lib/gcc/arm-none-eabi/7.1.0/thumb/crtbegin.o
 .bss           0x0201db2c       0x34 main.o
                0x0201db2c                game_stage
                0x0201db30                channel0
                0x0201db34                channel1
                0x0201db38                channel2a
                0x0201db3c                channel2b
                0x0201db40                channel3a
                0x0201db44                channel3b
                0x0201db48                invadersBullets
                0x0201db4c                explosionSounds
                0x0201db4d                mysterySounds
                0x0201db4e                invadersSounds
                0x0201db50                invaderMoves
                0x0201db54                killedInvaders
                0x0201db58                bulletSounds
                0x0201db5c                wave
 .bss.keys      0x0201db60        0x2 D:/Win7/devkitPro/libnds/lib\libnds9.a(keys.o)
 .bss.keysold   0x0201db62        0x2 D:/Win7/devkitPro/libnds/lib\libnds9.a(keys.o)
 .bss.keysrepeat
                0x0201db64        0x2 D:/Win7/devkitPro/libnds/lib\libnds9.a(keys.o)
 *fill*         0x0201db66        0x2 
 .bss.__timeout
                0x0201db68        0x4 D:/Win7/devkitPro/libnds/lib\libnds9.a(fifosystem.o)
 .bss.processing
                0x0201db6c        0x4 D:/Win7/devkitPro/libnds/lib\libnds9.a(fifosystem.o)
                0x0201db6c                processing
 .bss.elapsed   0x0201db70        0x8 D:/Win7/devkitPro/libnds/lib\libnds9.a(timers.o)
                0x0201db70                elapsed
 .bss.SDcallback
                0x0201db78        0x4 D:/Win7/devkitPro/libnds/lib\libnds9.a(system.o)
 .bss.__malloc_current_mallinfo
                0x0201db7c       0x28 d:/win7/devkitpro/devkitarm/bin/../lib/gcc/arm-none-eabi/7.1.0/../../../../arm-none-eabi/lib/thumb\libg.a(lib_a-mallocr.o)
                0x0201db7c                __malloc_current_mallinfo
 .bss.__malloc_max_sbrked_mem
                0x0201dba4        0x4 d:/win7/devkitpro/devkitarm/bin/../lib/gcc/arm-none-eabi/7.1.0/../../../../arm-none-eabi/lib/thumb\libg.a(lib_a-mallocr.o)
                0x0201dba4                __malloc_max_sbrked_mem
 .bss.__malloc_max_total_mem
                0x0201dba8        0x4 d:/win7/devkitpro/devkitarm/bin/../lib/gcc/arm-none-eabi/7.1.0/../../../../arm-none-eabi/lib/thumb\libg.a(lib_a-mallocr.o)
                0x0201dba8                __malloc_max_total_mem
 .bss.__malloc_top_pad
                0x0201dbac        0x4 d:/win7/devkitpro/devkitarm/bin/../lib/gcc/arm-none-eabi/7.1.0/../../../../arm-none-eabi/lib/thumb\libg.a(lib_a-mallocr.o)
                0x0201dbac                __malloc_top_pad
 .bss.heap_start.5814
                0x0201dbb0        0x4 d:/win7/devkitpro/devkitarm/bin/../lib/gcc/arm-none-eabi/7.1.0/../../../../arm-none-eabi/lib/thumb\libsysbase.a(sbrk.o)
 .bss.fake_heap_end
                0x0201dbb4        0x4 d:/win7/devkitpro/devkitarm/bin/../lib/gcc/arm-none-eabi/7.1.0/../../../../arm-none-eabi/lib/thumb\libsysbase.a(malloc_vars.o)
                0x0201dbb4                fake_heap_end
 .bss.fake_heap_start
                0x0201dbb8        0x4 d:/win7/devkitpro/devkitarm/bin/../lib/gcc/arm-none-eabi/7.1.0/../../../../arm-none-eabi/lib/thumb\libsysbase.a(malloc_vars.o)
                0x0201dbb8                fake_heap_start
 .bss.__syscalls
                0x0201dbbc       0x38 d:/win7/devkitpro/devkitarm/bin/../lib/gcc/arm-none-eabi/7.1.0/../../../../arm-none-eabi/lib/thumb\libsysbase.a(syscall_support.o)
                0x0201dbbc                __syscalls
 *(EXCLUDE_FILE(*.twl*) COMMON)
 COMMON         0x0201dbf4      0x380 main.o
                0x0201dbf4                ship
                0x0201dc14                mystery
                0x0201dc2c                action_screen
                0x0201dcd0                end_screen
                0x0201dd7c                active_screen
                0x0201dd80                game_screen
                0x0201de30                timer_id
                0x0201de34                title_screen
 COMMON         0x0201df74       0x5c D:/Win7/devkitPro/libnds/lib\libnds9.a(console.o)
                0x0201df74                currentCopy
 COMMON         0x0201dfd0      0x148 D:/Win7/devkitPro/libnds/lib\libnds9.a(background.o)
                0x0201dfd0                bgState
                0x0201e110                bgIsTextLut
 COMMON         0x0201e118        0x1 D:/Win7/devkitPro/libnds/lib\libnds9.a(initSystem.o)
                0x0201e118                __dsimode
 *fill*         0x0201e119        0x3 
 COMMON         0x0201e11c      0xa40 D:/Win7/devkitPro/libnds/lib\libnds9.a(fifosystem.o)
                0x0201e11c                fifo_datamsg_data
                0x0201e15c                fifo_buffer
                0x0201e95c                fifo_value32_func
                0x0201e99c                fifo_address_func
                0x0201e9dc                fifo_value32_data
                0x0201ea1c                fifo_value32_queue
                0x0201ea5c                fifo_data_queue
                0x0201ea9c                fifo_address_data
                0x0201eadc                fifo_datamsg_func
                0x0201eb1c                fifo_address_queue
 COMMON         0x0201eb5c        0x4 D:/Win7/devkitPro/libnds/lib\libnds9.a(timeSupport.o)
                0x0201eb5c                punixTime
                0x0201eb60                . = ALIGN (0x4)
                0x0201eb60                __bss_end__ = ABSOLUTE (.)
                0x0201eb60                __end__ = ABSOLUTE (.)

.twl            0x0201eb60        0x0 load address 0x02400000
                0x02400000                __arm9i_lma__ = LOADADDR (.twl)
                0x0201eb60                __arm9i_start__ = ABSOLUTE (.)
 *(.twl)
 *.twl*(.text .stub .text.* .gnu.linkonce.t.*)
 *.twl*(.rodata)
 *.twl*(.roda)
 *.twl*(.rodata.*)
 *.twl*(.data)
 *.twl*(.data.*)
 *.twl*(.gnu.linkonce.d*)
                0x0201eb60                __arm9i_end__ = ABSOLUTE (.)

.twl_bss        0x0201eb60        0x0
                0x0201eb60                __twl_bss_start__ = ABSOLUTE (.)
 *(.twl_bss)
 *.twl*(.dynbss)
 *.twl*(.gnu.linkonce.b*)
 *.twl*(.bss*)
 *.twl*(COMMON)
                0x0201eb60                . = ALIGN (0x4)
                0x0201eb60                __twl_bss_end__ = ABSOLUTE (.)
                0x0201eb60                __twl_end__ = ABSOLUTE (.)

.stab
 *(.stab)

.stabstr
 *(.stabstr)

.stab.excl
 *(.stab.excl)

.stab.exclstr
 *(.stab.exclstr)

.stab.index
 *(.stab.index)

.stab.indexstr
 *(.stab.indexstr)

.comment        0x00000000       0x44
 *(.comment)
 .comment       0x00000000       0x22 d:/win7/devkitpro/devkitarm/bin/../lib/gcc/arm-none-eabi/7.1.0/thumb/crtbegin.o
                                 0x23 (size before relaxing)
 .comment       0x00000022       0x23 main.o
 .comment       0x00000022       0x23 console.o
 .comment       0x00000022       0x23 screens.o
 .comment       0x00000022       0x22 D:/Win7/devkitPro/libnds/lib\libnds9.a(keys.o)
                                 0x23 (size before relaxing)
 .comment       0x00000044       0x23 D:/Win7/devkitPro/libnds/lib\libnds9.a(sound.o)
 .comment       0x00000044       0x23 D:/Win7/devkitPro/libnds/lib\libnds9.a(console.o)
 .comment       0x00000044       0x23 D:/Win7/devkitPro/libnds/lib\libnds9.a(background.o)
 .comment       0x00000044       0x23 D:/Win7/devkitPro/libnds/lib\libnds9.a(securearea.o)
 .comment       0x00000044       0x23 D:/Win7/devkitPro/libnds/lib\libnds9.a(initSystem.o)
 .comment       0x00000044       0x23 D:/Win7/devkitPro/libnds/lib\libnds9.a(fifosystem.o)
 .comment       0x00000044       0x23 D:/Win7/devkitPro/libnds/lib\libnds9.a(libnds_exit.arm.o)
 .comment       0x00000044       0x23 D:/Win7/devkitPro/libnds/lib\libnds9.a(interrupts.o)
 .comment       0x00000044       0x23 D:/Win7/devkitPro/libnds/lib\libnds9.a(timers.o)
 .comment       0x00000044       0x23 D:/Win7/devkitPro/libnds/lib\libnds9.a(trig.o)
 .comment       0x00000044       0x23 D:/Win7/devkitPro/libnds/lib\libnds9.a(system.o)
 .comment       0x00000044       0x23 D:/Win7/devkitPro/libnds/lib\libnds9.a(video.o)
 .comment       0x00000044       0x23 D:/Win7/devkitPro/libnds/lib\libnds9.a(timeSupport.o)
 .comment       0x00000044       0x23 d:/win7/devkitpro/devkitarm/bin/../lib/gcc/arm-none-eabi/7.1.0/../../../../arm-none-eabi/lib/thumb\libm.a(lib_a-w_sqrt.o)
 .comment       0x00000044       0x23 d:/win7/devkitpro/devkitarm/bin/../lib/gcc/arm-none-eabi/7.1.0/../../../../arm-none-eabi/lib/thumb\libm.a(lib_a-e_sqrt.o)
 .comment       0x00000044       0x23 d:/win7/devkitpro/devkitarm/bin/../lib/gcc/arm-none-eabi/7.1.0/../../../../arm-none-eabi/lib/thumb\libm.a(lib_a-s_lib_ver.o)
 .comment       0x00000044       0x23 d:/win7/devkitpro/devkitarm/bin/../lib/gcc/arm-none-eabi/7.1.0/../../../../arm-none-eabi/lib/thumb\libm.a(lib_a-s_matherr.o)
 .comment       0x00000044       0x23 d:/win7/devkitpro/devkitarm/bin/../lib/gcc/arm-none-eabi/7.1.0/../../../../arm-none-eabi/lib/thumb\libg.a(lib_a-errno.o)
 .comment       0x00000044       0x23 d:/win7/devkitpro/devkitarm/bin/../lib/gcc/arm-none-eabi/7.1.0/../../../../arm-none-eabi/lib/thumb\libg.a(lib_a-init.o)
 .comment       0x00000044       0x23 d:/win7/devkitpro/devkitarm/bin/../lib/gcc/arm-none-eabi/7.1.0/../../../../arm-none-eabi/lib/thumb\libg.a(lib_a-iprintf.o)
 .comment       0x00000044       0x23 d:/win7/devkitpro/devkitarm/bin/../lib/gcc/arm-none-eabi/7.1.0/../../../../arm-none-eabi/lib/thumb\libg.a(lib_a-memcpy-stub.o)
 .comment       0x00000044       0x23 d:/win7/devkitpro/devkitarm/bin/../lib/gcc/arm-none-eabi/7.1.0/../../../../arm-none-eabi/lib/thumb\libg.a(lib_a-memset.o)
 .comment       0x00000044       0x23 d:/win7/devkitpro/devkitarm/bin/../lib/gcc/arm-none-eabi/7.1.0/../../../../arm-none-eabi/lib/thumb\libg.a(lib_a-rand.o)
 .comment       0x00000044       0x23 d:/win7/devkitpro/devkitarm/bin/../lib/gcc/arm-none-eabi/7.1.0/../../../../arm-none-eabi/lib/thumb\libg.a(lib_a-setvbuf.o)
 .comment       0x00000044       0x23 d:/win7/devkitpro/devkitarm/bin/../lib/gcc/arm-none-eabi/7.1.0/../../../../arm-none-eabi/lib/thumb\libg.a(lib_a-siscanf.o)
 .comment       0x00000044       0x23 d:/win7/devkitpro/devkitarm/bin/../lib/gcc/arm-none-eabi/7.1.0/../../../../arm-none-eabi/lib/thumb\libg.a(lib_a-stdio.o)
 .comment       0x00000044       0x23 d:/win7/devkitpro/devkitarm/bin/../lib/gcc/arm-none-eabi/7.1.0/../../../../arm-none-eabi/lib/thumb\libg.a(lib_a-strcpy.o)
 .comment       0x00000044       0x23 d:/win7/devkitpro/devkitarm/bin/../lib/gcc/arm-none-eabi/7.1.0/../../../../arm-none-eabi/lib/thumb\libg.a(lib_a-strlen-stub.o)
 .comment       0x00000044       0x23 d:/win7/devkitpro/devkitarm/bin/../lib/gcc/arm-none-eabi/7.1.0/../../../../arm-none-eabi/lib/thumb\libg.a(lib_a-svfiscanf.o)
 .comment       0x00000044       0x23 d:/win7/devkitpro/devkitarm/bin/../lib/gcc/arm-none-eabi/7.1.0/../../../../arm-none-eabi/lib/thumb\libg.a(lib_a-ungetc.o)
 .comment       0x00000044       0x23 d:/win7/devkitpro/devkitarm/bin/../lib/gcc/arm-none-eabi/7.1.0/../../../../arm-none-eabi/lib/thumb\libg.a(lib_a-vfiprintf.o)
 .comment       0x00000044       0x23 d:/win7/devkitpro/devkitarm/bin/../lib/gcc/arm-none-eabi/7.1.0/../../../../arm-none-eabi/lib/thumb\libg.a(lib_a-wcrtomb.o)
 .comment       0x00000044       0x23 d:/win7/devkitpro/devkitarm/bin/../lib/gcc/arm-none-eabi/7.1.0/../../../../arm-none-eabi/lib/thumb\libg.a(lib_a-wcsrtombs.o)
 .comment       0x00000044       0x23 d:/win7/devkitpro/devkitarm/bin/../lib/gcc/arm-none-eabi/7.1.0/../../../../arm-none-eabi/lib/thumb\libg.a(lib_a-wsetup.o)
 .comment       0x00000044       0x23 d:/win7/devkitpro/devkitarm/bin/../lib/gcc/arm-none-eabi/7.1.0/../../../../arm-none-eabi/lib/thumb\libg.a(lib_a-fflush.o)
 .comment       0x00000044       0x23 d:/win7/devkitpro/devkitarm/bin/../lib/gcc/arm-none-eabi/7.1.0/../../../../arm-none-eabi/lib/thumb\libg.a(lib_a-findfp.o)
 .comment       0x00000044       0x23 d:/win7/devkitpro/devkitarm/bin/../lib/gcc/arm-none-eabi/7.1.0/../../../../arm-none-eabi/lib/thumb\libg.a(lib_a-freer.o)
 .comment       0x00000044       0x23 d:/win7/devkitpro/devkitarm/bin/../lib/gcc/arm-none-eabi/7.1.0/../../../../arm-none-eabi/lib/thumb\libg.a(lib_a-fvwrite.o)
 .comment       0x00000044       0x23 d:/win7/devkitpro/devkitarm/bin/../lib/gcc/arm-none-eabi/7.1.0/../../../../arm-none-eabi/lib/thumb\libg.a(lib_a-fwalk.o)
 .comment       0x00000044       0x23 d:/win7/devkitpro/devkitarm/bin/../lib/gcc/arm-none-eabi/7.1.0/../../../../arm-none-eabi/lib/thumb\libg.a(lib_a-impure.o)
 .comment       0x00000044       0x23 d:/win7/devkitpro/devkitarm/bin/../lib/gcc/arm-none-eabi/7.1.0/../../../../arm-none-eabi/lib/thumb\libg.a(lib_a-iswspace.o)
 .comment       0x00000044       0x23 d:/win7/devkitpro/devkitarm/bin/../lib/gcc/arm-none-eabi/7.1.0/../../../../arm-none-eabi/lib/thumb\libg.a(lib_a-jp2uc.o)
 .comment       0x00000044       0x23 d:/win7/devkitpro/devkitarm/bin/../lib/gcc/arm-none-eabi/7.1.0/../../../../arm-none-eabi/lib/thumb\libg.a(lib_a-localeconv.o)
 .comment       0x00000044       0x23 d:/win7/devkitpro/devkitarm/bin/../lib/gcc/arm-none-eabi/7.1.0/../../../../arm-none-eabi/lib/thumb\libg.a(lib_a-locale.o)
 .comment       0x00000044       0x23 d:/win7/devkitpro/devkitarm/bin/../lib/gcc/arm-none-eabi/7.1.0/../../../../arm-none-eabi/lib/thumb\libg.a(lib_a-makebuf.o)
 .comment       0x00000044       0x23 d:/win7/devkitpro/devkitarm/bin/../lib/gcc/arm-none-eabi/7.1.0/../../../../arm-none-eabi/lib/thumb\libg.a(lib_a-malloc.o)
 .comment       0x00000044       0x23 d:/win7/devkitpro/devkitarm/bin/../lib/gcc/arm-none-eabi/7.1.0/../../../../arm-none-eabi/lib/thumb\libg.a(lib_a-mallocr.o)
 .comment       0x00000044       0x23 d:/win7/devkitpro/devkitarm/bin/../lib/gcc/arm-none-eabi/7.1.0/../../../../arm-none-eabi/lib/thumb\libg.a(lib_a-mbrtowc.o)
 .comment       0x00000044       0x23 d:/win7/devkitpro/devkitarm/bin/../lib/gcc/arm-none-eabi/7.1.0/../../../../arm-none-eabi/lib/thumb\libg.a(lib_a-mbtowc_r.o)
 .comment       0x00000044       0x23 d:/win7/devkitpro/devkitarm/bin/../lib/gcc/arm-none-eabi/7.1.0/../../../../arm-none-eabi/lib/thumb\libg.a(lib_a-memchr-stub.o)
 .comment       0x00000044       0x23 d:/win7/devkitpro/devkitarm/bin/../lib/gcc/arm-none-eabi/7.1.0/../../../../arm-none-eabi/lib/thumb\libg.a(lib_a-memmove.o)
 .comment       0x00000044       0x23 d:/win7/devkitpro/devkitarm/bin/../lib/gcc/arm-none-eabi/7.1.0/../../../../arm-none-eabi/lib/thumb\libg.a(lib_a-mlock.o)
 .comment       0x00000044       0x23 d:/win7/devkitpro/devkitarm/bin/../lib/gcc/arm-none-eabi/7.1.0/../../../../arm-none-eabi/lib/thumb\libg.a(lib_a-reallocr.o)
 .comment       0x00000044       0x23 d:/win7/devkitpro/devkitarm/bin/../lib/gcc/arm-none-eabi/7.1.0/../../../../arm-none-eabi/lib/thumb\libg.a(lib_a-sccl.o)
 .comment       0x00000044       0x23 d:/win7/devkitpro/devkitarm/bin/../lib/gcc/arm-none-eabi/7.1.0/../../../../arm-none-eabi/lib/thumb\libg.a(lib_a-strncpy.o)
 .comment       0x00000044       0x23 d:/win7/devkitpro/devkitarm/bin/../lib/gcc/arm-none-eabi/7.1.0/../../../../arm-none-eabi/lib/thumb\libg.a(lib_a-strtoll.o)
 .comment       0x00000044       0x23 d:/win7/devkitpro/devkitarm/bin/../lib/gcc/arm-none-eabi/7.1.0/../../../../arm-none-eabi/lib/thumb\libg.a(lib_a-strtol.o)
 .comment       0x00000044       0x23 d:/win7/devkitpro/devkitarm/bin/../lib/gcc/arm-none-eabi/7.1.0/../../../../arm-none-eabi/lib/thumb\libg.a(lib_a-strtoull.o)
 .comment       0x00000044       0x23 d:/win7/devkitpro/devkitarm/bin/../lib/gcc/arm-none-eabi/7.1.0/../../../../arm-none-eabi/lib/thumb\libg.a(lib_a-strtoul.o)
 .comment       0x00000044       0x23 d:/win7/devkitpro/devkitarm/bin/../lib/gcc/arm-none-eabi/7.1.0/../../../../arm-none-eabi/lib/thumb\libg.a(lib_a-svfiprintf.o)
 .comment       0x00000044       0x23 d:/win7/devkitpro/devkitarm/bin/../lib/gcc/arm-none-eabi/7.1.0/../../../../arm-none-eabi/lib/thumb\libg.a(lib_a-wcsnrtombs.o)
 .comment       0x00000044       0x23 d:/win7/devkitpro/devkitarm/bin/../lib/gcc/arm-none-eabi/7.1.0/../../../../arm-none-eabi/lib/thumb\libg.a(lib_a-wctomb_r.o)
 .comment       0x00000044       0x23 d:/win7/devkitpro/devkitarm/bin/../lib/gcc/arm-none-eabi/7.1.0/../../../../arm-none-eabi/lib/thumb\libg.a(lib_a-ctype_.o)
 .comment       0x00000044       0x23 d:/win7/devkitpro/devkitarm/bin/../lib/gcc/arm-none-eabi/7.1.0/../../../../arm-none-eabi/lib/thumb\libg.a(lib_a-fclose.o)
 .comment       0x00000044       0x23 d:/win7/devkitpro/devkitarm/bin/../lib/gcc/arm-none-eabi/7.1.0/../../../../arm-none-eabi/lib/thumb\libsysbase.a(iosupport.o)
 .comment       0x00000044       0x23 d:/win7/devkitpro/devkitarm/bin/../lib/gcc/arm-none-eabi/7.1.0/../../../../arm-none-eabi/lib/thumb\libsysbase.a(close.o)
 .comment       0x00000044       0x23 d:/win7/devkitpro/devkitarm/bin/../lib/gcc/arm-none-eabi/7.1.0/../../../../arm-none-eabi/lib/thumb\libsysbase.a(fstat.o)
 .comment       0x00000044       0x23 d:/win7/devkitpro/devkitarm/bin/../lib/gcc/arm-none-eabi/7.1.0/../../../../arm-none-eabi/lib/thumb\libsysbase.a(isatty.o)
 .comment       0x00000044       0x23 d:/win7/devkitpro/devkitarm/bin/../lib/gcc/arm-none-eabi/7.1.0/../../../../arm-none-eabi/lib/thumb\libsysbase.a(lseek.o)
 .comment       0x00000044       0x23 d:/win7/devkitpro/devkitarm/bin/../lib/gcc/arm-none-eabi/7.1.0/../../../../arm-none-eabi/lib/thumb\libsysbase.a(read.o)
 .comment       0x00000044       0x23 d:/win7/devkitpro/devkitarm/bin/../lib/gcc/arm-none-eabi/7.1.0/../../../../arm-none-eabi/lib/thumb\libsysbase.a(sbrk.o)
 .comment       0x00000044       0x23 d:/win7/devkitpro/devkitarm/bin/../lib/gcc/arm-none-eabi/7.1.0/../../../../arm-none-eabi/lib/thumb\libsysbase.a(write.o)
 .comment       0x00000044       0x23 d:/win7/devkitpro/devkitarm/bin/../lib/gcc/arm-none-eabi/7.1.0/../../../../arm-none-eabi/lib/thumb\libsysbase.a(malloc_vars.o)
 .comment       0x00000044       0x23 d:/win7/devkitpro/devkitarm/bin/../lib/gcc/arm-none-eabi/7.1.0/../../../../arm-none-eabi/lib/thumb\libsysbase.a(build_argv.o)
 .comment       0x00000044       0x23 d:/win7/devkitpro/devkitarm/bin/../lib/gcc/arm-none-eabi/7.1.0/../../../../arm-none-eabi/lib/thumb\libsysbase.a(flock.o)
 .comment       0x00000044       0x23 d:/win7/devkitpro/devkitarm/bin/../lib/gcc/arm-none-eabi/7.1.0/../../../../arm-none-eabi/lib/thumb\libsysbase.a(syscall_support.o)
 .comment       0x00000044       0x23 d:/win7/devkitpro/devkitarm/bin/../lib/gcc/arm-none-eabi/7.1.0/../../../../arm-none-eabi/lib/thumb\libsysbase.a(handle_manager.o)
 .comment       0x00000044       0x23 d:/win7/devkitpro/devkitarm/bin/../lib/gcc/arm-none-eabi/7.1.0/../../../../arm-none-eabi/lib/thumb\libsysbase.a(getreent.o)
 .comment       0x00000044       0x23 d:/win7/devkitpro/devkitarm/bin/../lib/gcc/arm-none-eabi/7.1.0/thumb\libgcc.a(_muldi3.o)
 .comment       0x00000044       0x23 d:/win7/devkitpro/devkitarm/bin/../lib/gcc/arm-none-eabi/7.1.0/thumb\libgcc.a(_udivmoddi4.o)
 .comment       0x00000044       0x23 d:/win7/devkitpro/devkitarm/bin/../lib/gcc/arm-none-eabi/7.1.0/thumb/crtend.o

.ARM.attributes
                0x00000000       0x2d
 .ARM.attributes
                0x00000000       0x21 d:/win7/devkitpro/devkitarm/bin/../lib/gcc/arm-none-eabi/7.1.0/../../../../arm-none-eabi/lib/thumb/ds_arm9_crt0.o
 .ARM.attributes
                0x00000021       0x16 d:/win7/devkitpro/devkitarm/bin/../lib/gcc/arm-none-eabi/7.1.0/thumb/crti.o
 .ARM.attributes
                0x00000037       0x30 d:/win7/devkitpro/devkitarm/bin/../lib/gcc/arm-none-eabi/7.1.0/thumb/crtbegin.o
 .ARM.attributes
                0x00000067       0x14 gfx_fire2.o
 .ARM.attributes
                0x0000007b       0x14 gfx_fire3.o
 .ARM.attributes
                0x0000008f       0x14 gfx_invader2.o
 .ARM.attributes
                0x000000a3       0x14 gfx_ship.o
 .ARM.attributes
                0x000000b7       0x14 gfx_fire1.o
 .ARM.attributes
                0x000000cb       0x14 gfx_invader1.o
 .ARM.attributes
                0x000000df       0x14 gfx_mystery.o
 .ARM.attributes
                0x000000f3       0x14 gfx_invader3.o
 .ARM.attributes
                0x00000107       0x27 main.o
 .ARM.attributes
                0x0000012e       0x27 console.o
 .ARM.attributes
                0x00000155       0x27 screens.o
 .ARM.attributes
                0x0000017c       0x2b D:/Win7/devkitPro/libnds/lib\libnds9.a(keys.o)
 .ARM.attributes
                0x000001a7       0x2b D:/Win7/devkitPro/libnds/lib\libnds9.a(sound.o)
 .ARM.attributes
                0x000001d2       0x2b D:/Win7/devkitPro/libnds/lib\libnds9.a(console.o)
 .ARM.attributes
                0x000001fd       0x2b D:/Win7/devkitPro/libnds/lib\libnds9.a(background.o)
 .ARM.attributes
                0x00000228       0x2b D:/Win7/devkitPro/libnds/lib\libnds9.a(securearea.o)
 .ARM.attributes
                0x00000253       0x2b D:/Win7/devkitPro/libnds/lib\libnds9.a(initSystem.o)
 .ARM.attributes
                0x0000027e       0x2b D:/Win7/devkitPro/libnds/lib\libnds9.a(fifosystem.o)
 .ARM.attributes
                0x000002a9       0x2b D:/Win7/devkitPro/libnds/lib\libnds9.a(libnds_exit.arm.o)
 .ARM.attributes
                0x000002d4       0x2b D:/Win7/devkitPro/libnds/lib\libnds9.a(interrupts.o)
 .ARM.attributes
                0x000002ff       0x2b D:/Win7/devkitPro/libnds/lib\libnds9.a(timers.o)
 .ARM.attributes
                0x0000032a       0x21 D:/Win7/devkitPro/libnds/lib\libnds9.a(cpu_clock.o)
 .ARM.attributes
                0x0000034b       0x21 D:/Win7/devkitPro/libnds/lib\libnds9.a(IntrWait.o)
 .ARM.attributes
                0x0000036c       0x21 D:/Win7/devkitPro/libnds/lib\libnds9.a(mpu_setup.o)
 .ARM.attributes
                0x0000038d       0x21 D:/Win7/devkitPro/libnds/lib\libnds9.a(swiSoftReset.o)
 .ARM.attributes
                0x000003ae       0x1b D:/Win7/devkitPro/libnds/lib\libnds9.a(interruptDispatcher.o)
 .ARM.attributes
                0x000003c9       0x14 D:/Win7/devkitPro/libnds/lib\libnds9.a(default_font.bin.o)
 .ARM.attributes
                0x000003dd       0x2b D:/Win7/devkitPro/libnds/lib\libnds9.a(trig.o)
 .ARM.attributes
                0x00000408       0x2b D:/Win7/devkitPro/libnds/lib\libnds9.a(system.o)
 .ARM.attributes
                0x00000433       0x2b D:/Win7/devkitPro/libnds/lib\libnds9.a(video.o)
 .ARM.attributes
                0x0000045e       0x2b D:/Win7/devkitPro/libnds/lib\libnds9.a(timeSupport.o)
 .ARM.attributes
                0x00000489       0x1b D:/Win7/devkitPro/libnds/lib\libnds9.a(biosCalls.o)
 .ARM.attributes
                0x000004a4       0x30 d:/win7/devkitpro/devkitarm/bin/../lib/gcc/arm-none-eabi/7.1.0/../../../../arm-none-eabi/lib/thumb\libm.a(lib_a-w_sqrt.o)
 .ARM.attributes
                0x000004d4       0x30 d:/win7/devkitpro/devkitarm/bin/../lib/gcc/arm-none-eabi/7.1.0/../../../../arm-none-eabi/lib/thumb\libm.a(lib_a-e_sqrt.o)
 .ARM.attributes
                0x00000504       0x30 d:/win7/devkitpro/devkitarm/bin/../lib/gcc/arm-none-eabi/7.1.0/../../../../arm-none-eabi/lib/thumb\libm.a(lib_a-s_lib_ver.o)
 .ARM.attributes
                0x00000534       0x30 d:/win7/devkitpro/devkitarm/bin/../lib/gcc/arm-none-eabi/7.1.0/../../../../arm-none-eabi/lib/thumb\libm.a(lib_a-s_matherr.o)
 .ARM.attributes
                0x00000564       0x18 d:/win7/devkitpro/devkitarm/bin/../lib/gcc/arm-none-eabi/7.1.0/thumb\libgcc.a(_divsi3.o)
 .ARM.attributes
                0x0000057c       0x16 d:/win7/devkitpro/devkitarm/bin/../lib/gcc/arm-none-eabi/7.1.0/thumb\libgcc.a(_dvmd_tls.o)
 .ARM.attributes
                0x00000592       0x18 d:/win7/devkitpro/devkitarm/bin/../lib/gcc/arm-none-eabi/7.1.0/thumb\libgcc.a(_arm_addsubdf3.o)
 .ARM.attributes
                0x000005aa       0x18 d:/win7/devkitpro/devkitarm/bin/../lib/gcc/arm-none-eabi/7.1.0/thumb\libgcc.a(_arm_muldivdf3.o)
 .ARM.attributes
                0x000005c2       0x18 d:/win7/devkitpro/devkitarm/bin/../lib/gcc/arm-none-eabi/7.1.0/thumb\libgcc.a(_arm_cmpdf2.o)
 .ARM.attributes
                0x000005da       0x18 d:/win7/devkitpro/devkitarm/bin/../lib/gcc/arm-none-eabi/7.1.0/thumb\libgcc.a(_arm_unorddf2.o)
 .ARM.attributes
                0x000005f2       0x18 d:/win7/devkitpro/devkitarm/bin/../lib/gcc/arm-none-eabi/7.1.0/thumb\libgcc.a(_arm_fixdfsi.o)
 .ARM.attributes
                0x0000060a       0x30 d:/win7/devkitpro/devkitarm/bin/../lib/gcc/arm-none-eabi/7.1.0/../../../../arm-none-eabi/lib/thumb\libg.a(lib_a-errno.o)
 .ARM.attributes
                0x0000063a       0x30 d:/win7/devkitpro/devkitarm/bin/../lib/gcc/arm-none-eabi/7.1.0/../../../../arm-none-eabi/lib/thumb\libg.a(lib_a-init.o)
 .ARM.attributes
                0x0000066a       0x30 d:/win7/devkitpro/devkitarm/bin/../lib/gcc/arm-none-eabi/7.1.0/../../../../arm-none-eabi/lib/thumb\libg.a(lib_a-iprintf.o)
 .ARM.attributes
                0x0000069a       0x30 d:/win7/devkitpro/devkitarm/bin/../lib/gcc/arm-none-eabi/7.1.0/../../../../arm-none-eabi/lib/thumb\libg.a(lib_a-memcpy-stub.o)
 .ARM.attributes
                0x000006ca       0x30 d:/win7/devkitpro/devkitarm/bin/../lib/gcc/arm-none-eabi/7.1.0/../../../../arm-none-eabi/lib/thumb\libg.a(lib_a-memset.o)
 .ARM.attributes
                0x000006fa       0x30 d:/win7/devkitpro/devkitarm/bin/../lib/gcc/arm-none-eabi/7.1.0/../../../../arm-none-eabi/lib/thumb\libg.a(lib_a-rand.o)
 .ARM.attributes
                0x0000072a       0x30 d:/win7/devkitpro/devkitarm/bin/../lib/gcc/arm-none-eabi/7.1.0/../../../../arm-none-eabi/lib/thumb\libg.a(lib_a-setvbuf.o)
 .ARM.attributes
                0x0000075a       0x30 d:/win7/devkitpro/devkitarm/bin/../lib/gcc/arm-none-eabi/7.1.0/../../../../arm-none-eabi/lib/thumb\libg.a(lib_a-siscanf.o)
 .ARM.attributes
                0x0000078a       0x30 d:/win7/devkitpro/devkitarm/bin/../lib/gcc/arm-none-eabi/7.1.0/../../../../arm-none-eabi/lib/thumb\libg.a(lib_a-stdio.o)
 .ARM.attributes
                0x000007ba       0x30 d:/win7/devkitpro/devkitarm/bin/../lib/gcc/arm-none-eabi/7.1.0/../../../../arm-none-eabi/lib/thumb\libg.a(lib_a-strcpy.o)
 .ARM.attributes
                0x000007ea       0x30 d:/win7/devkitpro/devkitarm/bin/../lib/gcc/arm-none-eabi/7.1.0/../../../../arm-none-eabi/lib/thumb\libg.a(lib_a-strlen-stub.o)
 .ARM.attributes
                0x0000081a       0x30 d:/win7/devkitpro/devkitarm/bin/../lib/gcc/arm-none-eabi/7.1.0/../../../../arm-none-eabi/lib/thumb\libg.a(lib_a-svfiscanf.o)
 .ARM.attributes
                0x0000084a       0x30 d:/win7/devkitpro/devkitarm/bin/../lib/gcc/arm-none-eabi/7.1.0/../../../../arm-none-eabi/lib/thumb\libg.a(lib_a-ungetc.o)
 .ARM.attributes
                0x0000087a       0x30 d:/win7/devkitpro/devkitarm/bin/../lib/gcc/arm-none-eabi/7.1.0/../../../../arm-none-eabi/lib/thumb\libg.a(lib_a-vfiprintf.o)
 .ARM.attributes
                0x000008aa       0x30 d:/win7/devkitpro/devkitarm/bin/../lib/gcc/arm-none-eabi/7.1.0/../../../../arm-none-eabi/lib/thumb\libg.a(lib_a-wcrtomb.o)
 .ARM.attributes
                0x000008da       0x30 d:/win7/devkitpro/devkitarm/bin/../lib/gcc/arm-none-eabi/7.1.0/../../../../arm-none-eabi/lib/thumb\libg.a(lib_a-wcsrtombs.o)
 .ARM.attributes
                0x0000090a       0x30 d:/win7/devkitpro/devkitarm/bin/../lib/gcc/arm-none-eabi/7.1.0/../../../../arm-none-eabi/lib/thumb\libg.a(lib_a-wsetup.o)
 .ARM.attributes
                0x0000093a       0x30 d:/win7/devkitpro/devkitarm/bin/../lib/gcc/arm-none-eabi/7.1.0/../../../../arm-none-eabi/lib/thumb\libg.a(lib_a-fflush.o)
 .ARM.attributes
                0x0000096a       0x30 d:/win7/devkitpro/devkitarm/bin/../lib/gcc/arm-none-eabi/7.1.0/../../../../arm-none-eabi/lib/thumb\libg.a(lib_a-findfp.o)
 .ARM.attributes
                0x0000099a       0x30 d:/win7/devkitpro/devkitarm/bin/../lib/gcc/arm-none-eabi/7.1.0/../../../../arm-none-eabi/lib/thumb\libg.a(lib_a-freer.o)
 .ARM.attributes
                0x000009ca       0x30 d:/win7/devkitpro/devkitarm/bin/../lib/gcc/arm-none-eabi/7.1.0/../../../../arm-none-eabi/lib/thumb\libg.a(lib_a-fvwrite.o)
 .ARM.attributes
                0x000009fa       0x30 d:/win7/devkitpro/devkitarm/bin/../lib/gcc/arm-none-eabi/7.1.0/../../../../arm-none-eabi/lib/thumb\libg.a(lib_a-fwalk.o)
 .ARM.attributes
                0x00000a2a       0x30 d:/win7/devkitpro/devkitarm/bin/../lib/gcc/arm-none-eabi/7.1.0/../../../../arm-none-eabi/lib/thumb\libg.a(lib_a-impure.o)
 .ARM.attributes
                0x00000a5a       0x30 d:/win7/devkitpro/devkitarm/bin/../lib/gcc/arm-none-eabi/7.1.0/../../../../arm-none-eabi/lib/thumb\libg.a(lib_a-iswspace.o)
 .ARM.attributes
                0x00000a8a       0x30 d:/win7/devkitpro/devkitarm/bin/../lib/gcc/arm-none-eabi/7.1.0/../../../../arm-none-eabi/lib/thumb\libg.a(lib_a-jp2uc.o)
 .ARM.attributes
                0x00000aba       0x30 d:/win7/devkitpro/devkitarm/bin/../lib/gcc/arm-none-eabi/7.1.0/../../../../arm-none-eabi/lib/thumb\libg.a(lib_a-localeconv.o)
 .ARM.attributes
                0x00000aea       0x30 d:/win7/devkitpro/devkitarm/bin/../lib/gcc/arm-none-eabi/7.1.0/../../../../arm-none-eabi/lib/thumb\libg.a(lib_a-locale.o)
 .ARM.attributes
                0x00000b1a       0x30 d:/win7/devkitpro/devkitarm/bin/../lib/gcc/arm-none-eabi/7.1.0/../../../../arm-none-eabi/lib/thumb\libg.a(lib_a-makebuf.o)
 .ARM.attributes
                0x00000b4a       0x30 d:/win7/devkitpro/devkitarm/bin/../lib/gcc/arm-none-eabi/7.1.0/../../../../arm-none-eabi/lib/thumb\libg.a(lib_a-malloc.o)
 .ARM.attributes
                0x00000b7a       0x30 d:/win7/devkitpro/devkitarm/bin/../lib/gcc/arm-none-eabi/7.1.0/../../../../arm-none-eabi/lib/thumb\libg.a(lib_a-mallocr.o)
 .ARM.attributes
                0x00000baa       0x30 d:/win7/devkitpro/devkitarm/bin/../lib/gcc/arm-none-eabi/7.1.0/../../../../arm-none-eabi/lib/thumb\libg.a(lib_a-mbrtowc.o)
 .ARM.attributes
                0x00000bda       0x30 d:/win7/devkitpro/devkitarm/bin/../lib/gcc/arm-none-eabi/7.1.0/../../../../arm-none-eabi/lib/thumb\libg.a(lib_a-mbtowc_r.o)
 .ARM.attributes
                0x00000c0a       0x30 d:/win7/devkitpro/devkitarm/bin/../lib/gcc/arm-none-eabi/7.1.0/../../../../arm-none-eabi/lib/thumb\libg.a(lib_a-memchr-stub.o)
 .ARM.attributes
                0x00000c3a       0x30 d:/win7/devkitpro/devkitarm/bin/../lib/gcc/arm-none-eabi/7.1.0/../../../../arm-none-eabi/lib/thumb\libg.a(lib_a-memmove.o)
 .ARM.attributes
                0x00000c6a       0x30 d:/win7/devkitpro/devkitarm/bin/../lib/gcc/arm-none-eabi/7.1.0/../../../../arm-none-eabi/lib/thumb\libg.a(lib_a-mlock.o)
 .ARM.attributes
                0x00000c9a       0x30 d:/win7/devkitpro/devkitarm/bin/../lib/gcc/arm-none-eabi/7.1.0/../../../../arm-none-eabi/lib/thumb\libg.a(lib_a-reallocr.o)
 .ARM.attributes
                0x00000cca       0x30 d:/win7/devkitpro/devkitarm/bin/../lib/gcc/arm-none-eabi/7.1.0/../../../../arm-none-eabi/lib/thumb\libg.a(lib_a-sccl.o)
 .ARM.attributes
                0x00000cfa       0x16 d:/win7/devkitpro/devkitarm/bin/../lib/gcc/arm-none-eabi/7.1.0/../../../../arm-none-eabi/lib/thumb\libg.a(lib_a-strcmp.o)
 .ARM.attributes
                0x00000d10       0x30 d:/win7/devkitpro/devkitarm/bin/../lib/gcc/arm-none-eabi/7.1.0/../../../../arm-none-eabi/lib/thumb\libg.a(lib_a-strncpy.o)
 .ARM.attributes