Archive member included to satisfy reference by file (symbol)

D:/Win7/devkitPro/libnds/lib\libnds9.a(keys.o)
                              main.o (scanKeys)
D:/Win7/devkitPro/libnds/lib\libnds9.a(console.o)
                              main.o (consoleDemoInit)
D:/Win7/devkitPro/libnds/lib\libnds9.a(background.o)
                              D:/Win7/devkitPro/libnds/lib\libnds9.a(console.o) (bgState)
D:/Win7/devkitPro/libnds/lib\libnds9.a(securearea.o)
                              d:/win7/devkitpro/devkitarm/bin/../lib/gcc/arm-none-eabi/7.1.0/../../../../arm-none-eabi/lib/thumb/ds_arm9_crt0.o (__secure_area__)
D:/Win7/devkitPro/libnds/lib\libnds9.a(initSystem.o)
                              d:/win7/devkitpro/devkitarm/bin/../lib/gcc/arm-none-eabi/7.1.0/../../../../arm-none-eabi/lib/thumb/ds_arm9_crt0.o (initSystem)
D:/Win7/devkitPro/libnds/lib\libnds9.a(fifosystem.o)
                              D:/Win7/devkitPro/libnds/lib\libnds9.a(initSystem.o) (fifoSetValue32Handler)
D:/Win7/devkitPro/libnds/lib\libnds9.a(libnds_exit.arm.o)
                              d:/win7/devkitpro/devkitarm/bin/../lib/gcc/arm-none-eabi/7.1.0/../../../../arm-none-eabi/lib/thumb/ds_arm9_crt0.o (__libnds_exit)
D:/Win7/devkitPro/libnds/lib\libnds9.a(interrupts.o)
                              D:/Win7/devkitPro/libnds/lib\libnds9.a(fifosystem.o) (irqSet)
D:/Win7/devkitPro/libnds/lib\libnds9.a(cpu_clock.o)
                              D:/Win7/devkitPro/libnds/lib\libnds9.a(initSystem.o) (setCpuClock)
D:/Win7/devkitPro/libnds/lib\libnds9.a(IntrWait.o)
                              main.o (swiWaitForVBlank)
D:/Win7/devkitPro/libnds/lib\libnds9.a(mpu_setup.o)
                              d:/win7/devkitpro/devkitarm/bin/../lib/gcc/arm-none-eabi/7.1.0/../../../../arm-none-eabi/lib/thumb/ds_arm9_crt0.o (__libnds_mpu_setup)
D:/Win7/devkitPro/libnds/lib\libnds9.a(swiSoftReset.o)
                              D:/Win7/devkitPro/libnds/lib\libnds9.a(fifosystem.o) (swiSoftReset)
D:/Win7/devkitPro/libnds/lib\libnds9.a(debugprint.o)
                              D:/Win7/devkitPro/libnds/lib\libnds9.a(console.o) (nocashWrite)
D:/Win7/devkitPro/libnds/lib\libnds9.a(interruptDispatcher.o)
                              D:/Win7/devkitPro/libnds/lib\libnds9.a(interrupts.o) (IntrMain)
D:/Win7/devkitPro/libnds/lib\libnds9.a(default_font.bin.o)
                              D:/Win7/devkitPro/libnds/lib\libnds9.a(console.o) (default_font_bin)
D:/Win7/devkitPro/libnds/lib\libnds9.a(trig.o)
                              D:/Win7/devkitPro/libnds/lib\libnds9.a(background.o) (sinLerp)
D:/Win7/devkitPro/libnds/lib\libnds9.a(system.o)
                              D:/Win7/devkitPro/libnds/lib\libnds9.a(initSystem.o) (systemValueHandler)
D:/Win7/devkitPro/libnds/lib\libnds9.a(video.o)
                              D:/Win7/devkitPro/libnds/lib\libnds9.a(initSystem.o) (vramDefault)
D:/Win7/devkitPro/libnds/lib\libnds9.a(timeSupport.o)
                              D:/Win7/devkitPro/libnds/lib\libnds9.a(initSystem.o) (__libnds_gtod)
D:/Win7/devkitPro/libnds/lib\libnds9.a(biosCalls.o)
                              D:/Win7/devkitPro/libnds/lib\libnds9.a(system.o) (swiDelay)
d:/win7/devkitpro/devkitarm/bin/../lib/gcc/arm-none-eabi/7.1.0/thumb\libgcc.a(_divsi3.o)
                              D:/Win7/devkitPro/libnds/lib\libnds9.a(console.o) (__aeabi_idivmod)
d:/win7/devkitpro/devkitarm/bin/../lib/gcc/arm-none-eabi/7.1.0/thumb\libgcc.a(_dvmd_tls.o)
                              d:/win7/devkitpro/devkitarm/bin/../lib/gcc/arm-none-eabi/7.1.0/thumb\libgcc.a(_divsi3.o) (__aeabi_idiv0)
d:/win7/devkitpro/devkitarm/bin/../lib/gcc/arm-none-eabi/7.1.0/../../../../arm-none-eabi/lib/thumb\libg.a(lib_a-bsearch.o)
                              D:/Win7/devkitPro/libnds/lib\libnds9.a(trig.o) (bsearch)
d:/win7/devkitpro/devkitarm/bin/../lib/gcc/arm-none-eabi/7.1.0/../../../../arm-none-eabi/lib/thumb\libg.a(lib_a-exit.o)
                              main.o (exit)
d:/win7/devkitpro/devkitarm/bin/../lib/gcc/arm-none-eabi/7.1.0/../../../../arm-none-eabi/lib/thumb\libg.a(lib_a-impure.o)
                              d:/win7/devkitpro/devkitarm/bin/../lib/gcc/arm-none-eabi/7.1.0/../../../../arm-none-eabi/lib/thumb\libg.a(lib_a-exit.o) (_global_impure_ptr)
d:/win7/devkitpro/devkitarm/bin/../lib/gcc/arm-none-eabi/7.1.0/../../../../arm-none-eabi/lib/thumb\libg.a(lib_a-init.o)
                              d:/win7/devkitpro/devkitarm/bin/../lib/gcc/arm-none-eabi/7.1.0/../../../../arm-none-eabi/lib/thumb/ds_arm9_crt0.o (__libc_init_array)
d:/win7/devkitpro/devkitarm/bin/../lib/gcc/arm-none-eabi/7.1.0/../../../../arm-none-eabi/lib/thumb\libg.a(lib_a-iprintf.o)
                              main.o (iprintf)
d:/win7/devkitpro/devkitarm/bin/../lib/gcc/arm-none-eabi/7.1.0/../../../../arm-none-eabi/lib/thumb\libg.a(lib_a-memcpy-stub.o)
                              D:/Win7/devkitPro/libnds/lib\libnds9.a(console.o) (memcpy)
[...]
Memory Configuration

Name             Origin             Length             Attributes
ewram            0x02000000         0x00380000
dtcm             0x0b000000         0x00004000
vectors          0x01000000         0x00000100
itcm             0x01000100         0x00007f00
*default*        0x00000000         0xffffffff

Linker script and memory map

                0x02380000                __ewram_end = (ORIGIN (ewram) + LENGTH (ewram))
                0x02380000                __eheap_end = (ORIGIN (ewram) + LENGTH (ewram))
                0x0b004000                __dtcm_top = (ORIGIN (dtcm) + LENGTH (dtcm))
                0x0b003ff8                __irq_flags = (__dtcm_top - 0x8)
                0x0b003ffc                __irq_vector = (__dtcm_top - 0x4)
                0x0b003f00                __sp_svc = (__dtcm_top - 0x100)
                0x0b003e00                __sp_irq = (__sp_svc - 0x100)
                0x0b003d00                __sp_usr = (__sp_irq - 0x100)

.secure         0x02000000      0x800
 *(.secure)
 .secure        0x02000000      0x800 D:/Win7/devkitPro/libnds/lib\libnds9.a(securearea.o)
                0x02000000                __secure_area__

.crt0           0x02000800      0x300
                0x02000800                __text_start = .
 *(.crt0)
 .crt0          0x02000800      0x300 d:/win7/devkitpro/devkitarm/bin/../lib/gcc/arm-none-eabi/7.1.0/../../../../arm-none-eabi/lib/thumb/ds_arm9_crt0.o
                0x02000800                _start
                0x02000b00                . = ALIGN (0x4)

.plt
 *(.plt)

.init           0x02000b00        0xc
 *(SORT(.init))
 .init          0x02000b00        0x4 d:/win7/devkitpro/devkitarm/bin/../lib/gcc/arm-none-eabi/7.1.0/thumb/crti.o
                0x02000b00                _init
 .init          0x02000b04        0x8 d:/win7/devkitpro/devkitarm/bin/../lib/gcc/arm-none-eabi/7.1.0/thumb/crtn.o

.text           0x02000b10     0xc800
 *(EXCLUDE_FILE(*.twl* *.vectors* *.itcm*) .text)
 .text          0x02000b10       0x44 main.o
                0x02000b10                action1_1()
                0x02000b34                action1_2()
                0x02000b3c                action1_3()
                0x02000b44                action2_1()
                0x02000b4c                action2_2()
 .text          0x02000b54      0x150 d:/win7/devkitpro/devkitarm/bin/../lib/gcc/arm-none-eabi/7.1.0/thumb\libgcc.a(_divsi3.o)
                0x02000b54                __divsi3
                0x02000b54                __aeabi_idiv
                0x02000c84                __aeabi_idivmod
 .text          0x02000ca4        0x4 d:/win7/devkitpro/devkitarm/bin/../lib/gcc/arm-none-eabi/7.1.0/thumb\libgcc.a(_dvmd_tls.o)
                0x02000ca4                __aeabi_idiv0
                0x02000ca4                __aeabi_ldiv0
 .text          0x02000ca8      0x224 d:/win7/devkitpro/devkitarm/bin/../lib/gcc/arm-none-eabi/7.1.0/../../../../arm-none-eabi/lib/thumb\libg.a(lib_a-strcmp.o)
                0x02000ca8                strcmp
 .text          0x02000ecc      0x11c d:/win7/devkitpro/devkitarm/bin/../lib/gcc/arm-none-eabi/7.1.0/thumb\libgcc.a(_udivsi3.o)
                0x02000ecc                __aeabi_uidiv
                0x02000ecc                __udivsi3
                0x02000fc8                __aeabi_uidivmod
 .text          0x02000fe8       0x3c d:/win7/devkitpro/devkitarm/bin/../lib/gcc/arm-none-eabi/7.1.0/thumb\libgcc.a(_aeabi_uldivmod.o)
                0x02000fe8                __aeabi_uldivmod
 .text          0x02001024       0x28 d:/win7/devkitpro/devkitarm/bin/../lib/gcc/arm-none-eabi/7.1.0/thumb\libgcc.a(_clzdi2.o)
                0x02001024                __clzdi2
 .text          0x0200104c       0x48 d:/win7/devkitpro/devkitarm/bin/../lib/gcc/arm-none-eabi/7.1.0/thumb\libgcc.a(_clzsi2.o)
                0x0200104c                __clzsi2
 *(EXCLUDE_FILE(*.twl* *.vectors* *.itcm*) .stub)
 *(EXCLUDE_FILE(*.twl* *.vectors* *.itcm*) .text.*)
 .text.deregister_tm_clones
                0x02001094       0x2c d:/win7/devkitpro/devkitarm/bin/../lib/gcc/arm-none-eabi/7.1.0/thumb/crtbegin.o
 .text.register_tm_clones
                0x020010c0       0x34 d:/win7/devkitpro/devkitarm/bin/../lib/gcc/arm-none-eabi/7.1.0/thumb/crtbegin.o
 .text.__do_global_dtors_aux
                0x020010f4       0x30 d:/win7/devkitpro/devkitarm/bin/../lib/gcc/arm-none-eabi/7.1.0/thumb/crtbegin.o
 .text.frame_dummy
                0x02001124       0x28 d:/win7/devkitpro/devkitarm/bin/../lib/gcc/arm-none-eabi/7.1.0/thumb/crtbegin.o
 .text.startup  0x0200114c      0x170 main.o
                0x0200114c                main
 .text.scanKeys
                0x020012bc       0x8c D:/Win7/devkitPro/libnds/lib\libnds9.a(keys.o)
                0x020012bc                scanKeys
 .text.keysDown
                0x02001348       0x14 D:/Win7/devkitPro/libnds/lib\libnds9.a(keys.o)
                0x02001348                keysDown
 .text.newRow   0x0200135c       0xbc D:/Win7/devkitPro/libnds/lib\libnds9.a(console.o)
 .text.consolePrintChar
                0x02001418       0xec D:/Win7/devkitPro/libnds/lib\libnds9.a(console.o)
                0x02001418                consolePrintChar
 .text.consoleCls
                0x02001504       0xec D:/Win7/devkitPro/libnds/lib\libnds9.a(console.o)
 .text.consoleLoadFont
                0x020015f0      0x270 D:/Win7/devkitPro/libnds/lib\libnds9.a(console.o)
                0x020015f0                consoleLoadFont
 .text.consoleInit
                0x02001860      0x15c D:/Win7/devkitPro/libnds/lib\libnds9.a(console.o)
                0x02001860                consoleInit
 .text.consoleDemoInit
                0x020019bc       0x40 D:/Win7/devkitPro/libnds/lib\libnds9.a(console.o)
                0x020019bc                consoleDemoInit
 .text.con_write
                0x020019fc      0x288 D:/Win7/devkitPro/libnds/lib\libnds9.a(console.o)
                0x020019fc                con_write
 .text.consoleClear
                0x02001c84       0x10 D:/Win7/devkitPro/libnds/lib\libnds9.a(console.o)
                0x02001c84                consoleClear
 .text.checkIfText.part.0
                0x02001c94       0x3c D:/Win7/devkitPro/libnds/lib\libnds9.a(background.o)
 .text.bgUpdate
                0x02001cd0       0xec D:/Win7/devkitPro/libnds/lib\libnds9.a(background.o)
                0x02001cd0                bgUpdate
 .text.bgInit_call
                0x02001dbc       0xbc D:/Win7/devkitPro/libnds/lib\libnds9.a(background.o)
                0x02001dbc                bgInit_call
 .text.bgInitSub_call
                0x02001e78       0xc4 D:/Win7/devkitPro/libnds/lib\libnds9.a(background.o)
                0x02001e78                bgInitSub_call
 .text.initSystem
                0x02001f3c      0x194 D:/Win7/devkitPro/libnds/lib\libnds9.a(initSystem.o)
                0x02001f3c                initSystem
 .text.__timeoutvbl
                0x020020d0       0x10 D:/Win7/devkitPro/libnds/lib\libnds9.a(fifosystem.o)
 .text.fifo_allocBlock.part.0
                0x020020e0       0x34 D:/Win7/devkitPro/libnds/lib\libnds9.a(fifosystem.o)
 .text.fifo_waitBlock
                0x02002114       0x48 D:/Win7/devkitPro/libnds/lib\libnds9.a(fifosystem.o)
 .text.fifo_queueBlock
                0x0200215c       0x44 D:/Win7/devkitPro/libnds/lib\libnds9.a(fifosystem.o)
 .text.fifoInternalSendInterrupt
                0x020021a0       0xac D:/Win7/devkitPro/libnds/lib\libnds9.a(fifosystem.o)
 .text.fifoInternalSend.part.3
                0x0200224c       0xd4 D:/Win7/devkitPro/libnds/lib\libnds9.a(fifosystem.o)
 .text.fifoGetValue32.part.4
                0x02002320       0x74 D:/Win7/devkitPro/libnds/lib\libnds9.a(fifosystem.o)
 .text.fifoSetValue32Handler
                0x02002394       0x74 D:/Win7/devkitPro/libnds/lib\libnds9.a(fifosystem.o)
                0x02002394                fifoSetValue32Handler
 .text.fifoSendValue32
                0x02002408       0x4c D:/Win7/devkitPro/libnds/lib\libnds9.a(fifosystem.o)
                0x02002408                fifoSendValue32
 .text.fifoGetDatamsg
                0x02002454      0x140 D:/Win7/devkitPro/libnds/lib\libnds9.a(fifosystem.o)
                0x02002454                fifoGetDatamsg
 .text.fifoInternalRecvInterrupt
                0x02002594      0x3a0 D:/Win7/devkitPro/libnds/lib\libnds9.a(fifosystem.o)
 .text.fifoSetDatamsgHandler
                0x02002934       0x9c D:/Win7/devkitPro/libnds/lib\libnds9.a(fifosystem.o)
                0x02002934                fifoSetDatamsgHandler
 .text.fifoInit
                0x020029d0      0x1cc D:/Win7/devkitPro/libnds/lib\libnds9.a(fifosystem.o)
                0x020029d0                fifoInit
 .text.systemErrorExit
                0x02002b9c        0x4 D:/Win7/devkitPro/libnds/lib\libnds9.a(libnds_exit.arm.o)
                0x02002b9c                systemErrorExit
 .text.__libnds_exit
                0x02002ba0       0x5c D:/Win7/devkitPro/libnds/lib\libnds9.a(libnds_exit.arm.o)
                0x02002ba0                __libnds_exit
 .text.irqDummy
                0x02002bfc        0x4 D:/Win7/devkitPro/libnds/lib\libnds9.a(interrupts.o)
                0x02002bfc                irqDummy
 .text.irqSet   0x02002c00       0x6c D:/Win7/devkitPro/libnds/lib\libnds9.a(interrupts.o)
                0x02002c00                irqSet
 .text.irqInit  0x02002c6c       0x50 D:/Win7/devkitPro/libnds/lib\libnds9.a(interrupts.o)
                0x02002c6c                irqInit
 .text.irqEnable
                0x02002cbc       0x64 D:/Win7/devkitPro/libnds/lib\libnds9.a(interrupts.o)
                0x02002cbc                irqEnable
 .text.irqDisable
                0x02002d20       0x64 D:/Win7/devkitPro/libnds/lib\libnds9.a(interrupts.o)
                0x02002d20                irqDisable
 .text.setCpuClock
                0x02002d84       0x50 D:/Win7/devkitPro/libnds/lib\libnds9.a(cpu_clock.o)
                0x02002d84                setCpuClock
 .text.swiWaitForVBlank
                0x02002dd4        0x8 D:/Win7/devkitPro/libnds/lib\libnds9.a(IntrWait.o)
                0x02002dd4                swiWaitForVBlank
 .text.swiIntrWait
                0x02002ddc       0x64 D:/Win7/devkitPro/libnds/lib\libnds9.a(IntrWait.o)
                0x02002ddc                swiIntrWait
 .text.__libnds_mpu_setup
                0x02002e40      0x174 D:/Win7/devkitPro/libnds/lib\libnds9.a(mpu_setup.o)
                0x02002e40                __libnds_mpu_setup
 .text.memUncached
                0x02002fb4       0x20 D:/Win7/devkitPro/libnds/lib\libnds9.a(mpu_setup.o)
                0x02002fb4                memUncached
 .text.swiSoftReset
                0x02002fd4       0x2c D:/Win7/devkitPro/libnds/lib\libnds9.a(swiSoftReset.o)
                0x02002fd4                swiSoftReset
 .text.sinLerp  0x02003000       0xa0 D:/Win7/devkitPro/libnds/lib\libnds9.a(trig.o)
                0x02003000                sinLerp
 .text.cosLerp  0x020030a0       0x14 D:/Win7/devkitPro/libnds/lib\libnds9.a(trig.o)
                0x020030a0                cosLerp
 .text.systemValueHandler
                0x020030b4       0x48 D:/Win7/devkitPro/libnds/lib\libnds9.a(system.o)
                0x020030b4                systemValueHandler
 .text.systemMsgHandler
                0x020030fc       0x5c D:/Win7/devkitPro/libnds/lib\libnds9.a(system.o)
                0x020030fc                systemMsgHandler
 .text.powerOn  0x02003158       0x2c D:/Win7/devkitPro/libnds/lib\libnds9.a(system.o)
                0x02003158                powerOn
 .text.vramDefault
                0x02003184       0xd0 D:/Win7/devkitPro/libnds/lib\libnds9.a(video.o)
                0x02003184                vramDefault
 .text.__libnds_gtod
                0x02003254       0x24 D:/Win7/devkitPro/libnds/lib\libnds9.a(timeSupport.o)
                0x02003254                __libnds_gtod
 .text.swiDelay
                0x02003278        0x4 D:/Win7/devkitPro/libnds/lib\libnds9.a(biosCalls.o)
                0x02003278                swiDelay
 .text.exit     0x0200327c       0x28 d:/win7/devkitpro/devkitarm/bin/../lib/gcc/arm-none-eabi/7.1.0/../../../../arm-none-eabi/lib/thumb\libg.a(lib_a-exit.o)
                0x0200327c                exit
 .text.__libc_init_array
                0x020032a4       0x54 d:/win7/devkitpro/devkitarm/bin/../lib/gcc/arm-none-eabi/7.1.0/../../../../arm-none-eabi/lib/thumb\libg.a(lib_a-init.o)
                0x020032a4                __libc_init_array
 .text.iprintf  0x020032f8       0x24 d:/win7/devkitpro/devkitarm/bin/../lib/gcc/arm-none-eabi/7.1.0/../../../../arm-none-eabi/lib/thumb\libg.a(lib_a-iprintf.o)
                0x020032f8                iprintf
 .text.memcpy   0x0200331c       0x8c d:/win7/devkitpro/devkitarm/bin/../lib/gcc/arm-none-eabi/7.1.0/../../../../arm-none-eabi/lib/thumb\libg.a(lib_a-memcpy-stub.o)
                0x0200331c                memcpy
 .text.memset   0x020033a8       0xa4 d:/win7/devkitpro/devkitarm/bin/../lib/gcc/arm-none-eabi/7.1.0/../../../../arm-none-eabi/lib/thumb\libg.a(lib_a-memset.o)
                0x020033a8                memset
 .text.setvbuf  0x0200344c      0x194 d:/win7/devkitpro/devkitarm/bin/../lib/gcc/arm-none-eabi/7.1.0/../../../../arm-none-eabi/lib/thumb\libg.a(lib_a-setvbuf.o)
                0x0200344c                setvbuf
 .text.siscanf  0x020035e0       0x4c d:/win7/devkitpro/devkitarm/bin/../lib/gcc/arm-none-eabi/7.1.0/../../../../arm-none-eabi/lib/thumb\libg.a(lib_a-siscanf.o)
                0x020035e0                siscanf
 .text.__sread  0x0200362c       0x34 d:/win7/devkitpro/devkitarm/bin/../lib/gcc/arm-none-eabi/7.1.0/../../../../arm-none-eabi/lib/thumb\libg.a(lib_a-stdio.o)
                0x0200362c                __sread
 .text.__seofread
                0x02003660        0x4 d:/win7/devkitpro/devkitarm/bin/../lib/gcc/arm-none-eabi/7.1.0/../../../../arm-none-eabi/lib/thumb\libg.a(lib_a-stdio.o)
                0x02003660                __seofread
 .text.__swrite
                0x02003664       0x48 d:/win7/devkitpro/devkitarm/bin/../lib/gcc/arm-none-eabi/7.1.0/../../../../arm-none-eabi/lib/thumb\libg.a(lib_a-stdio.o)
                0x02003664                __swrite
 .text.__sseek  0x020036ac       0x40 d:/win7/devkitpro/devkitarm/bin/../lib/gcc/arm-none-eabi/7.1.0/../../../../arm-none-eabi/lib/thumb\libg.a(lib_a-stdio.o)
                0x020036ac                __sseek
 .text.__sclose
                0x020036ec       0x10 d:/win7/devkitpro/devkitarm/bin/../lib/gcc/arm-none-eabi/7.1.0/../../../../arm-none-eabi/lib/thumb\libg.a(lib_a-stdio.o)
                0x020036ec                __sclose
 .text.strlen   0x020036fc       0x68 d:/win7/devkitpro/devkitarm/bin/../lib/gcc/arm-none-eabi/7.1.0/../../../../arm-none-eabi/lib/thumb\libg.a(lib_a-strlen-stub.o)
                0x020036fc                strlen
 .text._sungetc_r
                0x02003764       0x88 d:/win7/devkitpro/devkitarm/bin/../lib/gcc/arm-none-eabi/7.1.0/../../../../arm-none-eabi/lib/thumb\libg.a(lib_a-svfiscanf.o)
                0x02003764                _sungetc_r
 .text.__ssrefill_r
                0x020037ec       0x44 d:/win7/devkitpro/devkitarm/bin/../lib/gcc/arm-none-eabi/7.1.0/../../../../arm-none-eabi/lib/thumb\libg.a(lib_a-svfiscanf.o)
                0x020037ec                __ssrefill_r
 .text._sfread_r
                0x02003830       0x90 d:/win7/devkitpro/devkitarm/bin/../lib/gcc/arm-none-eabi/7.1.0/../../../../arm-none-eabi/lib/thumb\libg.a(lib_a-svfiscanf.o)
                0x02003830                _sfread_r
 .text.__ssvfiscanf_r
                0x020038c0     0x1344 d:/win7/devkitpro/devkitarm/bin/../lib/gcc/arm-none-eabi/7.1.0/../../../../arm-none-eabi/lib/thumb\libg.a(lib_a-svfiscanf.o)
                0x020038c0                __ssvfiscanf_r
 .text.__submore
                0x02004c04       0x88 d:/win7/devkitpro/devkitarm/bin/../lib/gcc/arm-none-eabi/7.1.0/../../../../arm-none-eabi/lib/thumb\libg.a(lib_a-ungetc.o)
                0x02004c04                __submore
 .text.get_arg  0x02004c8c     0x3b24 d:/win7/devkitpro/devkitarm/bin/../lib/gcc/arm-none-eabi/7.1.0/../../../../arm-none-eabi/lib/thumb\libg.a(lib_a-vfiprintf.o)
 .text.__sprint_r.part.0
                0x020087b0       0x14 d:/win7/devkitpro/devkitarm/bin/../lib/gcc/arm-none-eabi/7.1.0/../../../../arm-none-eabi/lib/thumb\libg.a(lib_a-vfiprintf.o)
 .text._vfiprintf_r
                0x020087c4     0x1c48 d:/win7/devkitpro/devkitarm/bin/../lib/gcc/arm-none-eabi/7.1.0/../../../../arm-none-eabi/lib/thumb\libg.a(lib_a-vfiprintf.o)
                0x020087c4                _vfiprintf_r
 .text.__sbprintf
                0x0200a40c       0x8c d:/win7/devkitpro/devkitarm/bin/../lib/gcc/arm-none-eabi/7.1.0/../../../../arm-none-eabi/lib/thumb\libg.a(lib_a-vfiprintf.o)
 .text._wcrtomb_r
                0x0200a498       0x84 d:/win7/devkitpro/devkitarm/bin/../lib/gcc/arm-none-eabi/7.1.0/../../../../arm-none-eabi/lib/thumb\libg.a(lib_a-wcrtomb.o)
                0x0200a498                _wcrtomb_r
 .text._wcsrtombs_r
                0x0200a51c       0x1c d:/win7/devkitpro/devkitarm/bin/../lib/gcc/arm-none-eabi/7.1.0/../../../../arm-none-eabi/lib/thumb\libg.a(lib_a-wcsrtombs.o)
                0x0200a51c                _wcsrtombs_r
 .text.__swsetup_r
                0x0200a538       0xd8 d:/win7/devkitpro/devkitarm/bin/../lib/gcc/arm-none-eabi/7.1.0/../../../../arm-none-eabi/lib/thumb\libg.a(lib_a-wsetup.o)
                0x0200a538                __swsetup_r
 .text.__call_exitprocs
                0x0200a610      0x11c d:/win7/devkitpro/devkitarm/bin/../lib/gcc/arm-none-eabi/7.1.0/../../../../arm-none-eabi/lib/thumb\libg.a(lib_a-__call_atexit.o)
                0x0200a610                __call_exitprocs
 .text.__sflush_r
                0x0200a72c      0x19c d:/win7/devkitpro/devkitarm/bin/../lib/gcc/arm-none-eabi/7.1.0/../../../../arm-none-eabi/lib/thumb\libg.a(lib_a-fflush.o)
                0x0200a72c                __sflush_r
 .text._fflush_r
                0x0200a8c8       0x58 d:/win7/devkitpro/devkitarm/bin/../lib/gcc/arm-none-eabi/7.1.0/../../../../arm-none-eabi/lib/thumb\libg.a(lib_a-fflush.o)
                0x0200a8c8                _fflush_r
 .text._cleanup_r
                0x0200a920       0x14 d:/win7/devkitpro/devkitarm/bin/../lib/gcc/arm-none-eabi/7.1.0/../../../../arm-none-eabi/lib/thumb\libg.a(lib_a-findfp.o)
                0x0200a920                _cleanup_r
 .text.std.isra.0
                0x0200a934       0x54 d:/win7/devkitpro/devkitarm/bin/../lib/gcc/arm-none-eabi/7.1.0/../../../../arm-none-eabi/lib/thumb\libg.a(lib_a-findfp.o)
 .text.__sinit  0x0200a988       0x64 d:/win7/devkitpro/devkitarm/bin/../lib/gcc/arm-none-eabi/7.1.0/../../../../arm-none-eabi/lib/thumb\libg.a(lib_a-findfp.o)
                0x0200a988                __sinit
 .text.__sfp_lock_acquire
                0x0200a9ec       0x14 d:/win7/devkitpro/devkitarm/bin/../lib/gcc/arm-none-eabi/7.1.0/../../../../arm-none-eabi/lib/thumb\libg.a(lib_a-findfp.o)
                0x0200a9ec                __sfp_lock_acquire
 .text.__sfp_lock_release
                0x0200aa00       0x14 d:/win7/devkitpro/devkitarm/bin/../lib/gcc/arm-none-eabi/7.1.0/../../../../arm-none-eabi/lib/thumb\libg.a(lib_a-findfp.o)
                0x0200aa00                __sfp_lock_release
 .text._malloc_trim_r
                0x0200aa14       0xa4 d:/win7/devkitpro/devkitarm/bin/../lib/gcc/arm-none-eabi/7.1.0/../../../../arm-none-eabi/lib/thumb\libg.a(lib_a-freer.o)
                0x0200aa14                _malloc_trim_r
 .text._free_r  0x0200aab8      0x1d8 d:/win7/devkitpro/devkitarm/bin/../lib/gcc/arm-none-eabi/7.1.0/../../../../arm-none-eabi/lib/thumb\libg.a(lib_a-freer.o)
                0x0200aab8                _free_r
 .text.__sfvwrite_r
                0x0200ac90      0x328 d:/win7/devkitpro/devkitarm/bin/../lib/gcc/arm-none-eabi/7.1.0/../../../../arm-none-eabi/lib/thumb\libg.a(lib_a-fvwrite.o)
                0x0200ac90                __sfvwrite_r
 .text._fwalk_reent
                0x0200afb8       0x54 d:/win7/devkitpro/devkitarm/bin/../lib/gcc/arm-none-eabi/7.1.0/../../../../arm-none-eabi/lib/thumb\libg.a(lib_a-fwalk.o)
                0x0200afb8                _fwalk_reent
 .text.iswspace
                0x0200b00c       0x78 d:/win7/devkitpro/devkitarm/bin/../lib/gcc/arm-none-eabi/7.1.0/../../../../arm-none-eabi/lib/thumb\libg.a(lib_a-iswspace.o)
                0x0200b00c                iswspace
 .text.__jp2uc  0x0200b084      0x1a0 d:/win7/devkitpro/devkitarm/bin/../lib/gcc/arm-none-eabi/7.1.0/../../../../arm-none-eabi/lib/thumb\libg.a(lib_a-jp2uc.o)
 .text._jp2uc   0x0200b224       0x8c d:/win7/devkitpro/devkitarm/bin/../lib/gcc/arm-none-eabi/7.1.0/../../../../arm-none-eabi/lib/thumb\libg.a(lib_a-jp2uc.o)
                0x0200b224                _jp2uc
 .text._localeconv_r
                0x0200b2b0       0x1c d:/win7/devkitpro/devkitarm/bin/../lib/gcc/arm-none-eabi/7.1.0/../../../../arm-none-eabi/lib/thumb\libg.a(lib_a-localeconv.o)
                0x0200b2b0                _localeconv_r
 .text.__locale_mb_cur_max
                0x0200b2cc       0x20 d:/win7/devkitpro/devkitarm/bin/../lib/gcc/arm-none-eabi/7.1.0/../../../../arm-none-eabi/lib/thumb\libg.a(lib_a-locale.o)
                0x0200b2cc                __locale_mb_cur_max
 .text.__locale_ctype_ptr_l
                0x0200b2ec        0x8 d:/win7/devkitpro/devkitarm/bin/../lib/gcc/arm-none-eabi/7.1.0/../../../../arm-none-eabi/lib/thumb\libg.a(lib_a-locale.o)
                0x0200b2ec                __locale_ctype_ptr_l
 .text.__locale_ctype_ptr
                0x0200b2f4       0x1c d:/win7/devkitpro/devkitarm/bin/../lib/gcc/arm-none-eabi/7.1.0/../../../../arm-none-eabi/lib/thumb\libg.a(lib_a-locale.o)
                0x0200b2f4                __locale_ctype_ptr
 .text.__swhatbuf_r
                0x0200b310       0x64 d:/win7/devkitpro/devkitarm/bin/../lib/gcc/arm-none-eabi/7.1.0/../../../../arm-none-eabi/lib/thumb\libg.a(lib_a-makebuf.o)
                0x0200b310                __swhatbuf_r
 .text.__smakebuf_r
                0x0200b374       0x98 d:/win7/devkitpro/devkitarm/bin/../lib/gcc/arm-none-eabi/7.1.0/../../../../arm-none-eabi/lib/thumb\libg.a(lib_a-makebuf.o)
                0x0200b374                __smakebuf_r
 .text.malloc   0x0200b40c       0x14 d:/win7/devkitpro/devkitarm/bin/../lib/gcc/arm-none-eabi/7.1.0/../../../../arm-none-eabi/lib/thumb\libg.a(lib_a-malloc.o)
                0x0200b40c                malloc
 .text.free     0x0200b420       0x14 d:/win7/devkitpro/devkitarm/bin/../lib/gcc/arm-none-eabi/7.1.0/../../../../arm-none-eabi/lib/thumb\libg.a(lib_a-malloc.o)
                0x0200b420                free
 .text._malloc_r
                0x0200b434      0x56c d:/win7/devkitpro/devkitarm/bin/../lib/gcc/arm-none-eabi/7.1.0/../../../../arm-none-eabi/lib/thumb\libg.a(lib_a-mallocr.o)
                0x0200b434                _malloc_r
 .text._mbrtowc_r
                0x0200b9a0       0x94 d:/win7/devkitpro/devkitarm/bin/../lib/gcc/arm-none-eabi/7.1.0/../../../../arm-none-eabi/lib/thumb\libg.a(lib_a-mbrtowc.o)
                0x0200b9a0                _mbrtowc_r
 .text.__utf8_mbtowc
                0x0200ba34      0x28c d:/win7/devkitpro/devkitarm/bin/../lib/gcc/arm-none-eabi/7.1.0/../../../../arm-none-eabi/lib/thumb\libg.a(lib_a-mbtowc_r.o)
                0x0200ba34                __utf8_mbtowc
 .text.memchr   0x0200bcc0       0x84 d:/win7/devkitpro/devkitarm/bin/../lib/gcc/arm-none-eabi/7.1.0/../../../../arm-none-eabi/lib/thumb\libg.a(lib_a-memchr-stub.o)
                0x0200bcc0                memchr
 .text.memmove  0x0200bd44       0xa0 d:/win7/devkitpro/devkitarm/bin/../lib/gcc/arm-none-eabi/7.1.0/../../../../arm-none-eabi/lib/thumb\libg.a(lib_a-memmove.o)
                0x0200bd44                memmove
 .text.__malloc_lock
                0x0200bde4       0x14 d:/win7/devkitpro/devkitarm/bin/../lib/gcc/arm-none-eabi/7.1.0/../../../../arm-none-eabi/lib/thumb\libg.a(lib_a-mlock.o)
                0x0200bde4                __malloc_lock
 .text.__malloc_unlock
                0x0200bdf8       0x14 d:/win7/devkitpro/devkitarm/bin/../lib/gcc/arm-none-eabi/7.1.0/../../../../arm-none-eabi/lib/thumb\libg.a(lib_a-mlock.o)
                0x0200bdf8                __malloc_unlock
 .text._realloc_r
                0x0200be0c      0x3c4 d:/win7/devkitpro/devkitarm/bin/../lib/gcc/arm-none-eabi/7.1.0/../../../../arm-none-eabi/lib/thumb\libg.a(lib_a-reallocr.o)
                0x0200be0c                _realloc_r
 .text.__sccl   0x0200c1d0       0x7c d:/win7/devkitpro/devkitarm/bin/../lib/gcc/arm-none-eabi/7.1.0/../../../../arm-none-eabi/lib/thumb\libg.a(lib_a-sccl.o)
                0x0200c1d0                __sccl
 .text.strncpy  0x0200c24c       0x90 d:/win7/devkitpro/devkitarm/bin/../lib/gcc/arm-none-eabi/7.1.0/../../../../arm-none-eabi/lib/thumb\libg.a(lib_a-strncpy.o)
                0x0200c24c                strncpy
 .text._strtoll_l.isra.0
                0x0200c2dc      0x1bc d:/win7/devkitpro/devkitarm/bin/../lib/gcc/arm-none-eabi/7.1.0/../../../../arm-none-eabi/lib/thumb\libg.a(lib_a-strtoll.o)
 .text._strtoll_r
                0x0200c498       0x34 d:/win7/devkitpro/devkitarm/bin/../lib/gcc/arm-none-eabi/7.1.0/../../../../arm-none-eabi/lib/thumb\libg.a(lib_a-strtoll.o)
                0x0200c498                _strtoll_r
 .text._strtol_l.isra.0
                0x0200c4cc      0x140 d:/win7/devkitpro/devkitarm/bin/../lib/gcc/arm-none-eabi/7.1.0/../../../../arm-none-eabi/lib/thumb\libg.a(lib_a-strtol.o)
 .text._strtol_r
                0x0200c60c       0x34 d:/win7/devkitpro/devkitarm/bin/../lib/gcc/arm-none-eabi/7.1.0/../../../../arm-none-eabi/lib/thumb\libg.a(lib_a-strtol.o)
                0x0200c60c                _strtol_r
 .text._strtoull_l.isra.0
                0x0200c640      0x1c8 d:/win7/devkitpro/devkitarm/bin/../lib/gcc/arm-none-eabi/7.1.0/../../../../arm-none-eabi/lib/thumb\libg.a(lib_a-strtoull.o)
 .text._strtoull_r
                0x0200c808       0x34 d:/win7/devkitpro/devkitarm/bin/../lib/gcc/arm-none-eabi/7.1.0/../../../../arm-none-eabi/lib/thumb\libg.a(lib_a-strtoull.o)
                0x0200c808                _strtoull_r
 .text._strtoul_l.isra.0
                0x0200c83c      0x14c d:/win7/devkitpro/devkitarm/bin/../lib/gcc/arm-none-eabi/7.1.0/../../../../arm-none-eabi/lib/thumb\libg.a(lib_a-strtoul.o)
 .text._strtoul_r
                0x0200c988       0x34 d:/win7/devkitpro/devkitarm/bin/../lib/gcc/arm-none-eabi/7.1.0/../../../../arm-none-eabi/lib/thumb\libg.a(lib_a-strtoul.o)
                0x0200c988                _strtoul_r
 .text._wcsnrtombs_l
                0x0200c9bc      0x110 d:/win7/devkitpro/devkitarm/bin/../lib/gcc/arm-none-eabi/7.1.0/../../../../arm-none-eabi/lib/thumb\libg.a(lib_a-wcsnrtombs.o)
                0x0200c9bc                _wcsnrtombs_l
 .text._wcsnrtombs_r
                0x0200cacc       0x40 d:/win7/devkitpro/devkitarm/bin/../lib/gcc/arm-none-eabi/7.1.0/../../../../arm-none-eabi/lib/thumb\libg.a(lib_a-wcsnrtombs.o)
                0x0200cacc                _wcsnrtombs_r
 .text.__utf8_wctomb
                0x0200cb0c       0xbc d:/win7/devkitpro/devkitarm/bin/../lib/gcc/arm-none-eabi/7.1.0/../../../../arm-none-eabi/lib/thumb\libg.a(lib_a-wctomb_r.o)
                0x0200cb0c                __utf8_wctomb
 .text._fclose_r
                0x0200cbc8       0xe0 d:/win7/devkitpro/devkitarm/bin/../lib/gcc/arm-none-eabi/7.1.0/../../../../arm-none-eabi/lib/thumb\libg.a(lib_a-fclose.o)
                0x0200cbc8                _fclose_r
 .text.null_write
                0x0200cca8        0x4 d:/win7/devkitpro/devkitarm/bin/../lib/gcc/arm-none-eabi/7.1.0/../../../../arm-none-eabi/lib/thumb\libsysbase.a(iosupport.o)
 .text._close_r
                0x0200ccac       0x5c d:/win7/devkitpro/devkitarm/bin/../lib/gcc/arm-none-eabi/7.1.0/../../../../arm-none-eabi/lib/thumb\libsysbase.a(close.o)
                0x0200ccac                _close_r
 .text._fstat_r
                0x0200cd08       0x4c d:/win7/devkitpro/devkitarm/bin/../lib/gcc/arm-none-eabi/7.1.0/../../../../arm-none-eabi/lib/thumb\libsysbase.a(fstat.o)
                0x0200cd08                _fstat_r
 .text._isatty_r
                0x0200cd54        0x4 d:/win7/devkitpro/devkitarm/bin/../lib/gcc/arm-none-eabi/7.1.0/../../../../arm-none-eabi/lib/thumb\libsysbase.a(isatty.o)
                0x0200cd54                _isatty_r
 .text._lseek_r
                0x0200cd58       0x5c d:/win7/devkitpro/devkitarm/bin/../lib/gcc/arm-none-eabi/7.1.0/../../../../arm-none-eabi/lib/thumb\libsysbase.a(lseek.o)
                0x0200cd58                _lseek_r
 .text._read_r  0x0200cdb4       0x50 d:/win7/devkitpro/devkitarm/bin/../lib/gcc/arm-none-eabi/7.1.0/../../../../arm-none-eabi/lib/thumb\libsysbase.a(read.o)
                0x0200cdb4                _read_r
 .text._sbrk_r  0x0200ce04       0x54 d:/win7/devkitpro/devkitarm/bin/../lib/gcc/arm-none-eabi/7.1.0/../../../../arm-none-eabi/lib/thumb\libsysbase.a(sbrk.o)
                0x0200ce04                _sbrk_r
 .text._write_r
                0x0200ce58       0x50 d:/win7/devkitpro/devkitarm/bin/../lib/gcc/arm-none-eabi/7.1.0/../../../../arm-none-eabi/lib/thumb\libsysbase.a(write.o)
                0x0200ce58                _write_r
 .text._exit    0x0200cea8       0x18 d:/win7/devkitpro/devkitarm/bin/../lib/gcc/arm-none-eabi/7.1.0/../../../../arm-none-eabi/lib/thumb\libsysbase.a(_exit.o)
                0x0200cea8                _exit
 .text.build_argv
                0x0200cec0       0x4c d:/win7/devkitpro/devkitarm/bin/../lib/gcc/arm-none-eabi/7.1.0/../../../../arm-none-eabi/lib/thumb\libsysbase.a(build_argv.o)
                0x0200cec0                build_argv
 .text.__flockfile
                0x0200cf0c       0x10 d:/win7/devkitpro/devkitarm/bin/../lib/gcc/arm-none-eabi/7.1.0/../../../../arm-none-eabi/lib/thumb\libsysbase.a(flock.o)
                0x0200cf0c                __flockfile
 .text.__funlockfile
                0x0200cf1c       0x10 d:/win7/devkitpro/devkitarm/bin/../lib/gcc/arm-none-eabi/7.1.0/../../../../arm-none-eabi/lib/thumb\libsysbase.a(flock.o)
                0x0200cf1c                __funlockfile
 .text.__libc_lock_acquire
                0x0200cf2c       0x1c d:/win7/devkitpro/devkitarm/bin/../lib/gcc/arm-none-eabi/7.1.0/../../../../arm-none-eabi/lib/thumb\libsysbase.a(syscall_support.o)
                0x0200cf2c                __libc_lock_acquire
 .text.__libc_lock_release
                0x0200cf48       0x1c d:/win7/devkitpro/devkitarm/bin/../lib/gcc/arm-none-eabi/7.1.0/../../../../arm-none-eabi/lib/thumb\libsysbase.a(syscall_support.o)
                0x0200cf48                __libc_lock_release
 .text.__libc_lock_init_recursive
                0x0200cf64       0x1c d:/win7/devkitpro/devkitarm/bin/../lib/gcc/arm-none-eabi/7.1.0/../../../../arm-none-eabi/lib/thumb\libsysbase.a(syscall_support.o)
                0x0200cf64                __libc_lock_init_recursive
 .text.__libc_lock_acquire_recursive
                0x0200cf80       0x1c d:/win7/devkitpro/devkitarm/bin/../lib/gcc/arm-none-eabi/7.1.0/../../../../arm-none-eabi/lib/thumb\libsysbase.a(syscall_support.o)
                0x0200cf80                __libc_lock_acquire_recursive
 .text.__libc_lock_release_recursive
                0x0200cf9c       0x1c d:/win7/devkitpro/devkitarm/bin/../lib/gcc/arm-none-eabi/7.1.0/../../../../arm-none-eabi/lib/thumb\libsysbase.a(syscall_support.o)
                0x0200cf9c                __libc_lock_release_recursive
 .text.__libc_lock_close_recursive
                0x0200cfb8       0x1c d:/win7/devkitpro/devkitarm/bin/../lib/gcc/arm-none-eabi/7.1.0/../../../../arm-none-eabi/lib/thumb\libsysbase.a(syscall_support.o)
                0x0200cfb8                __libc_lock_close_recursive
 .text.__release_handle
                0x0200cfd4       0x6c d:/win7/devkitpro/devkitarm/bin/../lib/gcc/arm-none-eabi/7.1.0/../../../../arm-none-eabi/lib/thumb\libsysbase.a(handle_manager.o)
                0x0200cfd4                __release_handle
 .text.__get_handle
                0x0200d040       0x1c d:/win7/devkitpro/devkitarm/bin/../lib/gcc/arm-none-eabi/7.1.0/../../../../arm-none-eabi/lib/thumb\libsysbase.a(handle_manager.o)
                0x0200d040                __get_handle
 .text.__getreent
                0x0200d05c       0x28 d:/win7/devkitpro/devkitarm/bin/../lib/gcc/arm-none-eabi/7.1.0/../../../../arm-none-eabi/lib/thumb\libsysbase.a(getreent.o)
                0x0200d05c                __getreent
 .text.__muldi3
                0x0200d084       0x60 d:/win7/devkitpro/devkitarm/bin/../lib/gcc/arm-none-eabi/7.1.0/thumb\libgcc.a(_muldi3.o)
                0x0200d084                __muldi3
                0x0200d084                __aeabi_lmul
 .text.__udivmoddi4
                0x0200d0e4      0x188 d:/win7/devkitpro/devkitarm/bin/../lib/gcc/arm-none-eabi/7.1.0/thumb\libgcc.a(_udivmoddi4.o)
                0x0200d0e4                __udivmoddi4
 *fill*         0x0200d26c        0x4 ff
 .text.__udivmoddi4.__stub
                0x0200d270       0x90 linker stubs
 *(EXCLUDE_FILE(*.twl*) .gnu.warning)
 *(EXCLUDE_FILE(*.twl*) .gnu.linkonce.t*)
 *(.glue_7)
 .glue_7        0x0200d310        0x0 linker stubs
 *(.glue_7t)
 .glue_7t       0x0200d310        0x0 linker stubs
                0x0200d310                . = ALIGN (0x4)

.vfp11_veneer   0x0200d310        0x0
 .vfp11_veneer  0x0200d310        0x0 linker stubs

.v4_bx          0x0200d310        0x0
 .v4_bx         0x0200d310        0x0 linker stubs

.iplt           0x0200d310        0x0
 .iplt          0x0200d310        0x0 d:/win7/devkitpro/devkitarm/bin/../lib/gcc/arm-none-eabi/7.1.0/../../../../arm-none-eabi/lib/thumb/ds_arm9_crt0.o

.fini           0x0200d310        0xc
 *(.fini)
 .fini          0x0200d310        0x4 d:/win7/devkitpro/devkitarm/bin/../lib/gcc/arm-none-eabi/7.1.0/thumb/crti.o
                0x0200d310                _fini
 .fini          0x0200d314        0x8 d:/win7/devkitpro/devkitarm/bin/../lib/gcc/arm-none-eabi/7.1.0/thumb/crtn.o
                0x0200d31c                __text_end = .

.rodata         0x0200d31c     0xb064
 *(EXCLUDE_FILE(*.twl*) .rodata)
 .rodata        0x0200d31c     0x2004 D:/Win7/devkitPro/libnds/lib\libnds9.a(default_font.bin.o)
                0x0200d31c                default_font_bin
                0x0200f31c                default_font_bin_size
                0x0200f31c                default_font_bin_end
 *all.rodata*(*)
 *(EXCLUDE_FILE(*.twl*) .roda)
 *(EXCLUDE_FILE(*.twl*) .rodata.*)
 .rodata.str1.4
                0x0200f320       0xa7 main.o
 *fill*         0x0200f3c7        0x1 ff
 .rodata.con_write
                0x0200f3c8       0xd4 D:/Win7/devkitPro/libnds/lib\libnds9.a(console.o)
 .rodata.con_write.str1.4
                0x0200f49c       0x30 D:/Win7/devkitPro/libnds/lib\libnds9.a(console.o)
 .rodata.consoleClear.str1.4
                0x0200f4cc        0x5 D:/Win7/devkitPro/libnds/lib\libnds9.a(console.o)
 *fill*         0x0200f4d1        0x3 ff
 .rodata.dotab_stdout
                0x0200f4d4       0x68 D:/Win7/devkitPro/libnds/lib\libnds9.a(console.o)
 .rodata.str1.4
                0x0200f53c       0x14 D:/Win7/devkitPro/libnds/lib\libnds9.a(console.o)
 .rodata.SIN_LUT
                0x0200f550      0x102 D:/Win7/devkitPro/libnds/lib\libnds9.a(trig.o)
                0x0200f550                SIN_LUT
 *fill*         0x0200f652        0x2 ff
 .rodata._global_impure_ptr
                0x0200f654        0x4 d:/win7/devkitpro/devkitarm/bin/../lib/gcc/arm-none-eabi/7.1.0/../../../../arm-none-eabi/lib/thumb\libg.a(lib_a-impure.o)
                0x0200f654                _global_impure_ptr
 .rodata.__ssvfiscanf_r
                0x0200f658      0x324 d:/win7/devkitpro/devkitarm/bin/../lib/gcc/arm-none-eabi/7.1.0/../../../../arm-none-eabi/lib/thumb\libg.a(lib_a-svfiscanf.o)
 .rodata.basefix.6821
                0x0200f97c       0x22 d:/win7/devkitpro/devkitarm/bin/../lib/gcc/arm-none-eabi/7.1.0/../../../../arm-none-eabi/lib/thumb\libg.a(lib_a-svfiscanf.o)
 *fill*         0x0200f99e        0x2 ff
 .rodata.get_arg
                0x0200f9a0     0x4f8c d:/win7/devkitpro/devkitarm/bin/../lib/gcc/arm-none-eabi/7.1.0/../../../../arm-none-eabi/lib/thumb\libg.a(lib_a-vfiprintf.o)
 .rodata._vfiprintf_r
                0x0201492c      0x16c d:/win7/devkitpro/devkitarm/bin/../lib/gcc/arm-none-eabi/7.1.0/../../../../arm-none-eabi/lib/thumb\libg.a(lib_a-vfiprintf.o)
 .rodata._vfiprintf_r.str1.4
                0x02014a98       0x2f d:/win7/devkitpro/devkitarm/bin/../lib/gcc/arm-none-eabi/7.1.0/../../../../arm-none-eabi/lib/thumb\libg.a(lib_a-vfiprintf.o)
 *fill*         0x02014ac7        0x1 ff
 .rodata.blanks.7270
                0x02014ac8       0x10 d:/win7/devkitpro/devkitarm/bin/../lib/gcc/arm-none-eabi/7.1.0/../../../../arm-none-eabi/lib/thumb\libg.a(lib_a-vfiprintf.o)
 .rodata.zeroes.7271
                0x02014ad8       0x10 d:/win7/devkitpro/devkitarm/bin/../lib/gcc/arm-none-eabi/7.1.0/../../../../arm-none-eabi/lib/thumb\libg.a(lib_a-vfiprintf.o)
 .rodata.__jp2uc
                0x02014ae8       0x20 d:/win7/devkitpro/devkitarm/bin/../lib/gcc/arm-none-eabi/7.1.0/../../../../arm-none-eabi/lib/thumb\libg.a(lib_a-jp2uc.o)
 .rodata._jp2uc.str1.4
                0x02014b08       0x12 d:/win7/devkitpro/devkitarm/bin/../lib/gcc/arm-none-eabi/7.1.0/../../../../arm-none-eabi/lib/thumb\libg.a(lib_a-jp2uc.o)
 *fill*         0x02014b1a        0x2 ff
 .rodata.a1     0x02014b1c       0xbc d:/win7/devkitpro/devkitarm/bin/../lib/gcc/arm-none-eabi/7.1.0/../../../../arm-none-eabi/lib/thumb\libg.a(lib_a-jp2uc.o)
 .rodata.a2     0x02014bd8       0xbc d:/win7/devkitpro/devkitarm/bin/../lib/gcc/arm-none-eabi/7.1.0/../../../../arm-none-eabi/lib/thumb\libg.a(lib_a-jp2uc.o)
 .rodata.a3     0x02014c94       0x5b d:/win7/devkitpro/devkitarm/bin/../lib/gcc/arm-none-eabi/7.1.0/../../../../arm-none-eabi/lib/thumb\libg.a(lib_a-jp2uc.o)
 *fill*         0x02014cef        0x1 ff
 .rodata.a6     0x02014cf0       0x70 d:/win7/devkitpro/devkitarm/bin/../lib/gcc/arm-none-eabi/7.1.0/../../../../arm-none-eabi/lib/thumb\libg.a(lib_a-jp2uc.o)
 .rodata.a7     0x02014d60       0xa2 d:/win7/devkitpro/devkitarm/bin/../lib/gcc/arm-none-eabi/7.1.0/../../../../arm-none-eabi/lib/thumb\libg.a(lib_a-jp2uc.o)
 *fill*         0x02014e02        0x2 ff
 .rodata.a8     0x02014e04       0x40 d:/win7/devkitpro/devkitarm/bin/../lib/gcc/arm-none-eabi/7.1.0/../../../../arm-none-eabi/lib/thumb\libg.a(lib_a-jp2uc.o)
 .rodata.b02cf  0x02014e44     0x172a d:/win7/devkitpro/devkitarm/bin/../lib/gcc/arm-none-eabi/7.1.0/../../../../arm-none-eabi/lib/thumb\libg.a(lib_a-jp2uc.o)
 *fill*         0x0201656e        0x2 ff
 .rodata.d02f4  0x02016570     0x1a7c d:/win7/devkitpro/devkitarm/bin/../lib/gcc/arm-none-eabi/7.1.0/../../../../arm-none-eabi/lib/thumb\libg.a(lib_a-jp2uc.o)
 .rodata.str1.4
                0x02017fec       0x48 d:/win7/devkitpro/devkitarm/bin/../lib/gcc/arm-none-eabi/7.1.0/../../../../arm-none-eabi/lib/thumb\libg.a(lib_a-locale.o)
                                 0x4c (size before relaxing)
 .rodata._mbrtowc_r.str1.4
                0x02018034        0x1 d:/win7/devkitpro/devkitarm/bin/../lib/gcc/arm-none-eabi/7.1.0/../../../../arm-none-eabi/lib/thumb\libg.a(lib_a-mbrtowc.o)
 .rodata.__action_table
                0x02018034       0x6c d:/win7/devkitpro/devkitarm/bin/../lib/gcc/arm-none-eabi/7.1.0/../../../../arm-none-eabi/lib/thumb\libg.a(lib_a-svfiprintf.o)
                0x02018034                __action_table
 .rodata.__chclass
                0x020180a0      0x100 d:/win7/devkitpro/devkitarm/bin/../lib/gcc/arm-none-eabi/7.1.0/../../../../arm-none-eabi/lib/thumb\libg.a(lib_a-svfiprintf.o)
                0x020180a0                __chclass
 .rodata.__state_table
                0x020181a0       0x6c d:/win7/devkitpro/devkitarm/bin/../lib/gcc/arm-none-eabi/7.1.0/../../../../arm-none-eabi/lib/thumb\libg.a(lib_a-svfiprintf.o)
                0x020181a0                __state_table
 .rodata._ctype_
                0x0201820c      0x101 d:/win7/devkitpro/devkitarm/bin/../lib/gcc/arm-none-eabi/7.1.0/../../../../arm-none-eabi/lib/thumb\libg.a(lib_a-ctype_.o)
                0x0201820c                _ctype_
 *fill*         0x0201830d        0x3 ff
 .rodata.AddDevice.str1.4
                0x02018310        0x8 d:/win7/devkitpro/devkitarm/bin/../lib/gcc/arm-none-eabi/7.1.0/../../../../arm-none-eabi/lib/thumb\libsysbase.a(iosupport.o)
 .rodata.dotab_stdnull
                0x02018318       0x68 d:/win7/devkitpro/devkitarm/bin/../lib/gcc/arm-none-eabi/7.1.0/../../../../arm-none-eabi/lib/thumb\libsysbase.a(iosupport.o)
                0x02018318                dotab_stdnull
 *(EXCLUDE_FILE(*.twl*) .gnu.linkonce.r*)
                0x02018380                . = ALIGN (0x4)

.ARM.extab
 *(.ARM.extab* .gnu.linkonce.armextab.*)
                0x02018380                __exidx_start = .

ARM.exidx
 *(.ARM.exidx* .gnu.linkonce.armexidx.*)
                0x02018380                __exidx_end = .
                0x02018380                . = ALIGN (0x4)
                0x02018380                PROVIDE (__preinit_array_start, .)

.preinit_array
 *(.preinit_array)
                0x02018380                PROVIDE (__preinit_array_end, .)
                0x02018380                PROVIDE (__init_array_start, .)

.init_array     0x02018380        0x4
 *(SORT(.init_array.*))
 *(.init_array)
 .init_array    0x02018380        0x4 d:/win7/devkitpro/devkitarm/bin/../lib/gcc/arm-none-eabi/7.1.0/thumb/crtbegin.o
                0x02018384                PROVIDE (__init_array_end, .)
                [!provide]                PROVIDE (__fini_array_start, .)

.fini_array     0x02018384        0x4
 *(.fini_array)
 .fini_array    0x02018384        0x4 d:/win7/devkitpro/devkitarm/bin/../lib/gcc/arm-none-eabi/7.1.0/thumb/crtbegin.o
 *(SORT(.fini_array.*))
                [!provide]                PROVIDE (__fini_array_end, .)

.ctors          0x02018388        0x0
 *crtbegin.o(.ctors)
 *(EXCLUDE_FILE(*crtend.o) .ctors)
 *(SORT(.ctors.*))
 *(.ctors)
                0x02018388                . = ALIGN (0x4)

.dtors          0x02018388        0x0
 *crtbegin.o(.dtors)
 *(EXCLUDE_FILE(*crtend.o) .dtors)
 *(SORT(.dtors.*))
 *(.dtors)
                0x02018388                . = ALIGN (0x4)

.eh_frame       0x02018388        0x4
 *(.eh_frame)
 .eh_frame      0x02018388        0x0 d:/win7/devkitpro/devkitarm/bin/../lib/gcc/arm-none-eabi/7.1.0/thumb/crtbegin.o
 .eh_frame      0x02018388        0x4 d:/win7/devkitpro/devkitarm/bin/../lib/gcc/arm-none-eabi/7.1.0/thumb/crtend.o
                0x0201838c                . = ALIGN (0x4)

.rel.dyn        0x0201838c        0x0
 .rel.iplt      0x0201838c        0x0 d:/win7/devkitpro/devkitarm/bin/../lib/gcc/arm-none-eabi/7.1.0/../../../../arm-none-eabi/lib/thumb/ds_arm9_crt0.o

.gcc_except_table
                0x0201838c        0x0
 *(.gcc_except_table)
                0x0201838c                . = ALIGN (0x4)

.jcr
 *(.jcr)

.got
 *(.got.plt)
 *(.got)
 *(.rel.got)

.ewram          0x0201838c        0x0
                0x0201838c                __ewram_start = ABSOLUTE (.)
 *(.ewram)
 *ewram.*(.text)
                0x0201838c                . = ALIGN (0x4)

.data           0x0201838c     0x1bd8
                0x0201838c                __data_start = ABSOLUTE (.)
 *(EXCLUDE_FILE(*.twl*) .data)
 .data          0x0201838c       0x60 main.o
                0x0201838c                categories
                0x020183b0                submenuB
                0x020183c8                submenuA
 .data          0x020183ec       0x28 D:/Win7/devkitPro/libnds/lib\libnds9.a(mpu_setup.o)
 *(EXCLUDE_FILE(*.twl*) .data.*)
 .data.count    0x02018414        0x1 D:/Win7/devkitPro/libnds/lib\libnds9.a(keys.o)
 .data.delay    0x02018415        0x1 D:/Win7/devkitPro/libnds/lib\libnds9.a(keys.o)
 .data.repeat   0x02018416        0x1 D:/Win7/devkitPro/libnds/lib\libnds9.a(keys.o)
 *fill*         0x02018417        0x1 ff
 .data.currentConsole
                0x02018418        0x4 D:/Win7/devkitPro/libnds/lib\libnds9.a(console.o)
                0x02018418                currentConsole
 .data.defaultConsole
                0x0201841c       0x5c D:/Win7/devkitPro/libnds/lib\libnds9.a(console.o)
                0x0201841c                defaultConsole
 .data.firstConsoleInit.6490
                0x02018478        0x1 D:/Win7/devkitPro/libnds/lib\libnds9.a(console.o)
 *fill*         0x02018479        0x3 ff
 .data.bgControl
                0x0201847c       0x20 D:/Win7/devkitPro/libnds/lib\libnds9.a(background.o)
                0x0201847c                bgControl
 .data.bgScrollTable
                0x0201849c       0x20 D:/Win7/devkitPro/libnds/lib\libnds9.a(background.o)
                0x0201849c                bgScrollTable
 .data.bgTransform
                0x020184bc       0x20 D:/Win7/devkitPro/libnds/lib\libnds9.a(background.o)
                0x020184bc                bgTransform
 .data.fifo_buffer_free
                0x020184dc        0x4 D:/Win7/devkitPro/libnds/lib\libnds9.a(fifosystem.o)
                0x020184dc                fifo_buffer_free
 .data.fifo_freewords
                0x020184e0        0x4 D:/Win7/devkitPro/libnds/lib\libnds9.a(fifosystem.o)
                0x020184e0                fifo_freewords
 .data.fifo_receive_queue
                0x020184e4        0x4 D:/Win7/devkitPro/libnds/lib\libnds9.a(fifosystem.o)
                0x020184e4                fifo_receive_queue
 .data.fifo_send_queue
                0x020184e8        0x4 D:/Win7/devkitPro/libnds/lib\libnds9.a(fifosystem.o)
                0x020184e8                fifo_send_queue
 .data._impure_ptr
                0x020184ec        0x4 d:/win7/devkitpro/devkitarm/bin/../lib/gcc/arm-none-eabi/7.1.0/../../../../arm-none-eabi/lib/thumb\libg.a(lib_a-impure.o)
                0x020184ec                _impure_ptr
 *fill*         0x020184f0        0x0 ff
 .data.impure_data
                0x020184f0      0x460 d:/win7/devkitpro/devkitarm/bin/../lib/gcc/arm-none-eabi/7.1.0/../../../../arm-none-eabi/lib/thumb\libg.a(lib_a-impure.o)
 .data.__atexit_lock
                0x02018950        0xc d:/win7/devkitpro/devkitarm/bin/../lib/gcc/arm-none-eabi/7.1.0/../../../../arm-none-eabi/lib/thumb\libg.a(lib_a-__call_atexit.o)
                0x02018950                __atexit_lock
 .data.__sfp_lock
                0x0201895c        0xc d:/win7/devkitpro/devkitarm/bin/../lib/gcc/arm-none-eabi/7.1.0/../../../../arm-none-eabi/lib/thumb\libg.a(lib_a-findfp.o)
 .data.__sinit_lock
                0x02018968        0xc d:/win7/devkitpro/devkitarm/bin/../lib/gcc/arm-none-eabi/7.1.0/../../../../arm-none-eabi/lib/thumb\libg.a(lib_a-findfp.o)
 .data.__global_locale
                0x02018974      0x16c d:/win7/devkitpro/devkitarm/bin/../lib/gcc/arm-none-eabi/7.1.0/../../../../arm-none-eabi/lib/thumb\libg.a(lib_a-locale.o)
                0x02018974                __global_locale
 .data.__malloc_av_
                0x02018ae0      0x408 d:/win7/devkitpro/devkitarm/bin/../lib/gcc/arm-none-eabi/7.1.0/../../../../arm-none-eabi/lib/thumb\libg.a(lib_a-mallocr.o)
                0x02018ae0                __malloc_av_
 .data.__malloc_sbrk_base
                0x02018ee8        0x4 d:/win7/devkitpro/devkitarm/bin/../lib/gcc/arm-none-eabi/7.1.0/../../../../arm-none-eabi/lib/thumb\libg.a(lib_a-mallocr.o)
                0x02018ee8                __malloc_sbrk_base
 .data.__malloc_trim_threshold
                0x02018eec        0x4 d:/win7/devkitpro/devkitarm/bin/../lib/gcc/arm-none-eabi/7.1.0/../../../../arm-none-eabi/lib/thumb\libg.a(lib_a-mallocr.o)
                0x02018eec                __malloc_trim_threshold
 .data.__malloc_lock_object
                0x02018ef0        0xc d:/win7/devkitpro/devkitarm/bin/../lib/gcc/arm-none-eabi/7.1.0/../../../../arm-none-eabi/lib/thumb\libg.a(lib_a-mlock.o)
 .data.devoptab_list
                0x02018efc       0x40 d:/win7/devkitpro/devkitarm/bin/../lib/gcc/arm-none-eabi/7.1.0/../../../../arm-none-eabi/lib/thumb\libsysbase.a(iosupport.o)
                0x02018efc                devoptab_list
 .data.__hndl_lock
                0x02018f3c        0x4 d:/win7/devkitpro/devkitarm/bin/../lib/gcc/arm-none-eabi/7.1.0/../../../../arm-none-eabi/lib/thumb\libsysbase.a(handle_manager.o)
 .data.__stderr_handle
                0x02018f40        0xc d:/win7/devkitpro/devkitarm/bin/../lib/gcc/arm-none-eabi/7.1.0/../../../../arm-none-eabi/lib/thumb\libsysbase.a(handle_manager.o)
 .data.__stdin_handle
                0x02018f4c        0xc d:/win7/devkitpro/devkitarm/bin/../lib/gcc/arm-none-eabi/7.1.0/../../../../arm-none-eabi/lib/thumb\libsysbase.a(handle_manager.o)
 .data.__stdout_handle
                0x02018f58        0xc d:/win7/devkitpro/devkitarm/bin/../lib/gcc/arm-none-eabi/7.1.0/../../../../arm-none-eabi/lib/thumb\libsysbase.a(handle_manager.o)
 .data.handles  0x02018f64     0x1000 d:/win7/devkitpro/devkitarm/bin/../lib/gcc/arm-none-eabi/7.1.0/../../../../arm-none-eabi/lib/thumb\libsysbase.a(handle_manager.o)
 *(EXCLUDE_FILE(*.twl*) .gnu.linkonce.d*)
                0x02019f64                . = ALIGN (0x4)
                0x02019f64                __data_end = ABSOLUTE (.)
                0x02019f64                __bss_vma = .

.igot.plt       0x02019f64        0x0
 .igot.plt      0x02019f64        0x0 d:/win7/devkitpro/devkitarm/bin/../lib/gcc/arm-none-eabi/7.1.0/../../../../arm-none-eabi/lib/thumb/ds_arm9_crt0.o

.tm_clone_table
                0x02019f64        0x0
 .tm_clone_table
                0x02019f64        0x0 d:/win7/devkitpro/devkitarm/bin/../lib/gcc/arm-none-eabi/7.1.0/thumb/crtbegin.o
 .tm_clone_table
                0x02019f64        0x0 d:/win7/devkitpro/devkitarm/bin/../lib/gcc/arm-none-eabi/7.1.0/thumb/crtend.o

.dtcm           0x0b000000        0x0 load address 0x02019f64
                0x02019f64                __dtcm_lma = LOADADDR (.dtcm)
                0x0b000000                __dtcm_start = ABSOLUTE (.)
 *(.dtcm)
 *(.dtcm.*)
                0x0b000000                . = ALIGN (0x4)
                0x0b000000                __dtcm_end = ABSOLUTE (.)

.itcm           0x01000100      0x194 load address 0x02019f64
                0x02019f64                __itcm_lma = LOADADDR (.itcm)
                0x01000100                __itcm_start = ABSOLUTE (.)
 *(.itcm)
 .itcm          0x01000100       0xc8 D:/Win7/devkitPro/libnds/lib\libnds9.a(interrupts.o)
                0x01000100                irqTable
 .itcm          0x010001c8       0xcc D:/Win7/devkitPro/libnds/lib\libnds9.a(interruptDispatcher.o)
                0x010001c8                IntrMain
 *.itcm*(.text .stub .text.*)
                0x01000294                . = ALIGN (0x4)
                0x01000294                __itcm_end = ABSOLUTE (.)

.vectors        0x01000000        0x0 load address 0x0201a0f8
                0x0201a0f8                __vectors_lma = LOADADDR (.vectors)
                0x01000000                __vectors_start = ABSOLUTE (.)
 *(.vectors)
 *.vectors*(.text .stub .text.*)
                0x01000000                . = ALIGN (0x4)
                0x01000000                __vectors_end = ABSOLUTE (.)

.sbss           0x0b000000        0x0
                0x0b000000                __sbss_start = ABSOLUTE (.)
                0x0b000000                __sbss_start__ = ABSOLUTE (.)
 *(.sbss)
                0x0b000000                . = ALIGN (0x4)
                0x0b000000                __sbss_end = ABSOLUTE (.)

.bss            0x02019f64      0xc94
                0x02019f64                __bss_start = ABSOLUTE (.)
                0x02019f64                __bss_start__ = ABSOLUTE (.)
 *(EXCLUDE_FILE(*.twl*) .dynbss)
 *(EXCLUDE_FILE(*.twl*) .gnu.linkonce.b*)
 *(EXCLUDE_FILE(*.twl*) .bss*)
 .bss.completed.6484
                0x02019f64        0x1 d:/win7/devkitpro/devkitarm/bin/../lib/gcc/arm-none-eabi/7.1.0/thumb/crtbegin.o
 *fill*         0x02019f65        0x3 
 .bss.object.6489
                0x02019f68       0x18 d:/win7/devkitpro/devkitarm/bin/../lib/gcc/arm-none-eabi/7.1.0/thumb/crtbegin.o
 .bss.keys      0x02019f80        0x2 D:/Win7/devkitPro/libnds/lib\libnds9.a(keys.o)
 .bss.keysold   0x02019f82        0x2 D:/Win7/devkitPro/libnds/lib\libnds9.a(keys.o)
 .bss.keysrepeat
                0x02019f84        0x2 D:/Win7/devkitPro/libnds/lib\libnds9.a(keys.o)
 *fill*         0x02019f86        0x2 
 .bss.__timeout
                0x02019f88        0x4 D:/Win7/devkitPro/libnds/lib\libnds9.a(fifosystem.o)
 .bss.processing
                0x02019f8c        0x4 D:/Win7/devkitPro/libnds/lib\libnds9.a(fifosystem.o)
                0x02019f8c                processing
 .bss.SDcallback
                0x02019f90        0x4 D:/Win7/devkitPro/libnds/lib\libnds9.a(system.o)
 .bss.__malloc_current_mallinfo
                0x02019f94       0x28 d:/win7/devkitpro/devkitarm/bin/../lib/gcc/arm-none-eabi/7.1.0/../../../../arm-none-eabi/lib/thumb\libg.a(lib_a-mallocr.o)
                0x02019f94                __malloc_current_mallinfo
 .bss.__malloc_max_sbrked_mem
                0x02019fbc        0x4 d:/win7/devkitpro/devkitarm/bin/../lib/gcc/arm-none-eabi/7.1.0/../../../../arm-none-eabi/lib/thumb\libg.a(lib_a-mallocr.o)
                0x02019fbc                __malloc_max_sbrked_mem
 .bss.__malloc_max_total_mem
                0x02019fc0        0x4 d:/win7/devkitpro/devkitarm/bin/../lib/gcc/arm-none-eabi/7.1.0/../../../../arm-none-eabi/lib/thumb\libg.a(lib_a-mallocr.o)
                0x02019fc0                __malloc_max_total_mem
 .bss.__malloc_top_pad
                0x02019fc4        0x4 d:/win7/devkitpro/devkitarm/bin/../lib/gcc/arm-none-eabi/7.1.0/../../../../arm-none-eabi/lib/thumb\libg.a(lib_a-mallocr.o)
                0x02019fc4                __malloc_top_pad
 .bss.heap_start.5814
                0x02019fc8        0x4 d:/win7/devkitpro/devkitarm/bin/../lib/gcc/arm-none-eabi/7.1.0/../../../../arm-none-eabi/lib/thumb\libsysbase.a(sbrk.o)
 .bss.fake_heap_end
                0x02019fcc        0x4 d:/win7/devkitpro/devkitarm/bin/../lib/gcc/arm-none-eabi/7.1.0/../../../../arm-none-eabi/lib/thumb\libsysbase.a(malloc_vars.o)
                0x02019fcc                fake_heap_end
 .bss.fake_heap_start
                0x02019fd0        0x4 d:/win7/devkitpro/devkitarm/bin/../lib/gcc/arm-none-eabi/7.1.0/../../../../arm-none-eabi/lib/thumb\libsysbase.a(malloc_vars.o)
                0x02019fd0                fake_heap_start
 .bss.__syscalls
                0x02019fd4       0x38 d:/win7/devkitpro/devkitarm/bin/../lib/gcc/arm-none-eabi/7.1.0/../../../../arm-none-eabi/lib/thumb\libsysbase.a(syscall_support.o)
                0x02019fd4                __syscalls
 *(EXCLUDE_FILE(*.twl*) COMMON)
 COMMON         0x0201a00c       0x5c D:/Win7/devkitPro/libnds/lib\libnds9.a(console.o)
                0x0201a00c                currentCopy
 COMMON         0x0201a068      0x148 D:/Win7/devkitPro/libnds/lib\libnds9.a(background.o)
                0x0201a068                bgState
                0x0201a1a8                bgIsTextLut
 COMMON         0x0201a1b0        0x1 D:/Win7/devkitPro/libnds/lib\libnds9.a(initSystem.o)
                0x0201a1b0                __dsimode
 *fill*         0x0201a1b1        0x3 
 COMMON         0x0201a1b4      0xa40 D:/Win7/devkitPro/libnds/lib\libnds9.a(fifosystem.o)
                0x0201a1b4                fifo_datamsg_data
                0x0201a1f4                fifo_buffer
                0x0201a9f4                fifo_value32_func
                0x0201aa34                fifo_address_func
                0x0201aa74                fifo_value32_data
                0x0201aab4                fifo_value32_queue
                0x0201aaf4                fifo_data_queue
                0x0201ab34                fifo_address_data
                0x0201ab74                fifo_datamsg_func
                0x0201abb4                fifo_address_queue
 COMMON         0x0201abf4        0x4 D:/Win7/devkitPro/libnds/lib\libnds9.a(timeSupport.o)
                0x0201abf4                punixTime
                0x0201abf8                . = ALIGN (0x4)
                0x0201abf8                __bss_end__ = ABSOLUTE (.)
                0x0201abf8                __end__ = ABSOLUTE (.)

.twl            0x0201abf8        0x0 load address 0x02400000
                0x02400000                __arm9i_lma__ = LOADADDR (.twl)
                0x0201abf8                __arm9i_start__ = ABSOLUTE (.)
 *(.twl)
 *.twl*(.text .stub .text.* .gnu.linkonce.t.*)
 *.twl*(.rodata)
 *.twl*(.roda)
 *.twl*(.rodata.*)
 *.twl*(.data)
 *.twl*(.data.*)
 *.twl*(.gnu.linkonce.d*)
                0x0201abf8                __arm9i_end__ = ABSOLUTE (.)

.twl_bss        0x0201abf8        0x0
                0x0201abf8                __twl_bss_start__ = ABSOLUTE (.)
 *(.twl_bss)
 *.twl*(.dynbss)
 *.twl*(.gnu.linkonce.b*)
 *.twl*(.bss*)
 *.twl*(COMMON)
                0x0201abf8                . = ALIGN (0x4)
                0x0201abf8                __twl_bss_end__ = ABSOLUTE (.)
                0x0201abf8                __twl_end__ = ABSOLUTE (.)

.stab
 *(.stab)

.stabstr
 *(.stabstr)

.stab.excl
 *(.stab.excl)

.stab.exclstr
 *(.stab.exclstr)

.stab.index
 *(.stab.index)

.stab.indexstr
 *(.stab.indexstr)

.comment        0x00000000       0x44
 *(.comment)
 .comment       0x00000000       0x22 d:/win7/devkitpro/devkitarm/bin/../lib/gcc/arm-none-eabi/7.1.0/thumb/crtbegin.o
                                 0x23 (size before relaxing)
 .comment       0x00000022       0x23 main.o
 .comment       0x00000022       0x22 D:/Win7/devkitPro/libnds/lib\libnds9.a(keys.o)
                                 0x23 (size before relaxing)
 .comment       0x00000044       0x23 D:/Win7/devkitPro/libnds/lib\libnds9.a(console.o)
 .comment       0x00000044       0x23 D:/Win7/devkitPro/libnds/lib\libnds9.a(background.o)
 .comment       0x00000044       0x23 D:/Win7/devkitPro/libnds/lib\libnds9.a(securearea.o)
 .comment       0x00000044       0x23 D:/Win7/devkitPro/libnds/lib\libnds9.a(initSystem.o)
 .comment       0x00000044       0x23 D:/Win7/devkitPro/libnds/lib\libnds9.a(fifosystem.o)
 .comment       0x00000044       0x23 D:/Win7/devkitPro/libnds/lib\libnds9.a(libnds_exit.arm.o)
 .comment       0x00000044       0x23 D:/Win7/devkitPro/libnds/lib\libnds9.a(interrupts.o)
 .comment       0x00000044       0x23 D:/Win7/devkitPro/libnds/lib\libnds9.a(trig.o)
 .comment       0x00000044       0x23 D:/Win7/devkitPro/libnds/lib\libnds9.a(system.o)
 .comment       0x00000044       0x23 D:/Win7/devkitPro/libnds/lib\libnds9.a(video.o)
 .comment       0x00000044       0x23 D:/Win7/devkitPro/libnds/lib\libnds9.a(timeSupport.o)
 .comment       0x00000044       0x23 d:/win7/devkitpro/devkitarm/bin/../lib/gcc/arm-none-eabi/7.1.0/../../../../arm-none-eabi/lib/thumb\libg.a(lib_a-exit.o)
 .comment       0x00000044       0x23 d:/win7/devkitpro/devkitarm/bin/../lib/gcc/arm-none-eabi/7.1.0/../../../../arm-none-eabi/lib/thumb\libg.a(lib_a-impure.o)
 .comment       0x00000044       0x23 d:/win7/devkitpro/devkitarm/bin/../lib/gcc/arm-none-eabi/7.1.0/../../../../arm-none-eabi/lib/thumb\libg.a(lib_a-init.o)
 .comment       0x00000044       0x23 d:/win7/devkitpro/devkitarm/bin/../lib/gcc/arm-none-eabi/7.1.0/../../../../arm-none-eabi/lib/thumb\libg.a(lib_a-iprintf.o)
 .comment       0x00000044       0x23 d:/win7/devkitpro/devkitarm/bin/../lib/gcc/arm-none-eabi/7.1.0/../../../../arm-none-eabi/lib/thumb\libg.a(lib_a-memcpy-stub.o)
 .comment       0x00000044       0x23 d:/win7/devkitpro/devkitarm/bin/../lib/gcc/arm-none-eabi/7.1.0/../../../../arm-none-eabi/lib/thumb\libg.a(lib_a-memset.o)
 .comment       0x00000044       0x23 d:/win7/devkitpro/devkitarm/bin/../lib/gcc/arm-none-eabi/7.1.0/../../../../arm-none-eabi/lib/thumb\libg.a(lib_a-setvbuf.o)
 .comment       0x00000044       0x23 d:/win7/devkitpro/devkitarm/bin/../lib/gcc/arm-none-eabi/7.1.0/../../../../arm-none-eabi/lib/thumb\libg.a(lib_a-siscanf.o)
 .comment       0x00000044       0x23 d:/win7/devkitpro/devkitarm/bin/../lib/gcc/arm-none-eabi/7.1.0/../../../../arm-none-eabi/lib/thumb\libg.a(lib_a-stdio.o)
 .comment       0x00000044       0x23 d:/win7/devkitpro/devkitarm/bin/../lib/gcc/arm-none-eabi/7.1.0/../../../../arm-none-eabi/lib/thumb\libg.a(lib_a-strlen-stub.o)
 .comment       0x00000044       0x23 d:/win7/devkitpro/devkitarm/bin/../lib/gcc/arm-none-eabi/7.1.0/../../../../arm-none-eabi/lib/thumb\libg.a(lib_a-svfiscanf.o)
 .comment       0x00000044       0x23 d:/win7/devkitpro/devkitarm/bin/../lib/gcc/arm-none-eabi/7.1.0/../../../../arm-none-eabi/lib/thumb\libg.a(lib_a-ungetc.o)
 .comment       0x00000044       0x23 d:/win7/devkitpro/devkitarm/bin/../lib/gcc/arm-none-eabi/7.1.0/../../../../arm-none-eabi/lib/thumb\libg.a(lib_a-vfiprintf.o)
 .comment       0x00000044       0x23 d:/win7/devkitpro/devkitarm/bin/../lib/gcc/arm-none-eabi/7.1.0/../../../../arm-none-eabi/lib/thumb\libg.a(lib_a-wcrtomb.o)
 .comment       0x00000044       0x23 d:/win7/devkitpro/devkitarm/bin/../lib/gcc/arm-none-eabi/7.1.0/../../../../arm-none-eabi/lib/thumb\libg.a(lib_a-wcsrtombs.o)
 .comment       0x00000044       0x23 d:/win7/devkitpro/devkitarm/bin/../lib/gcc/arm-none-eabi/7.1.0/../../../../arm-none-eabi/lib/thumb\libg.a(lib_a-wsetup.o)
 .comment       0x00000044       0x23 d:/win7/devkitpro/devkitarm/bin/../lib/gcc/arm-none-eabi/7.1.0/../../../../arm-none-eabi/lib/thumb\libg.a(lib_a-__call_atexit.o)
 .comment       0x00000044       0x23 d:/win7/devkitpro/devkitarm/bin/../lib/gcc/arm-none-eabi/7.1.0/../../../../arm-none-eabi/lib/thumb\libg.a(lib_a-fflush.o)
 .comment       0x00000044       0x23 d:/win7/devkitpro/devkitarm/bin/../lib/gcc/arm-none-eabi/7.1.0/../../../../arm-none-eabi/lib/thumb\libg.a(lib_a-findfp.o)
 .comment       0x00000044       0x23 d:/win7/devkitpro/devkitarm/bin/../lib/gcc/arm-none-eabi/7.1.0/../../../../arm-none-eabi/lib/thumb\libg.a(lib_a-freer.o)
 .comment       0x00000044       0x23 d:/win7/devkitpro/devkitarm/bin/../lib/gcc/arm-none-eabi/7.1.0/../../../../arm-none-eabi/lib/thumb\libg.a(lib_a-fvwrite.o)
 .comment       0x00000044       0x23 d:/win7/devkitpro/devkitarm/bin/../lib/gcc/arm-none-eabi/7.1.0/../../../../arm-none-eabi/lib/thumb\libg.a(lib_a-fwalk.o)
 .comment       0x00000044       0x23 d:/win7/devkitpro/devkitarm/bin/../lib/gcc/arm-none-eabi/7.1.0/../../../../arm-none-eabi/lib/thumb\libg.a(lib_a-iswspace.o)
 .comment       0x00000044       0x23 d:/win7/devkitpro/devkitarm/bin/../lib/gcc/arm-none-eabi/7.1.0/../../../../arm-none-eabi/lib/thumb\libg.a(lib_a-jp2uc.o)
 .comment       0x00000044       0x23 d:/win7/devkitpro/devkitarm/bin/../lib/gcc/arm-none-eabi/7.1.0/../../../../arm-none-eabi/lib/thumb\libg.a(lib_a-localeconv.o)
 .comment       0x00000044       0x23 d:/win7/devkitpro/devkitarm/bin/../lib/gcc/arm-none-eabi/7.1.0/../../../../arm-none-eabi/lib/thumb\libg.a(lib_a-locale.o)
 .comment       0x00000044       0x23 d:/win7/devkitpro/devkitarm/bin/../lib/gcc/arm-none-eabi/7.1.0/../../../../arm-none-eabi/lib/thumb\libg.a(lib_a-makebuf.o)
 .comment       0x00000044       0x23 d:/win7/devkitpro/devkitarm/bin/../lib/gcc/arm-none-eabi/7.1.0/../../../../arm-none-eabi/lib/thumb\libg.a(lib_a-malloc.o)
 .comment       0x00000044       0x23 d:/win7/devkitpro/devkitarm/bin/../lib/gcc/arm-none-eabi/7.1.0/../../../../arm-none-eabi/lib/thumb\libg.a(lib_a-mallocr.o)
 .comment       0x00000044       0x23 d:/win7/devkitpro/devkitarm/bin/../lib/gcc/arm-none-eabi/7.1.0/../../../../arm-none-eabi/lib/thumb\libg.a(lib_a-mbrtowc.o)
 .comment       0x00000044       0x23 d:/win7/devkitpro/devkitarm/bin/../lib/gcc/arm-none-eabi/7.1.0/../../../../arm-none-eabi/lib/thumb\libg.a(lib_a-mbtowc_r.o)
 .comment       0x00000044       0x23 d:/win7/devkitpro/devkitarm/bin/../lib/gcc/arm-none-eabi/7.1.0/../../../../arm-none-eabi/lib/thumb\libg.a(lib_a-memchr-stub.o)
 .comment       0x00000044       0x23 d:/win7/devkitpro/devkitarm/bin/../lib/gcc/arm-none-eabi/7.1.0/../../../../arm-none-eabi/lib/thumb\libg.a(lib_a-memmove.o)
 .comment       0x00000044       0x23 d:/win7/devkitpro/devkitarm/bin/../lib/gcc/arm-none-eabi/7.1.0/../../../../arm-none-eabi/lib/thumb\libg.a(lib_a-mlock.o)
 .comment       0x00000044       0x23 d:/win7/devkitpro/devkitarm/bin/../lib/gcc/arm-none-eabi/7.1.0/../../../../arm-none-eabi/lib/thumb\libg.a(lib_a-reallocr.o)
 .comment       0x00000044       0x23 d:/win7/devkitpro/devkitarm/bin/../lib/gcc/arm-none-eabi/7.1.0/../../../../arm-none-eabi/lib/thumb\libg.a(lib_a-sccl.o)
 .comment       0x00000044       0x23 d:/win7/devkitpro/devkitarm/bin/../lib/gcc/arm-none-eabi/7.1.0/../../../../arm-none-eabi/lib/thumb\libg.a(lib_a-strncpy.o)
 .comment       0x00000044       0x23 d:/win7/devkitpro/devkitarm/bin/../lib/gcc/arm-none-eabi/7.1.0/../../../../arm-none-eabi/lib/thumb\libg.a(lib_a-strtoll.o)
 .comment       0x00000044       0x23 d:/win7/devkitpro/devkitarm/bin/../lib/gcc/arm-none-eabi/7.1.0/../../../../arm-none-eabi/lib/thumb\libg.a(lib_a-strtol.o)
 .comment       0x00000044       0x23 d:/win7/devkitpro/devkitarm/bin/../lib/gcc/arm-none-eabi/7.1.0/../../../../arm-none-eabi/lib/thumb\libg.a(lib_a-strtoull.o)
 .comment       0x00000044       0x23 d:/win7/devkitpro/devkitarm/bin/../lib/gcc/arm-none-eabi/7.1.0/../../../../arm-none-eabi/lib/thumb\libg.a(lib_a-strtoul.o)
 .comment       0x00000044       0x23 d:/win7/devkitpro/devkitarm/bin/../lib/gcc/arm-none-eabi/7.1.0/../../../../arm-none-eabi/lib/thumb\libg.a(lib_a-svfiprintf.o)
 .comment       0x00000044       0x23 d:/win7/devkitpro/devkitarm/bin/../lib/gcc/arm-none-eabi/7.1.0/../../../../arm-none-eabi/lib/thumb\libg.a(lib_a-wcsnrtombs.o)
 .comment       0x00000044       0x23 d:/win7/devkitpro/devkitarm/bin/../lib/gcc/arm-none-eabi/7.1.0/../../../../arm-none-eabi/lib/thumb\libg.a(lib_a-wctomb_r.o)
 .comment       0x00000044       0x23 d:/win7/devkitpro/devkitarm/bin/../lib/gcc/arm-none-eabi/7.1.0/../../../../arm-none-eabi/lib/thumb\libg.a(lib_a-ctype_.o)
 .comment       0x00000044       0x23 d:/win7/devkitpro/devkitarm/bin/../lib/gcc/arm-none-eabi/7.1.0/../../../../arm-none-eabi/lib/thumb\libg.a(lib_a-fclose.o)
 .comment       0x00000044       0x23 d:/win7/devkitpro/devkitarm/bin/../lib/gcc/arm-none-eabi/7.1.0/../../../../arm-none-eabi/lib/thumb\libsysbase.a(iosupport.o)
 .comment       0x00000044       0x23 d:/win7/devkitpro/devkitarm/bin/../lib/gcc/arm-none-eabi/7.1.0/../../../../arm-none-eabi/lib/thumb\libsysbase.a(close.o)
 .comment       0x00000044       0x23 d:/win7/devkitpro/devkitarm/bin/../lib/gcc/arm-none-eabi/7.1.0/../../../../arm-none-eabi/lib/thumb\libsysbase.a(fstat.o)
 .comment       0x00000044       0x23 d:/win7/devkitpro/devkitarm/bin/../lib/gcc/arm-none-eabi/7.1.0/../../../../arm-none-eabi/lib/thumb\libsysbase.a(isatty.o)
 .comment       0x00000044       0x23 d:/win7/devkitpro/devkitarm/bin/../lib/gcc/arm-none-eabi/7.1.0/../../../../arm-none-eabi/lib/thumb\libsysbase.a(lseek.o)
 .comment       0x00000044       0x23 d:/win7/devkitpro/devkitarm/bin/../lib/gcc/arm-none-eabi/7.1.0/../../../../arm-none-eabi/lib/thumb\libsysbase.a(read.o)
 .comment       0x00000044       0x23 d:/win7/devkitpro/devkitarm/bin/../lib/gcc/arm-none-eabi/7.1.0/../../../../arm-none-eabi/lib/thumb\libsysbase.a(sbrk.o)
 .comment       0x00000044       0x23 d:/win7/devkitpro/devkitarm/bin/../lib/gcc/arm-none-eabi/7.1.0/../../../../arm-none-eabi/lib/thumb\libsysbase.a(write.o)
 .comment       0x00000044       0x23 d:/win7/devkitpro/devkitarm/bin/../lib/gcc/arm-none-eabi/7.1.0/../../../../arm-none-eabi/lib/thumb\libsysbase.a(_exit.o)
 .comment       0x00000044       0x23 d:/win7/devkitpro/devkitarm/bin/../lib/gcc/arm-none-eabi/7.1.0/../../../../arm-none-eabi/lib/thumb\libsysbase.a(malloc_vars.o)
 .comment       0x00000044       0x23 d:/win7/devkitpro/devkitarm/bin/../lib/gcc/arm-none-eabi/7.1.0/../../../../arm-none-eabi/lib/thumb\libsysbase.a(build_argv.o)
 .comment       0x00000044       0x23 d:/win7/devkitpro/devkitarm/bin/../lib/gcc/arm-none-eabi/7.1.0/../../../../arm-none-eabi/lib/thumb\libsysbase.a(flock.o)
 .comment       0x00000044       0x23 d:/win7/devkitpro/devkitarm/bin/../lib/gcc/arm-none-eabi/7.1.0/../../../../arm-none-eabi/lib/thumb\libsysbase.a(syscall_support.o)
 .comment       0x00000044       0x23 d:/win7/devkitpro/devkitarm/bin/../lib/gcc/arm-none-eabi/7.1.0/../../../../arm-none-eabi/lib/thumb\libsysbase.a(handle_manager.o)
 .comment       0x00000044       0x23 d:/win7/devkitpro/devkitarm/bin/../lib/gcc/arm-none-eabi/7.1.0/../../../../arm-none-eabi/lib/thumb\libsysbase.a(getreent.o)
 .comment       0x00000044       0x23 d:/win7/devkitpro/devkitarm/bin/../lib/gcc/arm-none-eabi/7.1.0/thumb\libgcc.a(_muldi3.o)
 .comment       0x00000044       0x23 d:/win7/devkitpro/devkitarm/bin/../lib/gcc/arm-none-eabi/7.1.0/thumb\libgcc.a(_udivmoddi4.o)
 .comment       0x00000044       0x23 d:/win7/devkitpro/devkitarm/bin/../lib/gcc/arm-none-eabi/7.1.0/thumb/crtend.o

.ARM.attributes
                0x00000000       0x2d
 .ARM.attributes
                0x00000000       0x21 d:/win7/devkitpro/devkitarm/bin/../lib/gcc/arm-none-eabi/7.1.0/../../../../arm-none-eabi/lib/thumb/ds_arm9_crt0.o
 .ARM.attributes
                0x00000021       0x16 d:/win7/devkitpro/devkitarm/bin/../lib/gcc/arm-none-eabi/7.1.0/thumb/crti.o
 .ARM.attributes
                0x00000037       0x30 d:/win7/devkitpro/devkitarm/bin/../lib/gcc/arm-none-eabi/7.1.0/thumb/crtbegin.o
 .ARM.attributes
                0x00000067       0x27 main.o
 .ARM.attributes
                0x0000008e       0x2b D:/Win7/devkitPro/libnds/lib\libnds9.a(keys.o)
 .ARM.attributes
                0x000000b9       0x2b D:/Win7/devkitPro/libnds/lib\libnds9.a(console.o)
 .ARM.attributes
                0x000000e4       0x2b D:/Win7/devkitPro/libnds/lib\libnds9.a(background.o)
 .ARM.attributes
                0x0000010f       0x2b D:/Win7/devkitPro/libnds/lib\libnds9.a(securearea.o)
 .ARM.attributes
                0x0000013a       0x2b D:/Win7/devkitPro/libnds/lib\libnds9.a(initSystem.o)
 .ARM.attributes
                0x00000165       0x2b D:/Win7/devkitPro/libnds/lib\libnds9.a(fifosystem.o)
 .ARM.attributes
                0x00000190       0x2b D:/Win7/devkitPro/libnds/lib\libnds9.a(libnds_exit.arm.o)
 .ARM.attributes
                0x000001bb       0x2b D:/Win7/devkitPro/libnds/lib\libnds9.a(interrupts.o)
 .ARM.attributes
                0x000001e6       0x21 D:/Win7/devkitPro/libnds/lib\libnds9.a(cpu_clock.o)
 .ARM.attributes
                0x00000207       0x21 D:/Win7/devkitPro/libnds/lib\libnds9.a(IntrWait.o)
 .ARM.attributes
                0x00000228       0x21 D:/Win7/devkitPro/libnds/lib\libnds9.a(mpu_setup.o)
 .ARM.attributes
                0x00000249       0x21 D:/Win7/devkitPro/libnds/lib\libnds9.a(swiSoftReset.o)
 .ARM.attributes
                0x0000026a       0x1b D:/Win7/devkitPro/libnds/lib\libnds9.a(interruptDispatcher.o)
 .ARM.attributes
                0x00000285       0x14 D:/Win7/devkitPro/libnds/lib\libnds9.a(default_font.bin.o)
 .ARM.attributes
                0x00000299       0x2b D:/Win7/devkitPro/libnds/lib\libnds9.a(trig.o)
 .ARM.attributes
                0x000002c4       0x2b D:/Win7/devkitPro/libnds/lib\libnds9.a(system.o)
 .ARM.attributes
                0x000002ef       0x2b D:/Win7/devkitPro/libnds/lib\libnds9.a(video.o)
 .ARM.attributes
                0x0000031a       0x2b D:/Win7/devkitPro/libnds/lib\libnds9.a(timeSupport.o)
 .ARM.attributes
                0x00000345       0x1b D:/Win7/devkitPro/libnds/lib\libnds9.a(biosCalls.o)
 .ARM.attributes
                0x00000360       0x18 d:/win7/devkitpro/devkitarm/bin/../lib/gcc/arm-none-eabi/7.1.0/thumb\libgcc.a(_divsi3.o)
 .ARM.attributes
                0x00000378       0x16 d:/win7/devkitpro/devkitarm/bin/../lib/gcc/arm-none-eabi/7.1.0/thumb\libgcc.a(_dvmd_tls.o)
 .ARM.attributes
                0x0000038e       0x30 d:/win7/devkitpro/devkitarm/bin/../lib/gcc/arm-none-eabi/7.1.0/../../../../arm-none-eabi/lib/thumb\libg.a(lib_a-exit.o)
 .ARM.attributes
                0x000003be       0x30 d:/win7/devkitpro/devkitarm/bin/../lib/gcc/arm-none-eabi/7.1.0/../../../../arm-none-eabi/lib/thumb\libg.a(lib_a-impure.o)
 .ARM.attributes
                0x000003ee       0x30 d:/win7/devkitpro/devkitarm/bin/../lib/gcc/arm-none-eabi/7.1.0/../../../../arm-none-eabi/lib/thumb\libg.a(lib_a-init.o)
 .ARM.attributes
                0x0000041e       0x30 d:/win7/devkitpro/devkitarm/bin/../lib/gcc/arm-none-eabi/7.1.0/../../../../arm-none-eabi/lib/thumb\libg.a(lib_a-iprintf.o)
 .ARM.attributes
                0x0000044e       0x30 d:/win7/devkitpro/devkitarm/bin/../lib/gcc/arm-none-eabi/7.1.0/../../../../arm-none-eabi/lib/thumb\libg.a(lib_a-memcpy-stub.o)
 .ARM.attributes
                0x0000047e       0x30 d:/win7/devkitpro/devkitarm/bin/../lib/gcc/arm-none-eabi/7.1.0/../../../../arm-none-eabi/lib/thumb\libg.a(lib_a-memset.o)
 .ARM.attributes
                0x000004ae       0x30 d:/win7/devkitpro/devkitarm/bin/../lib/gcc/arm-none-eabi/7.1.0/../../../../arm-none-eabi/lib/thumb\libg.a(lib_a-setvbuf.o)
 .ARM.attributes
                0x000004de       0x30 d:/win7/devkitpro/devkitarm/bin/../lib/gcc/arm-none-eabi/7.1.0/../../../../arm-none-eabi/lib/thumb\libg.a(lib_a-siscanf.o)
 .ARM.attributes
                0x0000050e       0x30 d:/win7/devkitpro/devkitarm/bin/../lib/gcc/arm-none-eabi/7.1.0/../../../../arm-none-eabi/lib/thumb\libg.a(lib_a-stdio.o)
 .ARM.attributes
                0x0000053e       0x30 d:/win7/devkitpro/devkitarm/bin/../lib/gcc/arm-none-eabi/7.1.0/../../../../arm-none-eabi/lib/thumb\libg.a(lib_a-strlen-stub.o)
 .ARM.attributes
                0x0000056e       0x30 d:/win7/devkitpro/devkitarm/bin/../lib/gcc/arm-none-eabi/7.1.0/../../../../arm-none-eabi/lib/thumb\libg.a(lib_a-svfiscanf.o)
 .ARM.attributes
                0x0000059e       0x30 d:/win7/devkitpro/devkitarm/bin/../lib/gcc/arm-none-eabi/7.1.0/../../../../arm-none-eabi/lib/thumb\libg.a(lib_a-ungetc.o)
 .ARM.attributes
                0x000005ce       0x30 d:/win7/devkitpro/devkitarm/bin/../lib/gcc/arm-none-eabi/7.1.0/../../../../arm-none-eabi/lib/thumb\libg.a(lib_a-vfiprintf.o)
 .ARM.attributes
                0x000005fe       0x30 d:/win7/devkitpro/devkitarm/bin/../lib/gcc/arm-none-eabi/7.1.0/../../../../arm-none-eabi/lib/thumb\libg.a(lib_a-wcrtomb.o)
 .ARM.attributes
                0x0000062e       0x30 d:/win7/devkitpro/devkitarm/bin/../lib/gcc/arm-none-eabi/7.1.0/../../../../arm-none-eabi/lib/thumb\libg.a(lib_a-wcsrtombs.o)
 .ARM.attributes
                0x0000065e       0x30 d:/win7/devkitpro/devkitarm/bin/../lib/gcc/arm-none-eabi/7.1.0/../../../../arm-none-eabi/lib/thumb\libg.a(lib_a-wsetup.o)
 .ARM.attributes
                0x0000068e       0x30 d:/win7/devkitpro/devkitarm/bin/../lib/gcc/arm-none-eabi/7.1.0/../../../../arm-none-eabi/lib/thumb\libg.a(lib_a-__call_atexit.o)
 .ARM.attributes
                0x000006be       0x30 d:/win7/devkitpro/devkitarm/bin/../lib/gcc/arm-none-eabi/7.1.0/../../../../arm-none-eabi/lib/thumb\libg.a(lib_a-fflush.o)
 .ARM.attributes
                0x000006ee       0x30 d:/win7/devkitpro/devkitarm/bin/../lib/gcc/arm-none-eabi/7.1.0/../../../../arm-none-eabi/lib/thumb\libg.a(lib_a-findfp.o)
 .ARM.attributes
                0x0000071e       0x30 d:/win7/devkitpro/devkitarm/bin/../lib/gcc/arm-none-eabi/7.1.0/../../../../arm-none-eabi/lib/thumb\libg.a(lib_a-freer.o)
 .ARM.attributes
                0x0000074e       0x30 d:/win7/devkitpro/devkitarm/bin/../lib/gcc/arm-none-eabi/7.1.0/../../../../arm-none-eabi/lib/thumb\libg.a(lib_a-fvwrite.o)
 .ARM.attributes
                0x0000077e       0x30 d:/win7/devkitpro/devkitarm/bin/../lib/gcc/arm-none-eabi/7.1.0/../../../../arm-none-eabi/lib/thumb\libg.a(lib_a-fwalk.o)
 .ARM.attributes
                0x000007ae       0x30 d:/win7/devkitpro/devkitarm/bin/../lib/gcc/arm-none-eabi/7.1.0/../../../../arm-none-eabi/lib/thumb\libg.a(lib_a-iswspace.o)
 .ARM.attributes
                0x000007de       0x30 d:/win7/devkitpro/devkitarm/bin/../lib/gcc/arm-none-eabi/7.1.0/../../../../arm-none-eabi/lib/thumb\libg.a(lib_a-jp2uc.o)
 .ARM.attributes
                0x0000080e       0x30 d:/win7/devkitpro/devkitarm/bin/../lib/gcc/arm-none-eabi/7.1.0/../../../../arm-none-eabi/lib/thumb\libg.a(lib_a-localeconv.o)
 .ARM.attributes
                0x0000083e       0x30 d:/win7/devkitpro/devkitarm/bin/../lib/gcc/arm-none-eabi/7.1.0/../../../../arm-none-eabi/lib/thumb\libg.a(lib_a-locale.o)
 .ARM.attributes
                0x0000086e       0x30 d:/win7/devkitpro/devkitarm/bin/../lib/gcc/arm-none-eabi/7.1.0/../../../../arm-none-eabi/lib/thumb\libg.a(lib_a-makebuf.o)
 .ARM.attributes
                0x0000089e       0x30 d:/win7/devkitpro/devkitarm/bin/../lib/gcc/arm-none-eabi/7.1.0/../../../../arm-none-eabi/lib/thumb\libg.a(lib_a-malloc.o)
 .ARM.attributes
                0x000008ce       0x30 d:/win7/devkitpro/devkitarm/bin/../lib/gcc/arm-none-eabi/7.1.0/../../../../arm-none-eabi/lib/thumb\libg.a(lib_a-mallocr.o)
 .ARM.attributes
                0x000008fe       0x30 d:/win7/devkitpro/devkitarm/bin/../lib/gcc/arm-none-eabi/7.1.0/../../../../arm-none-eabi/lib/thumb\libg.a(lib_a-mbrtowc.o)
 .ARM.attributes
                0x0000092e       0x30 d:/win7/devkitpro/devkitarm/bin/../lib/gcc/arm-none-eabi/7.1.0/../../../../arm-none-eabi/lib/thumb\libg.a(lib_a-mbtowc_r.o)
 .ARM.attributes
                0x0000095e       0x30 d:/win7/devkitpro/devkitarm/bin/../lib/gcc/arm-none-eabi/7.1.0/../../../../arm-none-eabi/lib/thumb\libg.a(lib_a-memchr-stub.o)
 .ARM.attributes
                0x0000098e       0x30 d:/win7/devkitpro/devkitarm/bin/../lib/gcc/arm-none-eabi/7.1.0/../../../../arm-none-eabi/lib/thumb\libg.a(lib_a-memmove.o)
 .ARM.attributes
                0x000009be       0x30 d:/win7/devkitpro/devkitarm/bin/../lib/gcc/arm-none-eabi/7.1.0/../../../../arm-none-eabi/lib/thumb\libg.a(lib_a-mlock.o)
 .ARM.attributes
                0x000009ee       0x30 d:/win7/devkitpro/devkitarm/bin/../lib/gcc/arm-none-eabi/7.1.0/../../../../arm-none-eabi/lib/thumb\libg.a(lib_a-reallocr.o)
 .ARM.attributes
                0x00000a1e       0x30 d:/win7/devkitpro/devkitarm/bin/../lib/gcc/arm-none-eabi/7.1.0/../../../../arm-none-eabi/lib/thumb\libg.a(lib_a-sccl.o)
 .ARM.attributes
                0x00000a4e       0x16 d:/win7/devkitpro/devkitarm/bin/../lib/gcc/arm-none-eabi/7.1.0/../../../../arm-none-eabi/lib/thumb\libg.a(lib_a-strcmp.o)
 .ARM.attributes
                0x00000a64       0x30 d:/win7/devkitpro/devkitarm/bin/../lib/gcc/arm-none-eabi/7.1.0/../../../../arm-none-eabi/lib/thumb\libg.a(lib_a-strncpy.o)
 .ARM.attributes
                0x00000a94       0x30 d:/win7/devkitpro/devkitarm/bin/../lib/gcc/arm-none-eabi/7.1.0/../../../../arm-none-eabi/lib/thumb\libg.a(lib_a-strtoll.o)
 .ARM.attributes
                0x00000ac4       0x30 d:/win7/devkitpro/devkitarm/bin/../lib/gcc/arm-none-eabi/7.1.0/../../../../arm-none-eabi/lib/thumb\libg.a(lib_a-strtol.o)
 .ARM.attributes
                0x00000af4       0x30 d:/win7/devkitpro/devkitarm/bin/../lib/gcc/arm-none-eabi/7.1.0/../../../../arm-none-eabi/lib/thumb\libg.a(lib_a-strtoull.o)
 .ARM.attributes
                0x00000b24       0x30 d:/win7/devkitpro/devkitarm/bin/../lib/gcc/arm-none-eabi/7.1.0/../../../../arm-none-eabi/lib/thumb\libg.a(lib_a-strtoul.o)
 .ARM.attributes
                0x00000b54       0x30 d:/win7/devkitpro/devkitarm/bin/../lib/gcc/arm-none-eabi/7.1.0/../../../../arm-none-eabi/lib/thumb\libg.a(lib_a-svfiprintf.o)
 .ARM.attributes
                0x00000b84       0x30 d:/win7/devkitpro/devkitarm/bin/../lib/gcc/arm-none-eabi/7.1.0/../../../../arm-none-eabi/lib/thumb\libg.a(lib_a-wcsnrtombs.o)
 .ARM.attributes
                0x00000bb4       0x30 d:/win7/devkitpro/devkitarm/bin/../lib/gcc/arm-none-eabi/7.1.0/../../../../arm-none-eabi/lib/thumb\libg.a(lib_a-wctomb_r.o)
 .ARM.attributes
                0x00000be4       0x30 d:/win7/devkitpro/devkitarm/bin/../lib/gcc/arm-none-eabi/7.1.0/../../../../arm-none-eabi/lib/thumb\libg.a(lib_a-ctype_.o)
 .ARM.attributes
                0x00000c14       0x30 d:/win7/devkitpro/devkitarm/bin/../lib/gcc/arm-none-eabi/7.1.0/../../../../arm-none-eabi/lib/thumb\libg.a(lib_a-fclose.o)
 .ARM.attributes
                0x00000c44       0x30 d:/win7/devkitpro/devkitarm/bin/../lib/gcc/arm-none-eabi/7.1.0/../../../../arm-none-eabi/lib/thumb\libsysbase.a(iosupport.o)
 .ARM.attributes
                0x00000c74       0x30 d:/win7/devkitpro/devkitarm/bin/../lib/gcc/arm-none-eabi/7.1.0/../../../../arm-none-eabi/lib/thumb\libsysbase.a(close.o)
 .ARM.attributes
                0x00000ca4       0x30 d:/win7/devkitpro/devkitarm/bin/../lib/gcc/arm-none-eabi/7.1.0/../../../../arm-none-eabi/lib/thumb\libsysbase.a(fstat.o)
 .ARM.attributes
                0x00000cd4       0x30 d:/win7/devkitpro/devkitarm/bin/../lib/gcc/arm-none-eabi/7.1.0/../../../../arm-none-eabi/lib/thumb\libsysbase.a(isatty.o)
 .ARM.attributes
                0x00000d04       0x30 d:/win7/devkitpro/devkitarm/bin/../lib/gcc/arm-none-eabi/7.1.0/../../../../arm-none-eabi/lib/thumb\libsysbase.a(lseek.o)
 .ARM.attributes
                0x00000d34       0x30 d:/win7/devkitpro/devkitarm/bin/../lib/gcc/arm-none-eabi/7.1.0/../../../../arm-none-eabi/lib/thumb\libsysbase.a(read.o)
 .ARM.attributes
                0x00000d64       0x30 d:/win7/devkitpro/devkitarm/bin/../lib/gcc/arm-none-eabi/7.1.0/../../../../arm-none-eabi/lib/thumb\libsysbase.a(sbrk.o)
 .ARM.attributes
                0x00000d94       0x30 d:/win7/devkitpro/devkitarm/bin/../lib/gcc/arm-none-eabi/7.1.0/../../../../arm-none-eabi/lib/thumb\libsysbase.a(write.o)
 .ARM.attributes
                0x00000dc4       0x30 d:/win7/devkitpro/devkitarm/bin/../lib/gcc/arm-none-eabi/7.1.0/../../../../arm-none-eabi/lib/thumb\libsysbase.a(_exit.o)
 .ARM.attributes
                0x00000df4       0x30 d:/win7/devkitpro/devkitarm/bin/../lib/gcc/arm-none-eabi/7.1.0/../../../../arm-none-eabi/lib/thumb\libsysbase.a(malloc_vars.o)
 .ARM.attributes
                0x00000e24       0x30 d:/win7/devkitpro/devkitarm/bin/../lib/gcc/arm-none-eabi/7.1.0/../../../../arm-none-eabi/lib/thumb\libsysbase.a(build_argv.o)
 .ARM.attributes
                0x00000e54       0x30 d:/win7/devkitpro/devkitarm/bin/../lib/gcc/arm-none-eabi/7.1.0/../../../../arm-none-eabi/lib/thumb\libsysbase.a(flock.o)
 .ARM.attributes
                0x00000e84       0x30 d:/win7/devkitpro/devkitarm/bin/../lib/gcc/arm-none-eabi/7.1.0/../../../../arm-none-eabi/lib/thumb\libsysbase.a(syscall_support.o)
 .ARM.attributes
                0x00000eb4       0x30 d:/win7/devkitpro/devkitarm/bin/../lib/gcc/arm-none-eabi/7.1.0/../../../../arm-none-eabi/lib/thumb\libsysbase.a(handle_manager.o)
 .ARM.attributes
                0x00000ee4       0x30 d:/win7/devkitpro/devkitarm/bin/../lib/gcc/arm-none-eabi/7.1.0/../../../../arm-none-eabi/lib/thumb\libsysbase.a(getreent.o)
 .ARM.attributes
                0x00000f14       0x18 d:/win7/devkitpro/devkitarm/bin/../lib/gcc/arm-none-eabi/7.1.0/thumb\libgcc.a(_udivsi3.o)
 .ARM.attributes
                0x00000f2c       0x18 d:/win7/devkitpro/devkitarm/bin/../lib/gcc/arm-none-eabi/7.1.0/thumb\libgcc.a(_aeabi_uldivmod.o)
 .ARM.attributes
                0x00000f44       0x30 d:/win7/devkitpro/devkitarm/bin/../lib/gcc/arm-none-eabi/7.1.0/thumb\libgcc.a(_muldi3.o)
 .ARM.attributes
                0x00000f74       0x30 d:/win7/devkitpro/devkitarm/bin/../lib/gcc/arm-none-eabi/7.1.0/thumb\libgcc.a(_udivmoddi4.o)
 .ARM.attributes
                0x00000fa4       0x18 d:/win7/devkitpro/devkitarm/bin/../lib/gcc/arm-none-eabi/7.1.0/thumb\libgcc.a(_clzdi2.o)
 .ARM.attributes
                0x00000fbc       0x18 d:/win7/devkitpro/devkitarm/bin/../lib/gcc/arm-none-eabi/7.1.0/thumb\libgcc.a(_clzsi2.o)
 .ARM.attributes
                0x00000fd4       0x30 d:/win7/devkitpro/devkitarm/bin/../lib/gcc/arm-none-eabi/7.1.0/thumb/crtend.o
 .ARM.attributes
                0x00001004       0x16 d:/win7/devkitpro/devkitarm/bin/../lib/gcc/arm-none-eabi/7.1.0/thumb/crtn.o

.debug
 *(.debug)

.line
 *(.line)

.debug_srcinfo
 *(.debug_srcinfo)

.debug_sfnames
 *(.debug_sfnames)

.debug_aranges  0x00000000      0x570
 *(.debug_aranges)
 .debug_aranges
                0x00000000       0x28 main.o
 .debug_aranges
                0x00000028       0x50 D:/Win7/devkitPro/libnds/lib\libnds9.a(keys.o)
 .debug_aranges
                0x00000078       0x88 D:/Win7/devkitPro/libnds/lib\libnds9.a(console.o)
 .debug_aranges
                0x00000100       0x48 D:/Win7/devkitPro/libnds/lib\libnds9.a(background.o)
 .debug_aranges
                0x00000148       0x18 D:/Win7/devkitPro/libnds/lib\libnds9.a(securearea.o)
 .debug_aranges
                0x00000160       0x20 D:/Win7/devkitPro/libnds/lib\libnds9.a(initSystem.o)
 .debug_aranges
                0x00000180       0xc8 D:/Win7/devkitPro/libnds/lib\libnds9.a(fifosystem.o)
 .debug_aranges
                0x00000248       0x28 D:/Win7/devkitPro/libnds/lib\libnds9.a(libnds_exit.arm.o)
 .debug_aranges
                0x00000270       0x50 D:/Win7/devkitPro/libnds/lib\libnds9.a(interrupts.o)
 .debug_aranges
                0x000002c0       0x20 D:/Win7/devkitPro/libnds/lib\libnds9.a(cpu_clock.o)
 .debug_aranges
                0x000002e0       0x28 D:/Win7/devkitPro/libnds/lib\libnds9.a(IntrWait.o)
 .debug_aranges
                0x00000308       0x30 D:/Win7/devkitPro/libnds/lib\libnds9.a(mpu_setup.o)
 .debug_aranges
                0x00000338       0x20 D:/Win7/devkitPro/libnds/lib\libnds9.a(swiSoftReset.o)
 .debug_aranges
                0x00000358       0x20 D:/Win7/devkitPro/libnds/lib\libnds9.a(interruptDispatcher.o)
 .debug_aranges
                0x00000378       0x60 D:/Win7/devkitPro/libnds/lib\libnds9.a(trig.o)
 .debug_aranges
                0x000003d8       0x68 D:/Win7/devkitPro/libnds/lib\libnds9.a(system.o)
 .debug_aranges
                0x00000440       0x48 D:/Win7/devkitPro/libnds/lib\libnds9.a(video.o)
 .debug_aranges
                0x00000488       0x20 D:/Win7/devkitPro/libnds/lib\libnds9.a(timeSupport.o)
 .debug_aranges
                0x000004a8       0xc8 D:/Win7/devkitPro/libnds/lib\libnds9.a(biosCalls.o)

.debug_pubnames
 *(.debug_pubnames)

.debug_info     0x00000000     0xe5cf
 *(.debug_info)
 .debug_info    0x00000000     0x1f2c main.o
 .debug_info    0x00001f2c      0xd35 D:/Win7/devkitPro/libnds/lib\libnds9.a(keys.o)
 .debug_info    0x00002c61     0x253a D:/Win7/devkitPro/libnds/lib\libnds9.a(console.o)
 .debug_info    0x0000519b     0x1269 D:/Win7/devkitPro/libnds/lib\libnds9.a(background.o)
 .debug_info    0x00006404       0x58 D:/Win7/devkitPro/libnds/lib\libnds9.a(securearea.o)
 .debug_info    0x0000645c     0x1c23 D:/Win7/devkitPro/libnds/lib\libnds9.a(initSystem.o)
 .debug_info    0x0000807f     0x1f7b D:/Win7/devkitPro/libnds/lib\libnds9.a(fifosystem.o)
 .debug_info    0x00009ffa      0xc50 D:/Win7/devkitPro/libnds/lib\libnds9.a(libnds_exit.arm.o)
 .debug_info    0x0000ac4a      0x66d D:/Win7/devkitPro/libnds/lib\libnds9.a(interrupts.o)
 .debug_info    0x0000b2b7       0x26 D:/Win7/devkitPro/libnds/lib\libnds9.a(cpu_clock.o)
 .debug_info    0x0000b2dd       0x22 D:/Win7/devkitPro/libnds/lib\libnds9.a(IntrWait.o)
 .debug_info    0x0000b2ff       0x22 D:/Win7/devkitPro/libnds/lib\libnds9.a(mpu_setup.o)
 .debug_info    0x0000b321       0x26 D:/Win7/devkitPro/libnds/lib\libnds9.a(swiSoftReset.o)
 .debug_info    0x0000b347       0x26 D:/Win7/devkitPro/libnds/lib\libnds9.a(interruptDispatcher.o)
 .debug_info    0x0000b36d      0xdeb D:/Win7/devkitPro/libnds/lib\libnds9.a(trig.o)
 .debug_info    0x0000c158     0x1326 D:/Win7/devkitPro/libnds/lib\libnds9.a(system.o)
 .debug_info    0x0000d47e      0x724 D:/Win7/devkitPro/libnds/lib\libnds9.a(video.o)
 .debug_info    0x0000dba2      0xa0b D:/Win7/devkitPro/libnds/lib\libnds9.a(timeSupport.o)
 .debug_info    0x0000e5ad       0x22 D:/Win7/devkitPro/libnds/lib\libnds9.a(biosCalls.o)

.debug_abbrev   0x00000000     0x28b8
 *(.debug_abbrev)
 .debug_abbrev  0x00000000      0x470 main.o
 .debug_abbrev  0x00000470      0x286 D:/Win7/devkitPro/libnds/lib\libnds9.a(keys.o)
 .debug_abbrev  0x000006f6      0x525 D:/Win7/devkitPro/libnds/lib\libnds9.a(console.o)
 .debug_abbrev  0x00000c1b      0x3ad D:/Win7/devkitPro/libnds/lib\libnds9.a(background.o)
 .debug_abbrev  0x00000fc8       0x45 D:/Win7/devkitPro/libnds/lib\libnds9.a(securearea.o)
 .debug_abbrev  0x0000100d      0x35a D:/Win7/devkitPro/libnds/lib\libnds9.a(initSystem.o)
 .debug_abbrev  0x00001367      0x542 D:/Win7/devkitPro/libnds/lib\libnds9.a(fifosystem.o)
 .debug_abbrev  0x000018a9      0x289 D:/Win7/devkitPro/libnds/lib\libnds9.a(libnds_exit.arm.o)
 .debug_abbrev  0x00001b32      0x28e D:/Win7/devkitPro/libnds/lib\libnds9.a(interrupts.o)
 .debug_abbrev  0x00001dc0       0x14 D:/Win7/devkitPro/libnds/lib\libnds9.a(cpu_clock.o)
 .debug_abbrev  0x00001dd4       0x12 D:/Win7/devkitPro/libnds/lib\libnds9.a(IntrWait.o)
 .debug_abbrev  0x00001de6       0x12 D:/Win7/devkitPro/libnds/lib\libnds9.a(mpu_setup.o)
 .debug_abbrev  0x00001df8       0x14 D:/Win7/devkitPro/libnds/lib\libnds9.a(swiSoftReset.o)
 .debug_abbrev  0x00001e0c       0x14 D:/Win7/devkitPro/libnds/lib\libnds9.a(interruptDispatcher.o)
 .debug_abbrev  0x00001e20      0x323 D:/Win7/devkitPro/libnds/lib\libnds9.a(trig.o)
 .debug_abbrev  0x00002143      0x373 D:/Win7/devkitPro/libnds/lib\libnds9.a(system.o)
 .debug_abbrev  0x000024b6      0x216 D:/Win7/devkitPro/libnds/lib\libnds9.a(video.o)
 .debug_abbrev  0x000026cc      0x1da D:/Win7/devkitPro/libnds/lib\libnds9.a(timeSupport.o)
 .debug_abbrev  0x000028a6       0x12 D:/Win7/devkitPro/libnds/lib\libnds9.a(biosCalls.o)

.debug_line     0x00000000     0x3646
 *(.debug_line)
 .debug_line    0x00000000      0x411 main.o
 .debug_line    0x00000411      0x328 D:/Win7/devkitPro/libnds/lib\libnds9.a(keys.o)
 .debug_line    0x00000739      0x74b D:/Win7/devkitPro/libnds/lib\libnds9.a(console.o)
 .debug_line    0x00000e84      0x3d9 D:/Win7/devkitPro/libnds/lib\libnds9.a(background.o)
 .debug_line    0x0000125d       0x7f D:/Win7/devkitPro/libnds/lib\libnds9.a(securearea.o)
 .debug_line    0x000012dc      0x3a1 D:/Win7/devkitPro/libnds/lib\libnds9.a(initSystem.o)
 .debug_line    0x0000167d      0x8a0 D:/Win7/devkitPro/libnds/lib\libnds9.a(fifosystem.o)
 .debug_line    0x00001f1d      0x2a6 D:/Win7/devkitPro/libnds/lib\libnds9.a(libnds_exit.arm.o)
 .debug_line    0x000021c3      0x2e6 D:/Win7/devkitPro/libnds/lib\libnds9.a(interrupts.o)
 .debug_line    0x000024a9       0xa0 D:/Win7/devkitPro/libnds/lib\libnds9.a(cpu_clock.o)
 .debug_line    0x00002549       0xb4 D:/Win7/devkitPro/libnds/lib\libnds9.a(IntrWait.o)
 .debug_line    0x000025fd      0x12c D:/Win7/devkitPro/libnds/lib\libnds9.a(mpu_setup.o)
 .debug_line    0x00002729       0x99 D:/Win7/devkitPro/libnds/lib\libnds9.a(swiSoftReset.o)
 .debug_line    0x000027c2       0xc9 D:/Win7/devkitPro/libnds/lib\libnds9.a(interruptDispatcher.o)
 .debug_line    0x0000288b      0x3a3 D:/Win7/devkitPro/libnds/lib\libnds9.a(trig.o)
 .debug_line    0x00002c2e      0x3c6 D:/Win7/devkitPro/libnds/lib\libnds9.a(system.o)
 .debug_line    0x00002ff4      0x285 D:/Win7/devkitPro/libnds/lib\libnds9.a(video.o)
 .debug_line    0x00003279      0x1de D:/Win7/devkitPro/libnds/lib\libnds9.a(timeSupport.o)
 .debug_line    0x00003457      0x1ef D:/Win7/devkitPro/libnds/lib\libnds9.a(biosCalls.o)

.debug_frame    0x00000000      0xa04
 *(.debug_frame)
 .debug_frame   0x00000000       0xac main.o
 .debug_frame   0x000000ac       0x8c D:/Win7/devkitPro/libnds/lib\libnds9.a(keys.o)
 .debug_frame   0x00000138      0x1a4 D:/Win7/devkitPro/libnds/lib\libnds9.a(console.o)
 .debug_frame   0x000002dc       0xc0 D:/Win7/devkitPro/libnds/lib\libnds9.a(background.o)
 .debug_frame   0x0000039c       0x28 D:/Win7/devkitPro/libnds/lib\libnds9.a(initSystem.o)
 .debug_frame   0x000003c4      0x2c0 D:/Win7/devkitPro/libnds/lib\libnds9.a(fifosystem.o)
 .debug_frame   0x00000684       0x3c D:/Win7/devkitPro/libnds/lib\libnds9.a(libnds_exit.arm.o)
 .debug_frame   0x000006c0       0xa4 D:/Win7/devkitPro/libnds/lib\libnds9.a(interrupts.o)
 .debug_frame   0x00000764       0xd0 D:/Win7/devkitPro/libnds/lib\libnds9.a(trig.o)
 .debug_frame   0x00000834       0xf8 D:/Win7/devkitPro/libnds/lib\libnds9.a(system.o)
 .debug_frame   0x0000092c       0xb8 D:/Win7/devkitPro/libnds/lib\libnds9.a(video.o)
 .debug_frame   0x000009e4       0x20 D:/Win7/devkitPro/libnds/lib\libnds9.a(timeSupport.o)

.debug_str      0x00000000     0x3bee
 *(.debug_str)
 .debug_str     0x00000000     0x1133 main.o
                               0x12ec (size before relaxing)
 .debug_str     0x00001133      0x250 D:/Win7/devkitPro/libnds/lib\libnds9.a(keys.o)
                                0x894 (size before relaxing)
 .debug_str     0x00001383      0xb3d D:/Win7/devkitPro/libnds/lib\libnds9.a(console.o)
                               0x13e6 (size before relaxing)
 .debug_str     0x00001ec0      0x2c2 D:/Win7/devkitPro/libnds/lib\libnds9.a(background.o)
                                0xbb4 (size before relaxing)
 .debug_str     0x00002182       0x6f D:/Win7/devkitPro/libnds/lib\libnds9.a(securearea.o)
                                0x14d (size before relaxing)
 .debug_str     0x000021f1      0x2ff D:/Win7/devkitPro/libnds/lib\libnds9.a(initSystem.o)
                               0x1222 (size before relaxing)
 .debug_str     0x000024f0      0x5b1 D:/Win7/devkitPro/libnds/lib\libnds9.a(fifosystem.o)
                                0xdad (size before relaxing)
 .debug_str     0x00002aa1      0x1d2 D:/Win7/devkitPro/libnds/lib\libnds9.a(libnds_exit.arm.o)
                                0x865 (size before relaxing)
 .debug_str     0x00002c73       0xa3 D:/Win7/devkitPro/libnds/lib\libnds9.a(interrupts.o)
                                0x4d7 (size before relaxing)
 .debug_str     0x00002d16       0x6a D:/Win7/devkitPro/libnds/lib\libnds9.a(cpu_clock.o)
                                 0xae (size before relaxing)
 .debug_str     0x00002d80       0x5d D:/Win7/devkitPro/libnds/lib\libnds9.a(IntrWait.o)
                                 0xad (size before relaxing)
 .debug_str     0x00002ddd       0x5e D:/Win7/devkitPro/libnds/lib\libnds9.a(mpu_setup.o)
                                 0xae (size before relaxing)
 .debug_str     0x00002e3b       0x5c D:/Win7/devkitPro/libnds/lib\libnds9.a(swiSoftReset.o)
                                 0xac (size before relaxing)
 .debug_str     0x00002e97       0x63 D:/Win7/devkitPro/libnds/lib\libnds9.a(interruptDispatcher.o)
                                 0xb3 (size before relaxing)
 .debug_str     0x00002efa       0xea D:/Win7/devkitPro/libnds/lib\libnds9.a(trig.o)
                                0x701 (size before relaxing)
 .debug_str     0x00002fe4      0x381 D:/Win7/devkitPro/libnds/lib\libnds9.a(system.o)